01-18 14:56:36.107 D/MscSpeechLog(  929): BufferSize:5120
01-18 14:56:36.107 D/MscSpeechLog(  929): MinBufferSize:1536
01-18 14:56:36.107 D/MscSpeechLog(  929): ActualBufferSize:1280
01-18 14:56:36.116 D/MSC_LOG (  929): QISRSessionBegin End
01-18 14:56:36.116 D/MscSpeechLog(  929): QISRSessionBegin end: 0 time:20
01-18 14:56:36.116 D/MSC_LOG (  929): QISRRegisterNotify Begin
01-18 14:56:36.116 D/MSC_LOG (  929): QISRRegisterNotify Findclass
01-18 14:56:36.116 D/MSC_LOG (  929): QISRRegisterNotify GetstaticMethodID
01-18 14:56:36.116 D/MSC_LOG (  929): QISRRegisterNotify Get sessionID
01-18 14:56:36.116 D/MSC_LOG (  929): QISRRegisterNotify start call
01-18 14:56:36.116 D/MSC_LOG (  929): QISRRegisterNotify End
01-18 14:56:36.116 D/MscSpeechLog(  929): curStatus=start,setStatus=recording
01-18 14:56:36.117 D/MscSpeechLog(  929): setStatus success=recording
01-18 14:56:36.119 D/AudioHardwareTiny(  163): Device     : 0xb50b2665
01-18 14:56:36.119 E/MemoryFile(  929): MemoryFile.finalize() called while ashmem still open
01-18 14:56:36.119 D/AudioHardwareTiny(  163): SampleRate : 0
01-18 14:56:36.119 D/AudioHardwareTiny(  163): Channels   : 0
01-18 14:56:36.119 D/AudioHardwareTiny(  163): Formate    : -1257418436
01-18 14:56:36.119 D/AudioHardwareTiny(  163): PreiodSize : 12
01-18 14:56:36.119 E/AudioHardwareTiny(  163): getInputRouteFromDevice:device:80000004
01-18 14:56:36.119 D/alsa_route(  163): route_pcm_open() route 21
01-18 14:56:36.119 D/alsa_route(  163): get_route_config() route 21
01-18 14:56:36.119 D/alsa_route(  163): route_info->sound_card 0, route_info->devices 0  
01-18 14:56:36.119 D/alsa_route(  163): route_pcm_close() route 25
01-18 14:56:36.119 D/alsa_route(  163): route_set_controls() set route 21
01-18 14:56:36.119 D/alsa_route(  163): get_route_config() route 21
01-18 14:56:36.119 D/alsa_route(  163): set_controls() ctls_count 1
01-18 14:56:36.119 D/alsa_route(  163): set_controls() set ctl Capture MIC Path to Main Mic
01-18 14:56:36.119 D/alsa_route(  163): route_pcm_open exit
01-18 14:56:36.119 D/MscSpeechLog(  929): deleteFile
01-18 14:56:36.120 D/MscSpeechLog(  929): class com.iflytek.cloud.thirdparty.bn finalize called
01-18 14:56:36.120 D/MscSpeechLog(  929): class com.iflytek.cloud.thirdparty.bn finalize called
01-18 14:56:36.120 D/MscSpeechLog(  929): deleteFile
01-18 14:56:36.192 D/MSC_LOG (  929): JNI_IsrStatusCB
01-18 14:56:36.192 D/MSC_LOG (  929): JNI_IsrStatusCB AttachCurrentThread
01-18 14:56:36.193 D/MSC_LOG (  929): JNI_IsrStatusCB get sessionID chararray
01-18 14:56:36.193 D/MSC_LOG (  929): JNI_IsrStatusCB get param2 bytearray
01-18 14:56:36.193 D/MSC_LOG (  929): JNI_IsrStatusCB CallVoidMethod
01-18 14:56:36.193 D/MSC_LOG (  929): JNI_IsrStatusCB DetachCurrentThread
01-18 14:56:36.238 D/MSC_LOG (  929): JNI_IsrStatusCB
01-18 14:56:36.238 D/MSC_LOG (  929): JNI_IsrStatusCB AttachCurrentThread
01-18 14:56:36.239 D/MSC_LOG (  929): JNI_IsrStatusCB get sessionID chararray
01-18 14:56:36.239 D/MSC_LOG (  929): JNI_IsrStatusCB get param2 bytearray
01-18 14:56:36.239 D/MSC_LOG (  929): JNI_IsrStatusCB CallVoidMethod
01-18 14:56:36.239 D/MSC_LOG (  929): JNI_IsrStatusCB DetachCurrentThread
01-18 14:56:36.588 D/GPIO    (  929): open gpio device gpioFd = 26
01-18 14:56:36.589 E/VoiceService(  929):   state  : 0
01-18 14:56:36.803 E/TAG     (  929): 读
01-18 14:56:36.804 V/Uart-JNI(  929): read uart len 48, rBuf[0] = 0x55, rBuf[1] = 0xaa
01-18 14:56:36.804 E/VoiceService(  929):   readLength  48   [85, -86, 65, 0, 32, 108, 106, 82, 10, 10, 10, 120, 120, 119, 13, 13, 10, 18, 10, 0, 0, 0, 0, 0, 0, 0, 3, 48, 8, 0, 0, 0, 0, 0, 0, 0, 0, 0, 0, 0, 0, 0, 0, 0, 0, 0, 0, 0]
01-18 14:56:36.805 E/TTTTTTTTTTTTTTTTTTTTTT MODE = (  929): 65    32
01-18 14:56:36.805 E/VoiceService(  929): 冷藏室门  关了
01-18 14:56:36.805 E/VoiceService(  929): 变温门   ================关了
01-18 14:56:36.805 E/VoiceService(  929): 冷冻门   ================关了
01-18 14:56:36.813 E/TAG     (  929): 写
01-18 14:56:36.813 E/VoiceService(  929): sendByte  [85, -86, 4, 0, 0, 0, 10, 10, 10, 0, 0, 0, 0, 0, 0, 0, 0, 0, 0, 0, 0, 0, 0, 33]
01-18 14:56:36.814 V/Uart-JNI(  929): write uart len 24, wBuf[0] = 0x55, wBuf[1] = 0xaa
01-18 14:56:37.089 D/GPIO    (  929): open gpio device gpioFd = 26
01-18 14:56:37.089 E/VoiceService(  929):   state  : 0
01-18 14:56:37.237 D/hwcomposer(  157): Skip 5 layer 
01-18 14:56:37.254 D/hwcomposer(  157): Skip 5 layer 
01-18 14:56:37.590 D/GPIO    (  929): open gpio device gpioFd = 26
01-18 14:56:37.590 E/VoiceService(  929):   state  : 0
01-18 14:56:37.803 E/TAG     (  929): 读
01-18 14:56:37.804 V/Uart-JNI(  929): read uart len 48, rBuf[0] = 0x55, rBuf[1] = 0xaa
01-18 14:56:37.805 E/VoiceService(  929):   readLength  48   [85, -86, 65, 0, 32, 108, 106, 82, 10, 10, 10, 120, 120, 119, 13, 13, 11, 18, 10, 0, 0, 0, 0, 0, 0, 0, 3, 48, 8, 0, 0, 0, 0, 0, 0, 0, 0, 0, 0, 0, 0, 0, 0, 0, 0, 0, 0, 0]
01-18 14:56:37.805 E/TTTTTTTTTTTTTTTTTTTTTT MODE = (  929): 65    32
01-18 14:56:37.805 E/VoiceService(  929): 冷藏室门  关了
01-18 14:56:37.805 E/VoiceService(  929): 变温门   ================关了
01-18 14:56:37.805 E/VoiceService(  929): 冷冻门   ================关了
01-18 14:56:37.814 E/TAG     (  929): 写
01-18 14:56:37.814 E/VoiceService(  929): sendByte  [85, -86, 4, 0, 0, 0, 10, 10, 10, 0, 0, 0, 0, 0, 0, 0, 0, 0, 0, 0, 0, 0, 0, 33]
01-18 14:56:37.817 V/Uart-JNI(  929): write uart len 24, wBuf[0] = 0x55, wBuf[1] = 0xaa
01-18 14:56:38.090 D/GPIO    (  929): open gpio device gpioFd = 26
01-18 14:56:38.091 E/VoiceService(  929):   state  : 0
01-18 14:56:38.476 D/MSC_LOG (  929): JNI_IsrResultCB
01-18 14:56:38.476 D/MSC_LOG (  929): JNI_IsrResultCB AttachCurrentThread
01-18 14:56:38.477 D/MSC_LOG (  929): JNI_IsrResultCB get result chararray
01-18 14:56:38.477 D/MSC_LOG (  929): JNI_IsrResultCB get sessionID chararray
01-18 14:56:38.477 D/MSC_LOG (  929): JNI_IsrResultCB CallVoidMethod
01-18 14:56:38.477 D/MscRecognizer(  929): rsltCb:0result:{"sn":1,"ls":false,"bg":0,"ed":0,"ws":[{"bg":0,"cw":[{"sc":0.00,"w":"好"}]}]}
01-18 14:56:38.477 D/MSC_LOG (  929): JNI_IsrResultCB DetachCurrentThread
01-18 14:56:38.478 D/MscSpeechLog(  929): msc result time:1516258598478
01-18 14:56:38.478 D/VoiceService(  929): {"sn":1,"ls":false,"bg":0,"ed":0,"ws":[{"bg":0,"cw":[{"sc":0.00,"w":"好"}]}]}
01-18 14:56:38.478 E/VoiceService(  929): printResult
01-18 14:56:38.479 E/VoiceService(  929): TAG   printResult 好
01-18 14:56:38.590 D/GPIO    (  929): open gpio device gpioFd = 26
01-18 14:56:38.591 E/VoiceService(  929):   state  : 0
01-18 14:56:38.803 E/TAG     (  929): 读
01-18 14:56:38.804 V/Uart-JNI(  929): read uart len 48, rBuf[0] = 0x55, rBuf[1] = 0xaa
01-18 14:56:38.805 E/VoiceService(  929):   readLength  48   [85, -86, 65, 0, 32, 108, 106, 82, 10, 10, 10, 120, 120, 119, 13, 13, 11, 18, 10, 0, 0, 0, 0, 0, 0, 0, 3, 48, 8, 0, 0, 0, 0, 0, 0, 0, 0, 0, 0, 0, 0, 0, 0, 0, 0, 0, 0, 0]
01-18 14:56:38.805 E/TTTTTTTTTTTTTTTTTTTTTT MODE = (  929): 65    32
01-18 14:56:38.805 E/VoiceService(  929): 冷藏室门  关了
01-18 14:56:38.805 E/VoiceService(  929): 变温门   ================关了
01-18 14:56:38.805 E/VoiceService(  929): 冷冻门   ================关了
01-18 14:56:38.815 E/TAG     (  929): 写
01-18 14:56:38.815 E/VoiceService(  929): sendByte  [85, -86, 4, 0, 0, 0, 10, 10, 10, 0, 0, 0, 0, 0, 0, 0, 0, 0, 0, 0, 0, 0, 0, 33]
01-18 14:56:38.816 V/Uart-JNI(  929): write uart len 24, wBuf[0] = 0x55, wBuf[1] = 0xaa
01-18 14:56:39.084 D/alsa_route(  163): route_pcm_close() route 24
01-18 14:56:39.084 D/alsa_route(  163): route_set_controls() set route 24
01-18 14:56:39.084 D/alsa_route(  163): get_route_config() route 24
01-18 14:56:39.084 D/alsa_route(  163): set_controls() ctls_count 1
01-18 14:56:39.084 D/alsa_route(  163): set_controls() set ctl Playback Path to OFF
01-18 14:56:39.084 D/AudioHardwareTiny(  163): close device
01-18 14:56:39.091 D/GPIO    (  929): open gpio device gpioFd = 26
01-18 14:56:39.091 E/VoiceService(  929):   state  : 0
01-18 14:56:39.592 D/GPIO    (  929): open gpio device gpioFd = 26
01-18 14:56:39.592 E/VoiceService(  929):   state  : 0
01-18 14:56:39.803 E/TAG     (  929): 读
01-18 14:56:39.804 V/Uart-JNI(  929): read uart len 48, rBuf[0] = 0x55, rBuf[1] = 0xaa
01-18 14:56:39.805 E/VoiceService(  929):   readLength  48   [85, -86, 65, 0, 32, 108, 106, 82, 10, 10, 10, 120, 120, 119, 13, 13, 11, 18, 10, 0, 0, 0, 0, 0, 0, 0, 3, 48, 8, 0, 0, 0, 0, 0, 0, 0, 0, 0, 0, 0, 0, 0, 0, 0, 0, 0, 0, 0]
01-18 14:56:39.805 E/TTTTTTTTTTTTTTTTTTTTTT MODE = (  929): 65    32
01-18 14:56:39.805 E/VoiceService(  929): 冷藏室门  关了
01-18 14:56:39.805 E/VoiceService(  929): 变温门   ================关了
01-18 14:56:39.805 E/VoiceService(  929): 冷冻门   ================关了
01-18 14:56:39.816 E/TAG     (  929): 写
01-18 14:56:39.816 E/VoiceService(  929): sendByte  [85, -86, 4, 0, 0, 0, 10, 10, 10, 0, 0, 0, 0, 0, 0, 0, 0, 0, 0, 0, 0, 0, 0, 33]
01-18 14:56:39.817 V/Uart-JNI(  929): write uart len 24, wBuf[0] = 0x55, wBuf[1] = 0xaa
01-18 14:56:40.072 E/WifiStateMachine(  433): WifiStateMachine CMD_START_SCAN source 1000 txSuccessRate=22.50 rxSuccessRate=19.00 targetRoamBSSID=6c:59:40:73:d1:20 RSSI=-36
01-18 14:56:40.074 E/WifiStateMachine(  433): [1,516,258,600,074 ms] noteScanstart no scan source uid 1000
01-18 14:56:40.093 D/GPIO    (  929): open gpio device gpioFd = 26
01-18 14:56:40.093 E/VoiceService(  929):   state  : 0
01-18 14:56:40.254 D/hwcomposer(  157): Skip 5 layer 
01-18 14:56:40.593 D/GPIO    (  929): open gpio device gpioFd = 26
01-18 14:56:40.593 E/VoiceService(  929):   state  : 0
01-18 14:56:40.804 E/TAG     (  929): 读
01-18 14:56:40.805 V/Uart-JNI(  929): read uart len 49, rBuf[0] = 0x55, rBuf[1] = 0xaa
01-18 14:56:40.805 E/VoiceService(  929):   readLength  49   [85, -86, 65, 0, 32, 108, 106, 82, 10, 10, 10, 120, 120, 119, 13, 13, 11, 18, 10, 0, 0, 0, 0, 0, 0, 0, 3, 48, 8, 0, 0, 0, 0, 0, 0, 0, 0, 0, 0, 0, 0, 0, 0, 0, 0, 0, 0, 0]
01-18 14:56:40.805 E/TTTTTTTTTTTTTTTTTTTTTT MODE = (  929): 65    32
01-18 14:56:40.805 E/VoiceService(  929): 冷藏室门  关了
01-18 14:56:40.805 E/VoiceService(  929): 变温门   ================关了
01-18 14:56:40.805 E/VoiceService(  929): 冷冻门   ================关了
01-18 14:56:40.816 E/TAG     (  929): 写
01-18 14:56:40.817 E/VoiceService(  929): sendByte  [85, -86, 4, 0, 0, 0, 10, 10, 10, 0, 0, 0, 0, 0, 0, 0, 0, 0, 0, 0, 0, 0, 0, 33]
01-18 14:56:40.818 V/Uart-JNI(  929): write uart len 24, wBuf[0] = 0x55, wBuf[1] = 0xaa
01-18 14:56:40.967 D/MSC_LOG (  929): JNI_IsrResultCB
01-18 14:56:40.967 D/MSC_LOG (  929): JNI_IsrResultCB AttachCurrentThread
01-18 14:56:40.968 E/WifiStateMachine(  433): [1,516,258,600,968 ms] noteScanEnd WorkSource{1000} onTime=0
01-18 14:56:40.968 D/MSC_LOG (  929): JNI_IsrResultCB get result chararray
01-18 14:56:40.968 D/MSC_LOG (  929): JNI_IsrResultCB get sessionID chararray
01-18 14:56:40.968 D/MSC_LOG (  929): JNI_IsrResultCB CallVoidMethod
01-18 14:56:40.968 D/MscRecognizer(  929): rsltCb:0result:{"sn":2,"ls":false,"bg":0,"ed":0,"ws":[{"bg":0,"cw":[{"sc":0.00,"w":"，"}]},{"bg":0,"cw":[{"sc":0.00,"w":"i"}]}]}
01-18 14:56:40.968 D/MSC_LOG (  929): JNI_IsrResultCB DetachCurrentThread
01-18 14:56:40.969 D/MscSpeechLog(  929): msc result time:1516258600969
01-18 14:56:40.969 D/VoiceService(  929): {"sn":2,"ls":false,"bg":0,"ed":0,"ws":[{"bg":0,"cw":[{"sc":0.00,"w":"，"}]},{"bg":0,"cw":[{"sc":0.00,"w":"i"}]}]}
01-18 14:56:40.969 E/VoiceService(  929): printResult
01-18 14:56:40.970 E/VoiceService(  929): TAG   printResult 好，i
01-18 14:56:40.977 E/WifiStateMachine(  433): wifi setScanResults statecom.android.server.wifi.WifiStateMachine$ConnectedState@3b90c568 sup_state=COMPLETED debouncing=false mConnectionRequests=1 selection=<none>
01-18 14:56:41.042 D/hwcomposer(  157): Skip 5 layer 
01-18 14:56:41.059 D/hwcomposer(  157): Skip 5 layer 
01-18 14:56:41.093 D/GPIO    (  929): open gpio device gpioFd = 26
01-18 14:56:41.093 E/VoiceService(  929):   state  : 0
01-18 14:56:41.594 D/GPIO    (  929): open gpio device gpioFd = 26
01-18 14:56:41.594 E/VoiceService(  929):   state  : 0
01-18 14:56:41.804 E/TAG     (  929): 读
01-18 14:56:41.805 V/Uart-JNI(  929): read uart len 48, rBuf[0] = 0x55, rBuf[1] = 0xaa
01-18 14:56:41.805 E/VoiceService(  929):   readLength  48   [85, -86, 65, 0, 32, 108, 106, 82, 10, 10, 10, 120, 120, 119, 13, 13, 11, 18, 10, 0, 0, 0, 0, 0, 0, 0, 3, 48, 8, 0, 0, 0, 0, 0, 0, 0, 0, 0, 0, 0, 0, 0, 0, 0, 0, 0, 0, 1]
01-18 14:56:41.806 E/TTTTTTTTTTTTTTTTTTTTTT MODE = (  929): 65    32
01-18 14:56:41.806 E/VoiceService(  929): 冷藏室门  关了
01-18 14:56:41.806 E/VoiceService(  929): 变温门   ================关了
01-18 14:56:41.806 E/VoiceService(  929): 冷冻门   ================关了
01-18 14:56:41.817 E/TAG     (  929): 写
01-18 14:56:41.818 E/VoiceService(  929): sendByte  [85, -86, 4, 0, 0, 0, 10, 10, 10, 0, 0, 0, 0, 0, 0, 0, 0, 0, 0, 0, 0, 0, 0, 33]
01-18 14:56:41.818 V/Uart-JNI(  929): write uart len 24, wBuf[0] = 0x55, wBuf[1] = 0xaa
01-18 14:56:42.094 D/GPIO    (  929): open gpio device gpioFd = 26
01-18 14:56:42.094 E/VoiceService(  929):   state  : 0
01-18 14:56:42.595 D/GPIO    (  929): open gpio device gpioFd = 26
01-18 14:56:42.595 E/VoiceService(  929):   state  : 0
01-18 14:56:42.771 D/MSC_LOG (  929): JNI_IsrResultCB
01-18 14:56:42.771 D/MSC_LOG (  929): JNI_IsrResultCB AttachCurrentThread
01-18 14:56:42.772 D/MSC_LOG (  929): JNI_IsrResultCB get result chararray
01-18 14:56:42.772 D/MSC_LOG (  929): JNI_IsrResultCB get sessionID chararray
01-18 14:56:42.772 D/MSC_LOG (  929): JNI_IsrResultCB CallVoidMethod
01-18 14:56:42.772 D/MscRecognizer(  929): rsltCb:0result:{"sn":3,"ls":false,"bg":0,"ed":0,"ws":[{"bg":0,"cw":[{"sc":0.00,"w":""}]}]}
01-18 14:56:42.772 D/MSC_LOG (  929): JNI_IsrResultCB DetachCurrentThread
01-18 14:56:42.773 D/MscSpeechLog(  929): msc result time:1516258602773
01-18 14:56:42.773 D/VoiceService(  929): {"sn":3,"ls":false,"bg":0,"ed":0,"ws":[{"bg":0,"cw":[{"sc":0.00,"w":""}]}]}
01-18 14:56:42.773 E/VoiceService(  929): printResult
01-18 14:56:42.774 E/VoiceService(  929): TAG   printResult 好，i
01-18 14:56:42.804 E/TAG     (  929): 读
01-18 14:56:42.806 V/Uart-JNI(  929): read uart len 48, rBuf[0] = 0x55, rBuf[1] = 0xaa
01-18 14:56:42.806 E/VoiceService(  929):   readLength  48   [85, -86, 65, 0, 32, 108, 106, 82, 10, 10, 10, 120, 120, 119, 13, 13, 10, 18, 10, 0, 0, 0, 0, 0, 0, 0, 3, 48, 8, 0, 0, 0, 0, 0, 0, 0, 0, 0, 0, 0, 0, 0, 0, 0, 0, 0, 0, 0]
01-18 14:56:42.806 E/TTTTTTTTTTTTTTTTTTTTTT MODE = (  929): 65    32
01-18 14:56:42.806 E/VoiceService(  929): 冷藏室门  关了
01-18 14:56:42.806 E/VoiceService(  929): 变温门   ================关了
01-18 14:56:42.806 E/VoiceService(  929): 冷冻门   ================关了
01-18 14:56:42.818 E/TAG     (  929): 写
01-18 14:56:42.818 E/VoiceService(  929): sendByte  [85, -86, 4, 0, 0, 0, 10, 10, 10, 0, 0, 0, 0, 0, 0, 0, 0, 0, 0, 0, 0, 0, 0, 33]
01-18 14:56:42.819 V/Uart-JNI(  929): write uart len 24, wBuf[0] = 0x55, wBuf[1] = 0xaa
01-18 14:56:43.095 D/GPIO    (  929): open gpio device gpioFd = 26
01-18 14:56:43.095 E/VoiceService(  929):   state  : 0
01-18 14:56:43.253 D/hwcomposer(  157): Skip 5 layer 
01-18 14:56:43.270 D/hwcomposer(  157): Skip 5 layer 
01-18 14:56:43.596 D/GPIO    (  929): open gpio device gpioFd = 26
01-18 14:56:43.596 E/VoiceService(  929):   state  : 0
01-18 14:56:43.633 D/MSC_LOG (  929): JNI_IsrResultCB
01-18 14:56:43.633 D/MSC_LOG (  929): JNI_IsrResultCB AttachCurrentThread
01-18 14:56:43.634 D/MSC_LOG (  929): JNI_IsrResultCB get result chararray
01-18 14:56:43.634 D/MSC_LOG (  929): JNI_IsrResultCB get sessionID chararray
01-18 14:56:43.634 D/MSC_LOG (  929): JNI_IsrResultCB CallVoidMethod
01-18 14:56:43.634 D/MscRecognizer(  929): rsltCb:0result:{"sn":4,"ls":false,"bg":0,"ed":0,"ws":[{"bg":0,"cw":[{"sc":0.00,"w":""}]}]}
01-18 14:56:43.634 D/MSC_LOG (  929): JNI_IsrResultCB DetachCurrentThread
01-18 14:56:43.634 D/MscSpeechLog(  929): msc result time:1516258603634
01-18 14:56:43.634 D/VoiceService(  929): {"sn":4,"ls":false,"bg":0,"ed":0,"ws":[{"bg":0,"cw":[{"sc":0.00,"w":""}]}]}
01-18 14:56:43.634 E/VoiceService(  929): printResult
01-18 14:56:43.635 E/VoiceService(  929): TAG   printResult 好，i
01-18 14:56:43.804 E/TAG     (  929): 读
01-18 14:56:43.805 V/Uart-JNI(  929): read uart len 48, rBuf[0] = 0x55, rBuf[1] = 0xaa
01-18 14:56:43.806 E/VoiceService(  929):   readLength  48   [85, -86, 65, 0, 32, 108, 106, 82, 10, 10, 10, 120, 120, 119, 13, 13, 11, 18, 10, 0, 0, 0, 0, 0, 0, 0, 3, 48, 8, 0, 0, 0, 0, 0, 0, 0, 0, 0, 0, 0, 0, 0, 0, 0, 0, 0, 0, 0]
01-18 14:56:43.806 E/TTTTTTTTTTTTTTTTTTTTTT MODE = (  929): 65    32
01-18 14:56:43.806 E/VoiceService(  929): 冷藏室门  关了
01-18 14:56:43.806 E/VoiceService(  929): 变温门   ================关了
01-18 14:56:43.806 E/VoiceService(  929): 冷冻门   ================关了
01-18 14:56:43.818 E/TAG     (  929): 写
01-18 14:56:43.819 E/VoiceService(  929): sendByte  [85, -86, 4, 0, 0, 0, 10, 10, 10, 0, 0, 0, 0, 0, 0, 0, 0, 0, 0, 0, 0, 0, 0, 33]
01-18 14:56:43.820 V/Uart-JNI(  929): write uart len 24, wBuf[0] = 0x55, wBuf[1] = 0xaa
01-18 14:56:44.096 D/GPIO    (  929): open gpio device gpioFd = 26
01-18 14:56:44.096 E/VoiceService(  929):   state  : 0
01-18 14:56:44.281 D/MSC_LOG (  929): JNI_IsrStatusCB
01-18 14:56:44.281 D/MSC_LOG (  929): JNI_IsrStatusCB AttachCurrentThread
01-18 14:56:44.282 D/MSC_LOG (  929): JNI_IsrStatusCB get sessionID chararray
01-18 14:56:44.282 D/MSC_LOG (  929): JNI_IsrStatusCB get param2 bytearray
01-18 14:56:44.282 D/MSC_LOG (  929): JNI_IsrStatusCB CallVoidMethod
01-18 14:56:44.282 D/MscRecognizer(  929): stusCb:3,type:0
01-18 14:56:44.282 D/MscSpeechLog(  929): Msc recognize vadEndCall
01-18 14:56:44.282 E/VoiceService(  929): 结束说话
01-18 14:56:44.282 D/MscSpeechLog(  929): stopRecognize, current status is :recording usercancel : false
01-18 14:56:44.283 D/MscSpeechLog(  929): stop record
01-18 14:56:44.283 D/MscSpeechLog(  929): curStatus=recording,setStatus=waitresult
01-18 14:56:44.283 D/MscSpeechLog(  929): setStatus success=waitresult
01-18 14:56:44.283 D/MSC_LOG (  929): JNI_IsrStatusCB DetachCurrentThread
01-18 14:56:44.283 D/MscSpeechLog(  929): recording stop
01-18 14:56:44.283 D/MscSpeechLog(  929): IsrSession pushEndFlag
01-18 14:56:44.292 D/MSC_LOG (  929): JNI_IsrResultCB
01-18 14:56:44.292 D/MSC_LOG (  929): JNI_IsrResultCB AttachCurrentThread
01-18 14:56:44.293 D/MSC_LOG (  929): JNI_IsrResultCB get result chararray
01-18 14:56:44.293 D/MSC_LOG (  929): JNI_IsrResultCB get sessionID chararray
01-18 14:56:44.293 D/MSC_LOG (  929): JNI_IsrResultCB CallVoidMethod
01-18 14:56:44.294 D/MscSpeechLog(  929): release record begin
01-18 14:56:44.294 D/MscRecognizer(  929): rsltCb:5result:{"sn":5,"ls":true,"bg":0,"ed":0,"ws":[{"bg":0,"cw":[{"sc":0.00,"w":"。"}]}]}
01-18 14:56:44.295 D/MSC_LOG (  929): JNI_IsrResultCB DetachCurrentThread
01-18 14:56:44.306 I/MediaFocusControl(  433):  AudioFocus  abandonAudioFocus() from android.media.AudioManager@20b6fd1b
01-18 14:56:44.306 D/MscSpeechLog(  929): msc result time:1516258604306
01-18 14:56:44.306 D/VoiceService(  929): {"sn":5,"ls":true,"bg":0,"ed":0,"ws":[{"bg":0,"cw":[{"sc":0.00,"w":"。"}]}]}
01-18 14:56:44.306 E/VoiceService(  929): printResult
01-18 14:56:44.307 D/MscSpeechLog(  929): DC getEnable enter.
01-18 14:56:44.307 D/MscSpeechLog(  929): DC getEnable static value=true
01-18 14:56:44.307 D/MscSpeechLog(  929): getMscParameter enter key=idc
01-18 14:56:44.307 E/VoiceService(  929): TAG   printResult 好，i。
01-18 14:56:44.307 D/MscSpeechLog(  929): getMscParameter value=gz
01-18 14:56:44.307 D/MscSpeechLog(  929): getMscParameter leave
01-18 14:56:44.307 E/VoiceService(  929): msg    好，i。
01-18 14:56:44.307 D/MscSpeechLog(  929): DC getEnable msc val=gz
01-18 14:56:44.307 D/MscSpeechLog(  929): DC getEnable value=false
01-18 14:56:44.307 D/MscSpeechLog(  929): DC getEnable leave.
01-18 14:56:44.307 D/MscSpeechLog(  929): curStatus=waitresult,setStatus=exiting
01-18 14:56:44.307 D/MscSpeechLog(  929): setStatus success=exiting
01-18 14:56:44.308 D/MscSpeechLog(  929): onSessionEnd
01-18 14:56:44.309 D/MSC_LOG (  929): QISRSetParam Begin
01-18 14:56:44.309 D/MSC_LOG (  929): QISRSetParam End
01-18 14:56:44.309 E/VoiceService(  929):   sendMsg   [85, -86, 65, 0, 32, 108, 106, 82, 10, 10, 10, 120, 120, 119, 13, 13, 11, 18, 10, 0, 0, 0, 0, 0, 0, 0, 3, 48, 8, 0, 0, 0, 0, 0, 0, 0, 0, 0, 0, 0, 0, 0, 0, 0, 0, 0, 0, 0]   currentVolume   11   maxVolume   15
01-18 14:56:44.309 D/MscSpeechLog(  929): sessionEnd enter 
01-18 14:56:44.309 D/MSC_LOG (  929): QISRSessionEnd Begin
01-18 14:56:44.319 D/MscSpeechLog(  929): release record over
01-18 14:56:44.322 D/MSC_LOG (  929): QISRSessionEnd End
01-18 14:56:44.322 D/MSC_LOG (  929): DeleteGlobalRef g_isrCbData.m_obj
01-18 14:56:44.322 D/MscSpeechLog(  929): sessionEnd leavel:true time:13
01-18 14:56:44.322 D/MscSpeechLog(  929): curStatus=exiting,setStatus=exited
01-18 14:56:44.322 D/MscSpeechLog(  929): setStatus success=exited
01-18 14:56:44.322 D/MscSpeechLog(  929): clear all message
01-18 14:56:44.323 D/MscSpeechLog(  929): RecognizerListener#onEnd
01-18 14:56:44.323 D/MscSpeechLog(  929): clear all message
01-18 14:56:44.323 D/MscSpeechLog(  929): quit current Msc Handler thread
01-18 14:56:44.323 D/alsa_route(  163): route_pcm_close() route 25
01-18 14:56:44.323 D/alsa_route(  163): route_set_controls() set route 25
01-18 14:56:44.323 D/alsa_route(  163): get_route_config() route 25
01-18 14:56:44.323 D/alsa_route(  163): set_controls() ctls_count 1
01-18 14:56:44.323 D/alsa_route(  163): set_controls() set ctl Capture MIC Path to MIC OFF
01-18 14:56:44.597 D/GPIO    (  929): open gpio device gpioFd = 26
01-18 14:56:44.597 E/VoiceService(  929):   state  : 0
01-18 14:56:44.805 E/TAG     (  929): 读
01-18 14:56:44.806 V/Uart-JNI(  929): read uart len 48, rBuf[0] = 0x55, rBuf[1] = 0xaa
01-18 14:56:44.806 E/VoiceService(  929):   readLength  48   [85, -86, 65, 0, 32, 108, 106, 82, 10, 10, 10, 120, 120, 119, 13, 13, 11, 18, 10, 0, 0, 0, 0, 0, 0, 0, 3, 48, 8, 0, 0, 0, 0, 0, 0, 0, 0, 0, 0, 0, 0, 0, 0, 0, 0, 0, 0, 0]
01-18 14:56:44.806 E/TTTTTTTTTTTTTTTTTTTTTT MODE = (  929): 65    32
01-18 14:56:44.807 E/VoiceService(  929): 冷藏室门  关了
01-18 14:56:44.807 E/VoiceService(  929): 变温门   ================关了
01-18 14:56:44.807 E/VoiceService(  929): 冷冻门   ================关了
01-18 14:56:44.819 E/TAG     (  929): 写
01-18 14:56:44.820 E/VoiceService(  929): sendByte  [85, -86, 4, 0, 0, 0, 10, 10, 10, 0, 0, 0, 0, 0, 0, 0, 0, 0, 0, 0, 0, 0, 0, 33]
01-18 14:56:44.821 V/Uart-JNI(  929): write uart len 24, wBuf[0] = 0x55, wBuf[1] = 0xaa
01-18 14:56:45.097 D/GPIO    (  929): open gpio device gpioFd = 26
01-18 14:56:45.098 E/VoiceService(  929):   state  : 0
01-18 14:56:45.598 D/GPIO    (  929): open gpio device gpioFd = 26
01-18 14:56:45.599 E/VoiceService(  929):   state  : 0
01-18 14:56:45.805 E/TAG     (  929): 读
01-18 14:56:45.807 V/Uart-JNI(  929): read uart len 48, rBuf[0] = 0x55, rBuf[1] = 0xaa
01-18 14:56:45.807 E/VoiceService(  929):   readLength  48   [85, -86, 65, 0, 32, 108, 106, 82, 10, 10, 10, 120, 120, 119, 13, 13, 11, 18, 10, 0, 0, 0, 0, 0, 0, 0, 3, 48, 8, 0, 0, 0, 0, 0, 0, 0, 0, 0, 0, 0, 0, 0, 0, 0, 0, 0, 0, 0]
01-18 14:56:45.807 E/TTTTTTTTTTTTTTTTTTTTTT MODE = (  929): 65    32
01-18 14:56:45.807 E/VoiceService(  929): 冷藏室门  关了
01-18 14:56:45.807 E/VoiceService(  929): 变温门   ================关了
01-18 14:56:45.807 E/VoiceService(  929): 冷冻门   ================关了
01-18 14:56:45.821 E/TAG     (  929): 写
01-18 14:56:45.821 E/VoiceService(  929): sendByte  [85, -86, 4, 0, 0, 0, 10, 10, 10, 0, 0, 0, 0, 0, 0, 0, 0, 0, 0, 0, 0, 0, 0, 33]
01-18 14:56:45.822 V/Uart-JNI(  929): write uart len 24, wBuf[0] = 0x55, wBuf[1] = 0xaa
01-18 14:56:45.978 D/hwcomposer(  157): Skip 5 layer 
01-18 14:56:46.100 D/GPIO    (  929): open gpio device gpioFd = 26
01-18 14:56:46.100 E/VoiceService(  929):   state  : 0
01-18 14:56:46.253 E/VoiceService(  929): onSuccess{"text":"指CPU。 Core  i 3和 i 5系列处理器的差别只在睿频加速和处理器主频上,其余包括制程、核心数、超线程、集成显卡以及TDP功耗都基本是一样的。","details":"","volume":0,"data":null,"time_start":0,"code":1,"type":0,"msg":"操作完成","url":""}
01-18 14:56:46.261 D/MscSpeechLog(  929): stop all current session in new session
01-18 14:56:46.261 D/MscSpeechLog(  929): isSpeaking enter
01-18 14:56:46.261 D/MscSpeechLog(  929): isSpeaking leave
01-18 14:56:46.261 D/MscSpeechLog(  929): startSpeaking enter
01-18 14:56:46.261 D/MscSpeechLog(  929): new Session Start
01-18 14:56:46.261 D/MscSpeechLog(  929): tts start:1516258606261
01-18 14:56:46.264 D/MscSpeechLog(  929): DC create enter.
01-18 14:56:46.264 D/MscSpeechLog(  929): DC resetAllValues enter.
01-18 14:56:46.264 D/MscSpeechLog(  929): DC resetAllValues leave.
01-18 14:56:46.264 D/MscSpeechLog(  929): DC create leave.
01-18 14:56:46.265 D/MscSpeechLog(  929): min audio seconds: 77, max audio buf size: 4384000
01-18 14:56:46.265 D/MscSpeechLog(  929): minPlaySec:0
01-18 14:56:46.265 D/MscSpeechLog(  929): curStatus=init,setStatus=start
01-18 14:56:46.265 D/MscSpeechLog(  929): setStatus success=start
01-18 14:56:46.265 D/MscSpeechLog(  929): startSpeaking leave
01-18 14:56:46.265 D/MscSpeechLog(  929): tts msg start:1516258606265
01-18 14:56:46.269 D/hwcomposer(  157): Skip 5 layer 
01-18 14:56:46.279 D/MSC_LOG (  929): QMSPGetVersion Begin
01-18 14:56:46.279 D/MSC_LOG (  929): QMSPGetVersion End
01-18 14:56:46.280 D/MscSpeechLog(  929): QTTSSessionBegin enter
01-18 14:56:46.280 D/MSC_LOG (  929): QTTSSessionBegin Begin
01-18 14:56:46.287 D/hwcomposer(  157): Skip 5 layer 
01-18 14:56:46.304 D/MSC_LOG (  929): QTTSSessionBegin End
01-18 14:56:46.304 D/MscSpeechLog(  929): QTTSSessionBegin leave:24 ErrorCode:0
01-18 14:56:46.304 D/MscSpeechLog(  929): QTTSTextPut enter
01-18 14:56:46.304 D/MSC_LOG (  929): QTTSTextPut Begin
01-18 14:56:46.305 D/MSC_LOG (  929): QTTSTextPut End
01-18 14:56:46.305 D/MscSpeechLog(  929): QTTSTextPut leavel:0
01-18 14:56:46.305 D/MscSpeechLog(  929): curStatus=start,setStatus=waitresult
01-18 14:56:46.305 D/MscSpeechLog(  929): setStatus success=waitresult
01-18 14:56:46.600 D/GPIO    (  929): open gpio device gpioFd = 26
01-18 14:56:46.600 E/VoiceService(  929):   state  : 0
01-18 14:56:46.602 D/PcmPlayer(  929): play mPlaytate= 0,mAudioFocus= true
01-18 14:56:46.603 D/MscSpeechLog(  929): tts-onSpeakBegin
01-18 14:56:46.603 E/VoiceService(  929): 开始播放
01-18 14:56:46.604 D/PcmPlayer(  929): start player
01-18 14:56:46.604 D/PcmPlayer(  929): mAudioFocus= true
01-18 14:56:46.605 I/MediaFocusControl(  433):  AudioFocus  requestAudioFocus() from android.media.AudioManager@20b6fd1bcom.iflytek.cloud.record.c$1@7c7036d req=2flags=0x0
01-18 14:56:46.606 D/PcmPlayer(  929): prepAudioPlayer || audiotrack is null or stream type is change.
01-18 14:56:46.606 D/PcmPlayer(  929): createAudio start
01-18 14:56:46.608 D/PcmPlayer(  929): createAudio || mStreamType = 3, buffer size: 3714
01-18 14:56:46.610 I/AudioTrack(  929): minFrameCount: 1857, afFrameCount=1024, minBufCount=5, sampleRate=16000, afSampleRate=44100, afLatency=115
01-18 14:56:46.614 D/PcmPlayer(  929): createAudio end
01-18 14:56:46.614 D/MscSpeechLog(  929): tts-onSpeakProgress percent: 0, begpos: 0, endpos: 3
01-18 14:56:46.617 D/MscSpeechLog(  929): readAudio leave, dataSize=16000, bufLen=55680
01-18 14:56:46.628 D/AudioHardwareTiny(  163): start_output_stream
01-18 14:56:46.629 D/alsa_route(  163): route_pcm_open() route 0
01-18 14:56:46.629 D/alsa_route(  163): get_route_config() route 0
01-18 14:56:46.629 D/alsa_route(  163): route_info->sound_card 0, route_info->devices 0  
01-18 14:56:46.629 D/alsa_route(  163): route_pcm_close() route 24
01-18 14:56:46.629 D/alsa_route(  163): route_set_controls() set route 0
01-18 14:56:46.629 D/alsa_route(  163): get_route_config() route 0
01-18 14:56:46.629 D/alsa_route(  163): set_controls() ctls_count 1
01-18 14:56:46.652 D/alsa_route(  163): set_controls() set ctl Playback Path to SPK
01-18 14:56:46.652 D/alsa_route(  163): route_pcm_open exit
01-18 14:56:46.805 E/TAG     (  929): 读
01-18 14:56:46.806 V/Uart-JNI(  929): read uart len 48, rBuf[0] = 0x55, rBuf[1] = 0xaa
01-18 14:56:46.807 E/VoiceService(  929):   readLength  48   [85, -86, 65, 0, 32, 108, 106, 82, 10, 10, 10, 120, 120, 119, 13, 13, 11, 18, 10, 0, 0, 0, 0, 0, 0, 0, 3, 48, 8, 0, 0, 0, 0, 0, 0, 0, 0, 0, 0, 0, 0, 0, 0, 0, 0, 0, 0, 0]
01-18 14:56:46.807 E/TTTTTTTTTTTTTTTTTTTTTT MODE = (  929): 65    32
01-18 14:56:46.807 E/VoiceService(  929): 冷藏室门  关了
01-18 14:56:46.807 E/VoiceService(  929): 变温门   ================关了
01-18 14:56:46.807 E/VoiceService(  929): 冷冻门   ================关了
01-18 14:56:46.821 E/TAG     (  929): 写
01-18 14:56:46.821 E/VoiceService(  929): sendByte  [85, -86, 4, 0, 0, 0, 10, 10, 10, 0, 0, 0, 0, 0, 0, 0, 0, 0, 0, 0, 0, 0, 0, 33]
01-18 14:56:46.822 V/Uart-JNI(  929): write uart len 24, wBuf[0] = 0x55, wBuf[1] = 0xaa
01-18 14:56:46.866 I/NINE    (  433): MSG_USER_ACTIVITY_TIMEOUT_PROTECT
01-18 14:56:46.866 I/NINE    (  433): send action_power_protect_screen
01-18 14:56:46.866 W/ContextImpl(  433): Calling a method in the system process without a qualified user: android.app.ContextImpl.sendBroadcast:1344 com.android.server.power.PowerManagerService.handleprotectScreen:2000 com.android.server.power.PowerManagerService.access$3100:96 com.android.server.power.PowerManagerService$PowerManagerHandler.handleMessage:2894 android.os.Handler.dispatchMessage:102 
01-18 14:56:46.867 I/NINE    (  433): action_power_protect_screen
01-18 14:56:46.899 D/MscSpeechLog(  929): readAudio leave, dataSize=16000, bufLen=93440
01-18 14:56:46.972 D/hwcomposer(  157): Skip 5 layer 
01-18 14:56:47.101 D/GPIO    (  929): open gpio device gpioFd = 26
01-18 14:56:47.101 E/VoiceService(  929):   state  : 0
01-18 14:56:47.456 D/MscSpeechLog(  929): readAudio leave, dataSize=16000, bufLen=266880
01-18 14:56:47.602 D/GPIO    (  929): open gpio device gpioFd = 26
01-18 14:56:47.602 E/VoiceService(  929):   state  : 0
01-18 14:56:47.659 D/MscSpeechLog(  929): tts msc get last audio
01-18 14:56:47.660 D/MscSpeechLog(  929): DC getEnable enter.
01-18 14:56:47.660 D/MscSpeechLog(  929): DC getEnable static value=true
01-18 14:56:47.660 D/MscSpeechLog(  929): getMscParameter enter key=idc
01-18 14:56:47.660 D/MscSpeechLog(  929): getMscParameter value=gz
01-18 14:56:47.660 D/MscSpeechLog(  929): getMscParameter leave
01-18 14:56:47.660 D/MscSpeechLog(  929): DC getEnable msc val=gz
01-18 14:56:47.661 D/MscSpeechLog(  929): DC getEnable value=false
01-18 14:56:47.661 D/MscSpeechLog(  929): DC getEnable leave.
01-18 14:56:47.661 D/MscSpeechLog(  929): curStatus=waitresult,setStatus=exiting
01-18 14:56:47.661 D/MscSpeechLog(  929): setStatus success=exiting
01-18 14:56:47.661 D/MscSpeechLog(  929): QTTSSessionEnd enter
01-18 14:56:47.661 D/MSC_LOG (  929): QTTSSessionEnd Begin
01-18 14:56:47.673 D/MSC_LOG (  929): QTTSSessionEnd End
01-18 14:56:47.673 D/MscSpeechLog(  929): QTTSSessionEnd leavel:0
01-18 14:56:47.673 D/MscSpeechLog(  929): curStatus=exiting,setStatus=exited
01-18 14:56:47.673 D/MscSpeechLog(  929): setStatus success=exited
01-18 14:56:47.673 D/MscSpeechLog(  929): clear all message
01-18 14:56:47.673 D/MscSpeechLog(  929): MscSynthesizer#onEnd
01-18 14:56:47.674 D/MscSpeechLog(  929): save to local: format = wav totalSize = 568320 maxSize=4384000
01-18 14:56:47.689 D/MscSpeechLog(  929): onCompleted NextSession pause
01-18 14:56:47.689 D/MscSpeechLog(  929): clear all message
01-18 14:56:47.690 D/MscSpeechLog(  929): quit current Msc Handler thread
01-18 14:56:47.805 E/TAG     (  929): 读
01-18 14:56:47.807 V/Uart-JNI(  929): read uart len 48, rBuf[0] = 0x55, rBuf[1] = 0xaa
01-18 14:56:47.807 E/VoiceService(  929):   readLength  48   [85, -86, 65, 0, 32, 108, 106, 82, 10, 10, 10, 120, 120, 119, 13, 13, 11, 18, 10, 0, 0, 0, 0, 0, 0, 0, 3, 48, 8, 0, 0, 0, 0, 0, 0, 0, 0, 0, 0, 0, 0, 0, 0, 0, 0, 0, 0, 0]
01-18 14:56:47.807 E/TTTTTTTTTTTTTTTTTTTTTT MODE = (  929): 65    32
01-18 14:56:47.807 E/VoiceService(  929): 冷藏室门  关了
01-18 14:56:47.807 E/VoiceService(  929): 变温门   ================关了
01-18 14:56:47.807 E/VoiceService(  929): 冷冻门   ================关了
01-18 14:56:47.821 E/TAG     (  929): 写
01-18 14:56:47.821 E/VoiceService(  929): sendByte  [85, -86, 4, 0, 0, 0, 10, 10, 10, 0, 0, 0, 0, 0, 0, 0, 0, 0, 0, 0, 0, 0, 0, 33]
01-18 14:56:47.822 V/Uart-JNI(  929): write uart len 24, wBuf[0] = 0x55, wBuf[1] = 0xaa
01-18 14:56:47.920 D/MscSpeechLog(  929): readAudio leave, dataSize=16000, bufLen=520320
01-18 14:56:48.102 D/GPIO    (  929): open gpio device gpioFd = 26
01-18 14:56:48.103 E/VoiceService(  929):   state  : 0
01-18 14:56:48.199 D/MscSpeechLog(  929): tts-onSpeakProgress percent: 9, begpos: 4, endpos: 5
01-18 14:56:48.477 D/MscSpeechLog(  929): readAudio leave, dataSize=16000, bufLen=504320
01-18 14:56:48.478 D/MscSpeechLog(  929): tts-onSpeakProgress percent: 11, begpos: 6, endpos: 13
01-18 14:56:48.602 D/GPIO    (  929): open gpio device gpioFd = 26
01-18 14:56:48.603 E/VoiceService(  929):   state  : 0
01-18 14:56:48.806 E/TAG     (  929): 读
01-18 14:56:48.807 V/Uart-JNI(  929): read uart len 48, rBuf[0] = 0x55, rBuf[1] = 0xaa
01-18 14:56:48.808 E/VoiceService(  929):   readLength  48   [85, -86, 65, 0, 32, 108, 106, 82, 10, 10, 10, 120, 120, 119, 13, 13, 10, 18, 10, 0, 0, 0, 0, 0, 0, 0, 3, 48, 8, 0, 0, 0, 0, 0, 0, 0, 0, 0, 0, 0, 0, 0, 0, 0, 0, 0, 0, 0]
01-18 14:56:48.808 E/TTTTTTTTTTTTTTTTTTTTTT MODE = (  929): 65    32
01-18 14:56:48.808 E/VoiceService(  929): 冷藏室门  关了
01-18 14:56:48.808 E/VoiceService(  929): 变温门   ================关了
01-18 14:56:48.808 E/VoiceService(  929): 冷冻门   ================关了
01-18 14:56:48.822 E/TAG     (  929): 写
01-18 14:56:48.822 E/VoiceService(  929): sendByte  [85, -86, 4, 0, 0, 0, 10, 10, 10, 0, 0, 0, 0, 0, 0, 0, 0, 0, 0, 0, 0, 0, 0, 33]
01-18 14:56:48.823 V/Uart-JNI(  929): write uart len 24, wBuf[0] = 0x55, wBuf[1] = 0xaa
01-18 14:56:48.942 D/MscSpeechLog(  929): readAudio leave, dataSize=16000, bufLen=488320
01-18 14:56:48.977 D/hwcomposer(  157): Skip 5 layer 
01-18 14:56:49.104 D/GPIO    (  929): open gpio device gpioFd = 26
01-18 14:56:49.104 E/VoiceService(  929):   state  : 0
01-18 14:56:49.221 D/MscSpeechLog(  929): tts-onSpeakProgress percent: 15, begpos: 14, endpos: 16
01-18 14:56:49.286 D/hwcomposer(  157): Skip 5 layer 
01-18 14:56:49.406 D/MscSpeechLog(  929): readAudio leave, dataSize=16000, bufLen=472320
01-18 14:56:49.604 D/GPIO    (  929): open gpio device gpioFd = 26
01-18 14:56:49.604 E/VoiceService(  929):   state  : 0
01-18 14:56:49.807 E/TAG     (  929): 读
01-18 14:56:49.808 V/Uart-JNI(  929): read uart len 48, rBuf[0] = 0x55, rBuf[1] = 0xaa
01-18 14:56:49.808 E/VoiceService(  929):   readLength  48   [85, -86, 65, 0, 32, 108, 106, 82, 10, 10, 10, 120, 120, 119, 13, 12, 11, 18, 10, 0, 0, 0, 0, 0, 0, 0, 3, 48, 8, 0, 0, 0, 0, 0, 0, 0, 0, 0, 0, 0, 0, 0, 0, 0, 0, 0, 0, 0]
01-18 14:56:49.808 E/TTTTTTTTTTTTTTTTTTTTTT MODE = (  929): 65    32
01-18 14:56:49.809 E/VoiceService(  929): 冷藏室门  关了
01-18 14:56:49.809 E/VoiceService(  929): 变温门   ================关了
01-18 14:56:49.809 E/VoiceService(  929): 冷冻门   ================关了
01-18 14:56:49.822 E/TAG     (  929): 写
01-18 14:56:49.823 E/VoiceService(  929): sendByte  [85, -86, 4, 0, 0, 0, 10, 10, 10, 0, 0, 0, 0, 0, 0, 0, 0, 0, 0, 0, 0, 0, 0, 33]
01-18 14:56:49.824 V/Uart-JNI(  929): write uart len 24, wBuf[0] = 0x55, wBuf[1] = 0xaa
01-18 14:56:49.871 D/MscSpeechLog(  929): tts-onSpeakProgress percent: 19, begpos: 17, endpos: 18
01-18 14:56:49.963 D/MscSpeechLog(  929): readAudio leave, dataSize=16000, bufLen=456320
01-18 14:56:50.073 E/WifiStateMachine(  433): WifiStateMachine CMD_START_SCAN source 1000 txSuccessRate=45.05 rxSuccessRate=49.30 targetRoamBSSID=6c:59:40:73:d1:20 RSSI=-38
01-18 14:56:50.075 E/WifiStateMachine(  433): [1,516,258,610,075 ms] noteScanstart no scan source uid 1000
01-18 14:56:50.104 D/GPIO    (  929): open gpio device gpioFd = 26
01-18 14:56:50.105 E/VoiceService(  929):   state  : 0
01-18 14:56:50.242 D/MscSpeechLog(  929): tts-onSpeakProgress percent: 21, begpos: 19, endpos: 40
01-18 14:56:50.428 D/MscSpeechLog(  929): readAudio leave, dataSize=16000, bufLen=440320
01-18 14:56:50.606 D/GPIO    (  929): open gpio device gpioFd = 26
01-18 14:56:50.606 E/VoiceService(  929):   state  : 0
01-18 14:56:50.807 E/TAG     (  929): 读
01-18 14:56:50.809 V/Uart-JNI(  929): read uart len 48, rBuf[0] = 0x55, rBuf[1] = 0xaa
01-18 14:56:50.809 E/VoiceService(  929):   readLength  48   [85, -86, 65, 0, 32, 108, 106, 82, 10, 10, 10, 120, 120, 119, 13, 13, 10, 18, 10, 0, 0, 0, 0, 0, 0, 0, 3, 48, 8, 0, 0, 0, 0, 0, 0, 0, 0, 0, 0, 0, 0, 0, 0, 0, 0, 0, 0, 0]
01-18 14:56:50.809 E/TTTTTTTTTTTTTTTTTTTTTT MODE = (  929): 65    32
01-18 14:56:50.809 E/VoiceService(  929): 冷藏室门  关了
01-18 14:56:50.809 E/VoiceService(  929): 变温门   ================关了
01-18 14:56:50.809 E/VoiceService(  929): 冷冻门   ================关了
01-18 14:56:50.818 E/WifiStateMachine(  433): WifiStateMachine CMD_START_SCAN source -2 txSuccessRate=22.53 rxSuccessRate=24.65 targetRoamBSSID=6c:59:40:73:d1:20 RSSI=-38
01-18 14:56:50.818 E/WifiStateMachine(  433): startDelayedScan send -> 58 milli 20000
01-18 14:56:50.818 E/WifiStateMachine(  433): WifiStateMachine CMD_START_SCAN with age=20002 interval=45000 maxinterval=300000
01-18 14:56:50.819 E/WifiStateMachine(  433): WifiStateMachine CMD_START_SCAN prevent full band scan due to pkt rate
01-18 14:56:50.819 E/WifiStateMachine(  433): WifiStateMachine CMD_START_SCAN full=false
01-18 14:56:50.819 E/WifiStateMachine(  433): WifiStateMachine starting scan for "MERCURY D120"WPA_PSK with 2417
01-18 14:56:50.823 E/TAG     (  929): 写
01-18 14:56:50.824 E/VoiceService(  929): sendByte  [85, -86, 4, 0, 0, 0, 10, 10, 10, 0, 0, 0, 0, 0, 0, 0, 0, 0, 0, 0, 0, 0, 0, 33]
01-18 14:56:50.824 V/Uart-JNI(  929): write uart len 24, wBuf[0] = 0x55, wBuf[1] = 0xaa
01-18 14:56:50.892 D/MscSpeechLog(  929): readAudio leave, dataSize=16000, bufLen=424320
01-18 14:56:50.958 E/WifiStateMachine(  433): [1,516,258,610,958 ms] noteScanEnd WorkSource{1000} onTime=0
01-18 14:56:50.967 E/WifiStateMachine(  433): wifi setScanResults statecom.android.server.wifi.WifiStateMachine$ConnectedState@3b90c568 sup_state=COMPLETED debouncing=false mConnectionRequests=1 selection=<none>
01-18 14:56:50.983 D/hwcomposer(  157): Skip 5 layer 
01-18 14:56:51.106 D/GPIO    (  929): open gpio device gpioFd = 26
01-18 14:56:51.106 E/VoiceService(  929):   state  : 0
01-18 14:56:51.449 D/MscSpeechLog(  929): readAudio leave, dataSize=16000, bufLen=408320
01-18 14:56:51.606 D/GPIO    (  929): open gpio device gpioFd = 26
01-18 14:56:51.607 E/VoiceService(  929):   state  : 0
01-18 14:56:51.808 E/TAG     (  929): 读
01-18 14:56:51.810 V/Uart-JNI(  929): read uart len 48, rBuf[0] = 0x55, rBuf[1] = 0xaa
01-18 14:56:51.810 E/VoiceService(  929):   readLength  48   [85, -86, 65, 0, 32, 108, 106, 82, 10, 10, 10, 120, 120, 119, 13, 13, 11, 18, 10, 0, 0, 0, 0, 0, 0, 0, 3, 48, 8, 0, 0, 0, 0, 0, 0, 0, 0, 0, 0, 0, 0, 0, 0, 0, 0, 0, 0, 0]
01-18 14:56:51.810 E/TTTTTTTTTTTTTTTTTTTTTT MODE = (  929): 65    32
01-18 14:56:51.810 E/VoiceService(  929): 冷藏室门  关了
01-18 14:56:51.810 E/VoiceService(  929): 变温门   ================关了
01-18 14:56:51.810 E/VoiceService(  929): 冷冻门   ================关了
01-18 14:56:51.823 E/TAG     (  929): 写
01-18 14:56:51.824 E/VoiceService(  929): sendByte  [85, -86, 4, 0, 0, 0, 10, 10, 10, 0, 0, 0, 0, 0, 0, 0, 0, 0, 0, 0, 0, 0, 0, 33]
01-18 14:56:51.824 V/Uart-JNI(  929): write uart len 24, wBuf[0] = 0x55, wBuf[1] = 0xaa
01-18 14:56:51.914 D/MscSpeechLog(  929): readAudio leave, dataSize=16000, bufLen=392320
01-18 14:56:51.994 D/hwcomposer(  157): Skip 5 layer 
01-18 14:56:52.108 D/GPIO    (  929): open gpio device gpioFd = 26
01-18 14:56:52.108 E/VoiceService(  929):   state  : 0
01-18 14:56:52.303 D/hwcomposer(  157): Skip 5 layer 
01-18 14:56:52.320 D/hwcomposer(  157): Skip 5 layer 
01-18 14:56:52.471 D/MscSpeechLog(  929): readAudio leave, dataSize=16000, bufLen=376320
01-18 14:56:52.608 D/GPIO    (  929): open gpio device gpioFd = 26
01-18 14:56:52.608 E/VoiceService(  929):   state  : 0
01-18 14:56:52.809 E/TAG     (  929): 读
01-18 14:56:52.810 V/Uart-JNI(  929): read uart len 48, rBuf[0] = 0x55, rBuf[1] = 0xaa
01-18 14:56:52.810 E/VoiceService(  929):   readLength  48   [85, -86, 65, 0, 32, 108, 106, 82, 10, 10, 10, 120, 120, 119, 13, 13, 11, 18, 10, 0, 0, 0, 0, 0, 0, 0, 3, 48, 8, 0, 0, 0, 0, 0, 0, 0, 0, 0, 0, 0, 0, 0, 0, 0, 0, 0, 0, 0]
01-18 14:56:52.811 E/TTTTTTTTTTTTTTTTTTTTTT MODE = (  929): 65    32
01-18 14:56:52.811 E/VoiceService(  929): 冷藏室门  关了
01-18 14:56:52.811 E/VoiceService(  929): 变温门   ================关了
01-18 14:56:52.811 E/VoiceService(  929): 冷冻门   ================关了
01-18 14:56:52.823 E/TAG     (  929): 写
01-18 14:56:52.824 E/VoiceService(  929): sendByte  [85, -86, 4, 0, 0, 0, 10, 10, 10, 0, 0, 0, 0, 0, 0, 0, 0, 0, 0, 0, 0, 0, 0, 33]
01-18 14:56:52.825 V/Uart-JNI(  929): write uart len 24, wBuf[0] = 0x55, wBuf[1] = 0xaa
01-18 14:56:52.935 D/MscSpeechLog(  929): readAudio leave, dataSize=16000, bufLen=360320
01-18 14:56:53.108 D/GPIO    (  929): open gpio device gpioFd = 26
01-18 14:56:53.109 E/VoiceService(  929):   state  : 0
01-18 14:56:53.400 D/MscSpeechLog(  929): readAudio leave, dataSize=16000, bufLen=344320
01-18 14:56:53.610 D/GPIO    (  929): open gpio device gpioFd = 26
01-18 14:56:53.610 E/VoiceService(  929):   state  : 0
01-18 14:56:53.809 E/TAG     (  929): 读
01-18 14:56:53.811 V/Uart-JNI(  929): read uart len 48, rBuf[0] = 0x55, rBuf[1] = 0xaa
01-18 14:56:53.811 E/VoiceService(  929):   readLength  48   [85, -86, 65, 0, 32, 108, 106, 82, 10, 10, 10, 120, 120, 119, 13, 12, 10, 18, 10, 0, 0, 0, 0, 0, 0, 0, 3, 48, 8, 0, 0, 0, 0, 0, 0, 0, 0, 0, 0, 0, 0, 0, 0, 0, 0, 0, 0, 0]
01-18 14:56:53.811 E/TTTTTTTTTTTTTTTTTTTTTT MODE = (  929): 65    32
01-18 14:56:53.811 E/VoiceService(  929): 冷藏室门  关了
01-18 14:56:53.811 E/VoiceService(  929): 变温门   ================关了
01-18 14:56:53.811 E/VoiceService(  929): 冷冻门   ================关了
01-18 14:56:53.824 E/TAG     (  929): 写
01-18 14:56:53.825 E/VoiceService(  929): sendByte  [85, -86, 4, 0, 0, 0, 10, 10, 10, 0, 0, 0, 0, 0, 0, 0, 0, 0, 0, 0, 0, 0, 0, 33]
01-18 14:56:53.825 V/Uart-JNI(  929): write uart len 24, wBuf[0] = 0x55, wBuf[1] = 0xaa
01-18 14:56:53.957 D/MscSpeechLog(  929): readAudio leave, dataSize=16000, bufLen=328320
01-18 14:56:54.110 D/GPIO    (  929): open gpio device gpioFd = 26
01-18 14:56:54.110 E/VoiceService(  929):   state  : 0
01-18 14:56:54.421 D/MscSpeechLog(  929): readAudio leave, dataSize=16000, bufLen=312320
01-18 14:56:54.610 D/GPIO    (  929): open gpio device gpioFd = 26
01-18 14:56:54.611 E/VoiceService(  929):   state  : 0
01-18 14:56:54.810 E/TAG     (  929): 读
01-18 14:56:54.811 V/Uart-JNI(  929): read uart len 48, rBuf[0] = 0x55, rBuf[1] = 0xaa
01-18 14:56:54.812 E/VoiceService(  929):   readLength  48   [85, -86, 65, 0, 32, 108, 106, 82, 10, 10, 10, 120, 120, 119, 13, 13, 10, 18, 10, 0, 0, 0, 0, 0, 0, 0, 3, 48, 8, 0, 0, 0, 0, 0, 0, 0, 0, 0, 0, 0, 0, 0, 0, 0, 0, 0, 0, 0]
01-18 14:56:54.812 E/TTTTTTTTTTTTTTTTTTTTTT MODE = (  929): 65    32
01-18 14:56:54.812 E/VoiceService(  929): 冷藏室门  关了
01-18 14:56:54.812 E/VoiceService(  929): 变温门   ================关了
01-18 14:56:54.812 E/VoiceService(  929): 冷冻门   ================关了
01-18 14:56:54.825 E/TAG     (  929): 写
01-18 14:56:54.825 E/VoiceService(  929): sendByte  [85, -86, 4, 0, 0, 0, 10, 10, 10, 0, 0, 0, 0, 0, 0, 0, 0, 0, 0, 0, 0, 0, 0, 33]
01-18 14:56:54.826 V/Uart-JNI(  929): write uart len 24, wBuf[0] = 0x55, wBuf[1] = 0xaa
01-18 14:56:54.979 D/MscSpeechLog(  929): readAudio leave, dataSize=16000, bufLen=296320
01-18 14:56:55.111 D/GPIO    (  929): open gpio device gpioFd = 26
01-18 14:56:55.111 E/VoiceService(  929):   state  : 0
01-18 14:56:55.320 D/hwcomposer(  157): Skip 5 layer 
01-18 14:56:55.443 D/MscSpeechLog(  929): readAudio leave, dataSize=16000, bufLen=280320
01-18 14:56:55.611 D/GPIO    (  929): open gpio device gpioFd = 26
01-18 14:56:55.611 E/VoiceService(  929):   state  : 0
01-18 14:56:55.629 D/MscSpeechLog(  929): tts-onSpeakProgress percent: 51, begpos: 41, endpos: 41
01-18 14:56:55.810 E/TAG     (  929): 读
01-18 14:56:55.811 V/Uart-JNI(  929): read uart len 48, rBuf[0] = 0x55, rBuf[1] = 0xaa
01-18 14:56:55.811 E/VoiceService(  929):   readLength  48   [85, -86, 65, 0, 32, 108, 106, 82, 10, 10, 10, 120, 120, 119, 13, 13, 10, 18, 10, 0, 0, 0, 0, 0, 0, 0, 3, 48, 8, 0, 0, 0, 0, 0, 0, 0, 0, 0, 0, 0, 0, 0, 0, 0, 0, 0, 0, 0]
01-18 14:56:55.812 E/TTTTTTTTTTTTTTTTTTTTTT MODE = (  929): 65    32
01-18 14:56:55.812 E/VoiceService(  929): 冷藏室门  关了
01-18 14:56:55.812 E/VoiceService(  929): 变温门   ================关了
01-18 14:56:55.812 E/VoiceService(  929): 冷冻门   ================关了
01-18 14:56:55.815 D/MscSpeechLog(  929): tts-onSpeakProgress percent: 52, begpos: 42, endpos: 62
01-18 14:56:55.825 E/TAG     (  929): 写
01-18 14:56:55.826 E/VoiceService(  929): sendByte  [85, -86, 4, 0, 0, 0, 10, 10, 10, 0, 0, 0, 0, 0, 0, 0, 0, 0, 0, 0, 0, 0, 0, 33]
01-18 14:56:55.826 V/Uart-JNI(  929): write uart len 24, wBuf[0] = 0x55, wBuf[1] = 0xaa
01-18 14:56:55.908 D/MscSpeechLog(  929): readAudio leave, dataSize=16000, bufLen=264320
01-18 14:56:56.111 D/GPIO    (  929): open gpio device gpioFd = 26
01-18 14:56:56.112 E/VoiceService(  929):   state  : 0
01-18 14:56:56.465 D/MscSpeechLog(  929): readAudio leave, dataSize=16000, bufLen=248320
01-18 14:56:56.612 D/GPIO    (  929): open gpio device gpioFd = 26
01-18 14:56:56.612 E/VoiceService(  929):   state  : 0
01-18 14:56:56.811 E/TAG     (  929): 读
01-18 14:56:56.812 V/Uart-JNI(  929): read uart len 48, rBuf[0] = 0x55, rBuf[1] = 0xaa
01-18 14:56:56.812 E/VoiceService(  929):   readLength  48   [85, -86, 65, 0, 32, 108, 106, 82, 10, 10, 10, 120, 120, 119, 13, 13, 10, 18, 10, 0, 0, 0, 0, 0, 0, 0, 3, 48, 8, 0, 0, 0, 0, 0, 0, 0, 0, 0, 0, 0, 0, 0, 0, 0, 0, 0, 0, 0]
01-18 14:56:56.812 E/TTTTTTTTTTTTTTTTTTTTTT MODE = (  929): 65    32
01-18 14:56:56.812 E/VoiceService(  929): 冷藏室门  关了
01-18 14:56:56.812 E/VoiceService(  929): 变温门   ================关了
01-18 14:56:56.812 E/VoiceService(  929): 冷冻门   ================关了
01-18 14:56:56.825 E/TAG     (  929): 写
01-18 14:56:56.826 E/VoiceService(  929): sendByte  [85, -86, 4, 0, 0, 0, 10, 10, 10, 0, 0, 0, 0, 0, 0, 0, 0, 0, 0, 0, 0, 0, 0, 33]
01-18 14:56:56.826 V/Uart-JNI(  929): write uart len 24, wBuf[0] = 0x55, wBuf[1] = 0xaa
01-18 14:56:56.929 D/MscSpeechLog(  929): readAudio leave, dataSize=16000, bufLen=232320
01-18 14:56:57.112 D/GPIO    (  929): open gpio device gpioFd = 26
01-18 14:56:57.113 E/VoiceService(  929):   state  : 0
01-18 14:56:57.393 D/MscSpeechLog(  929): readAudio leave, dataSize=16000, bufLen=216320
01-18 14:56:57.612 D/GPIO    (  929): open gpio device gpioFd = 26
01-18 14:56:57.613 E/VoiceService(  929):   state  : 0
01-18 14:56:57.811 E/TAG     (  929): 读
01-18 14:56:57.812 V/Uart-JNI(  929): read uart len 48, rBuf[0] = 0x55, rBuf[1] = 0xaa
01-18 14:56:57.813 E/VoiceService(  929):   readLength  48   [85, -86, 65, 0, 32, 108, 106, 82, 10, 10, 10, 120, 120, 119, 13, 12, 11, 18, 10, 0, 0, 0, 0, 0, 0, 0, 3, 48, 8, 0, 0, 0, 0, 0, 0, 0, 0, 0, 0, 0, 0, 0, 0, 0, 0, 0, 0, 0]
01-18 14:56:57.813 E/TTTTTTTTTTTTTTTTTTTTTT MODE = (  929): 65    32
01-18 14:56:57.813 E/VoiceService(  929): 冷藏室门  关了
01-18 14:56:57.813 E/VoiceService(  929): 变温门   ================关了
01-18 14:56:57.813 E/VoiceService(  929): 冷冻门   ================关了
01-18 14:56:57.826 E/TAG     (  929): 写
01-18 14:56:57.826 E/VoiceService(  929): sendByte  [85, -86, 4, 0, 0, 0, 10, 10, 10, 0, 0, 0, 0, 0, 0, 0, 0, 0, 0, 0, 0, 0, 0, 33]
01-18 14:56:57.827 V/Uart-JNI(  929): write uart len 24, wBuf[0] = 0x55, wBuf[1] = 0xaa
01-18 14:56:57.951 D/MscSpeechLog(  929): readAudio leave, dataSize=16000, bufLen=200320
01-18 14:56:57.993 D/hwcomposer(  157): Skip 5 layer 
01-18 14:56:58.114 D/GPIO    (  929): open gpio device gpioFd = 26
01-18 14:56:58.114 E/VoiceService(  929):   state  : 0
01-18 14:56:58.336 D/hwcomposer(  157): Skip 5 layer 
01-18 14:56:58.415 D/MscSpeechLog(  929): readAudio leave, dataSize=16000, bufLen=184320
01-18 14:56:58.614 D/GPIO    (  929): open gpio device gpioFd = 26
01-18 14:56:58.614 E/VoiceService(  929):   state  : 0
01-18 14:56:58.812 E/TAG     (  929): 读
01-18 14:56:58.813 V/Uart-JNI(  929): read uart len 48, rBuf[0] = 0x55, rBuf[1] = 0xaa
01-18 14:56:58.813 E/VoiceService(  929):   readLength  48   [85, -86, 65, 0, 32, 108, 106, 82, 10, 10, 10, 120, 120, 119, 13, 13, 11, 18, 10, 0, 0, 0, 0, 0, 0, 0, 3, 48, 8, 0, 0, 0, 0, 0, 0, 0, 0, 0, 0, 0, 0, 0, 0, 0, 0, 0, 0, 0]
01-18 14:56:58.813 E/TTTTTTTTTTTTTTTTTTTTTT MODE = (  929): 65    32
01-18 14:56:58.813 E/VoiceService(  929): 冷藏室门  关了
01-18 14:56:58.813 E/VoiceService(  929): 变温门   ================关了
01-18 14:56:58.814 E/VoiceService(  929): 冷冻门   ================关了
01-18 14:56:58.826 E/TAG     (  929): 写
01-18 14:56:58.827 E/VoiceService(  929): sendByte  [85, -86, 4, 0, 0, 0, 10, 10, 10, 0, 0, 0, 0, 0, 0, 0, 0, 0, 0, 0, 0, 0, 0, 33]
01-18 14:56:58.828 V/Uart-JNI(  929): write uart len 24, wBuf[0] = 0x55, wBuf[1] = 0xaa
01-18 14:56:58.972 D/MscSpeechLog(  929): readAudio leave, dataSize=16000, bufLen=168320
01-18 14:56:59.004 D/hwcomposer(  157): Skip 5 layer 
01-18 14:56:59.115 D/GPIO    (  929): open gpio device gpioFd = 26
01-18 14:56:59.115 E/VoiceService(  929):   state  : 0
01-18 14:56:59.437 D/MscSpeechLog(  929): readAudio leave, dataSize=16000, bufLen=152320
01-18 14:56:59.616 D/GPIO    (  929): open gpio device gpioFd = 26
01-18 14:56:59.616 E/VoiceService(  929):   state  : 0
01-18 14:56:59.812 E/TAG     (  929): 读
01-18 14:56:59.814 V/Uart-JNI(  929): read uart len 49, rBuf[0] = 0x55, rBuf[1] = 0xaa
01-18 14:56:59.814 E/VoiceService(  929):   readLength  49   [85, -86, 65, 0, 32, 108, 106, 82, 10, 10, 10, 120, 120, 119, 13, 13, 10, 18, 10, 0, 0, 0, 0, 0, 0, 0, 3, 48, 8, 0, 0, 0, 0, 0, 0, 0, 0, 0, 0, 0, 0, 0, 0, 0, 0, 0, 0, 0]
01-18 14:56:59.814 E/TTTTTTTTTTTTTTTTTTTTTT MODE = (  929): 65    32
01-18 14:56:59.814 E/VoiceService(  929): 冷藏室门  关了
01-18 14:56:59.814 E/VoiceService(  929): 变温门   ================关了
