01-21 16:50:29.273 I/DisplayManagerService(  433): Display device changed: DisplayDeviceInfo{"内置屏幕": uniqueId="local:0", 1280 x 720, 58.343 fps, supportedRefreshRates [58.343], density 240, 160.15764 x 160.42105 dpi, appVsyncOff 0, presDeadline 18140017, touch INTERNAL, rotation 0, type BUILT_IN, state ON, FLAG_DEFAULT_DISPLAY, FLAG_ROTATES_WITH_CONTENT, FLAG_SECURE, FLAG_SUPPORTS_PROTECTED_BUFFERS}
01-21 16:50:29.276 D/WifiDisplayAdapter(  433): getWifiDisplayStatusLocked: result=WifiDisplayStatus{featureState=1, scanState=0, activeDisplayState=0, activeDisplay=null, displays=[], sessionInfo=WifiDisplaySessionInfo:
01-21 16:50:29.276 D/WifiDisplayAdapter(  433):     Client/Owner: Client
01-21 16:50:29.276 D/WifiDisplayAdapter(  433):     GroupId: 
01-21 16:50:29.276 D/WifiDisplayAdapter(  433):     Passphrase: 
01-21 16:50:29.276 D/WifiDisplayAdapter(  433):     SessionId: 0
01-21 16:50:29.276 D/WifiDisplayAdapter(  433):     IP Address: }
01-21 16:50:29.280 I/SystemServer(  433): Making services ready
01-21 16:50:29.280 I/SystemServiceManager(  433): Starting phase 550
01-21 16:50:29.286 D/UsbDeviceManager(  433): Usb state is false false true
01-21 16:50:29.289 D/MountService(  433): sharedvolumeNum: 0 ;avail: false
01-21 16:50:29.289 I/SystemServer(  433): WebViewFactory preparation
01-21 16:50:29.333 I/ActivityManagerService(  433): Start proc 541:WebViewLoader-armeabi-v7a/1037 [android.webkit.WebViewFactory$RelroFileCreator] for 
01-21 16:50:29.490 I/ActivityManagerService(  433): Start proc 560:com.android.systemui/u0a11 for service com.android.systemui/.SystemUIService
01-21 16:50:29.492 D/NetworkManagementService(  433): enabling bandwidth control
01-21 16:50:29.504 I/MountService(  433): doMountVolume: Mouting /mnt/internal_sd
01-21 16:50:29.506 D/VoldCmdListener(  156): volume mount /mnt/internal_sd
01-21 16:50:29.506 D/Vold    (  156):  volume status = 1----------------------
01-21 16:50:29.508 D/DirectVolume(  156): getDeviceNodes mPartIdx = 14, mDiskNumParts = 14.
01-21 16:50:29.508 E/Vold    (  156): deviceNodes[0]= 0x0000b30e,[1]= 0x00000000,[2]= 0x00000000,[3]= 0x00000000
01-21 16:50:29.508 I/Vold    (  156): /dev/block/vold/179:14 being considered for volume internal_sd,1
01-21 16:50:29.508 I/Vold    (  156):  
01-21 16:50:29.508 D/Vold    (  156): Volume internal_sd state changing 1 (Idle-Unmounted) -> 3 (Checking)
01-21 16:50:29.510 I/MountService(  433): onEvent:: raw= 605 Volume internal_sd /mnt/internal_sd state changed from 1 (Idle-Unmounted) to 3 (Checking) cooked =  605 Volume internal_sd /mnt/internal_sd state changed from 1 (Idle-Unmounted) to 3 (Checking)
01-21 16:50:29.510 I/MountService(  433): notifyVolumeStateChange::unmounted
01-21 16:50:29.510 I/MountService(  433): updating volume state checking
01-21 16:50:29.510 D/MountService(  433): volume state changed for /mnt/internal_sd (unmounted -> checking)
01-21 16:50:29.510 D/MountService(  433): sendStorageIntent Intent { act=android.intent.action.MEDIA_CHECKING dat=file:///mnt/internal_sd flg=0x4000000 (has extras) } to UserHandle{-1}
01-21 16:50:29.822 I/ActivityManagerService(  433): Start proc 593:android.process.media/u0a6 for broadcast com.android.providers.media/.MtpReceiver
01-21 16:50:30.011 I/NINE    (  433): MSG_USER_ACTIVITY_TIMEOUT_PROTECT
01-21 16:50:30.022 I/Vold    (  156): Filesystem check completed OK
01-21 16:50:30.027 E/Vold    (  156): ---------set mSkipAsec to enable app2sd because mount Vfat succeed for internal_sd, mountpoint =/mnt/internal_sd
01-21 16:50:30.037 E/NetdConnector(  433): NDC Command {2 bandwidth enable} took too long (545ms)
01-21 16:50:30.096 I/MountService(  433): onEvent:: raw= 613 internal_sd /mnt/internal_sd "FFC6-0D0A" cooked =  613 internal_sd /mnt/internal_sd FFC6-0D0A
01-21 16:50:30.096 I/MountService(  433): onEvent:: raw= 614 internal_sd /mnt/internal_sd "ROCKCHIP" cooked =  614 internal_sd /mnt/internal_sd ROCKCHIP
01-21 16:50:30.101 D/Vold    (  156): Volume internal_sd state changing 3 (Checking) -> 4 (Mounted)
01-21 16:50:30.103 E/VoldConnector(  433): NDC Command {5 volume mount /mnt/internal_sd} took too long (598ms)
01-21 16:50:30.103 I/MountService(  433): onEvent:: raw= 605 Volume internal_sd /mnt/internal_sd state changed from 3 (Checking) to 4 (Mounted) cooked =  605 Volume internal_sd /mnt/internal_sd state changed from 3 (Checking) to 4 (Mounted)
01-21 16:50:30.103 I/MountService(  433): notifyVolumeStateChange::checking
01-21 16:50:30.103 I/MountService(  433): updating volume state mounted
01-21 16:50:30.103 D/MountService(  433): volume state changed for /mnt/internal_sd (checking -> mounted)
01-21 16:50:30.104 D/MountService(  433): sendStorageIntent Intent { act=android.intent.action.MEDIA_MOUNTED dat=file:///mnt/internal_sd flg=0x4000000 (has extras) } to UserHandle{-1}
01-21 16:50:30.106 D/VoldCmdListener(  156): asec list
01-21 16:50:30.265 D/WifiDisplayAdapter(  433): getWifiDisplayStatusLocked: result=WifiDisplayStatus{featureState=1, scanState=0, activeDisplayState=0, activeDisplay=null, displays=[], sessionInfo=WifiDisplaySessionInfo:
01-21 16:50:30.265 D/WifiDisplayAdapter(  433):     Client/Owner: Client
01-21 16:50:30.265 D/WifiDisplayAdapter(  433):     GroupId: 
01-21 16:50:30.265 D/WifiDisplayAdapter(  433):     Passphrase: 
01-21 16:50:30.265 D/WifiDisplayAdapter(  433):     SessionId: 0
01-21 16:50:30.265 D/WifiDisplayAdapter(  433):     IP Address: }
01-21 16:50:30.282 D/WifiDisplayAdapter(  433): getWifiDisplayStatusLocked: result=WifiDisplayStatus{featureState=1, scanState=0, activeDisplayState=0, activeDisplay=null, displays=[], sessionInfo=WifiDisplaySessionInfo:
01-21 16:50:30.282 D/WifiDisplayAdapter(  433):     Client/Owner: Client
01-21 16:50:30.282 D/WifiDisplayAdapter(  433):     GroupId: 
01-21 16:50:30.282 D/WifiDisplayAdapter(  433):     Passphrase: 
01-21 16:50:30.282 D/WifiDisplayAdapter(  433):     SessionId: 0
01-21 16:50:30.282 D/WifiDisplayAdapter(  433):     IP Address: }
01-21 16:50:30.310 I/SystemServiceManager(  433): Starting phase 600
01-21 16:50:30.318 W/PackageManager(  433): Unknown permission com.google.android.googleapps.permission.GOOGLE_AUTH in package com.android.providers.calendar
01-21 16:50:30.318 W/PackageManager(  433): Unknown permission com.google.android.googleapps.permission.GOOGLE_AUTH.cl in package com.android.providers.calendar
01-21 16:50:30.319 W/PackageManager(  433): Unknown permission android.permission.ACCESS_DOWNLOAD_MANAGER in package com.android.browser
01-21 16:50:30.319 W/PackageManager(  433): Unknown permission android.permission.SEND_DOWNLOAD_COMPLETED_INTENTS in package com.android.browser
01-21 16:50:30.320 W/PackageManager(  433): Not granting permission android.permission.BIND_WALLPAPER to package com.android.camera2 (protectionLevel=18 flags=0xd8bc45)
01-21 16:50:30.321 W/PackageManager(  433): Not granting permission android.permission.BIND_APPWIDGET to package com.android.launcher3 (protectionLevel=18 flags=0xc83e45)
01-21 16:50:30.321 W/PackageManager(  433): Unknown permission android.permission.READ_SETTINGS in package com.android.launcher3
01-21 16:50:30.321 W/PackageManager(  433): Unknown permission com.android.launcher.permission.READ_SETTINGS in package com.android.launcher3
01-21 16:50:30.321 W/PackageManager(  433): Unknown permission com.android.launcher.permission.WRITE_SETTINGS in package com.android.launcher3
01-21 16:50:30.322 W/PackageManager(  433): Not granting permission android.permission.MOUNT_UNMOUNT_FILESYSTEMS to package com.test (protectionLevel=18 flags=0x88be45)
01-21 16:50:30.323 W/PackageManager(  433): Unknown permission com.android.launcher.permission.READ_SETTINGS in package com.android.onetimeinitializer
01-21 16:50:30.323 W/PackageManager(  433): Unknown permission com.android.launcher.permission.WRITE_SETTINGS in package com.android.onetimeinitializer
01-21 16:50:30.323 W/PackageManager(  433): Unknown permission android.permission.READ_MEDIA_STORAGE in package com.android.packageinstaller
01-21 16:50:30.323 W/PackageManager(  433): Not granting permission android.permission.DELETE_PACKAGES to package com.svox.pico (protectionLevel=18 flags=0x88be45)
01-21 16:50:30.324 W/PackageManager(  433): Unknown permission android.permission.DOWNLOAD_WITHOUT_NOTIFICATION in package com.android.inputmethod.latin
01-21 16:50:30.324 W/PackageManager(  433): Unknown permission com.google.android.gallery3d.permission.PICASA_STORE in package com.android.dreams.phototable
01-21 16:50:30.325 W/PackageManager(  433): Unknown permission com.google.android.googleapps.permission.GOOGLE_AUTH in package com.android.settings
01-21 16:50:30.325 W/PackageManager(  433): Unknown permission android.permission.ACCESS_DOWNLOAD_MANAGER in package com.android.settings
01-21 16:50:30.326 W/PackageManager(  433): Unknown permission com.android.launcher.permission.READ_SETTINGS in package com.android.settings
01-21 16:50:30.326 W/PackageManager(  433): Unknown permission com.android.launcher.permission.WRITE_SETTINGS in package com.android.settings
01-21 16:50:30.326 W/PackageManager(  433): Unknown permission android.permission.READ_SETTINGS in package com.iflytek.inputmethod
01-21 16:50:30.326 W/PackageManager(  433): Unknown permission android.permission.BROADCAST_PACKAGE_ADDED in package com.iflytek.inputmethod
01-21 16:50:30.326 W/PackageManager(  433): Unknown permission android.permission.BROADCAST_PACKAGE_CHANGED in package com.iflytek.inputmethod
01-21 16:50:30.327 W/PackageManager(  433): Unknown permission android.permission.BROADCAST_PACKAGE_INSTALL in package com.iflytek.inputmethod
01-21 16:50:30.327 W/PackageManager(  433): Unknown permission android.permission.BROADCAST_PACKAGE_REPLACED in package com.iflytek.inputmethod
01-21 16:50:30.327 W/PackageManager(  433): Not granting permission android.permission.READ_LOGS to package com.iflytek.inputmethod (protectionLevel=50 flags=0xc83e45)
01-21 16:50:30.327 W/PackageManager(  433): Unknown permission android.permission.ACCESS_DOWNLOAD_MANAGER in package com.iflytek.inputmethod
01-21 16:50:30.327 W/PackageManager(  433): Unknown permission android.permission.RECEIVE_USER_PRESENT in package com.iflytek.inputmethod
01-21 16:50:30.327 W/PackageManager(  433): Not granting permission android.permission.MOUNT_UNMOUNT_FILESYSTEMS to package com.iflytek.inputmethod (protectionLevel=18 flags=0xc83e45)
01-21 16:50:30.327 W/PackageManager(  433): Not granting permission android.permission.CHANGE_CONFIGURATION to package com.iflytek.inputmethod (protectionLevel=50 flags=0xc83e45)
01-21 16:50:30.329 I/BackupManagerService(  433): Backup enabled => false
01-21 16:50:30.329 I/BackupManagerService(  433): Opting out of backup
01-21 16:50:30.329 W/PackageManager(  433): Not granting permission android.permission.DEVICE_POWER to package com.android.deskclock (protectionLevel=2 flags=0xc8be45)
01-21 16:50:30.330 W/PackageManager(  433): Unknown permission com.android.launcher.permission.READ_SETTINGS in package com.android.systemui
01-21 16:50:30.330 W/PackageManager(  433): Unknown permission com.android.email.permission.READ_ATTACHMENT in package com.android.exchange
01-21 16:50:30.331 W/PackageManager(  433): Unknown permission com.android.email.permission.ACCESS_PROVIDER in package com.android.exchange
01-21 16:50:30.332 W/PackageManager(  433): Unknown permission com.google.android.gallery3d.permission.GALLERY_PROVIDER in package com.android.bluetooth
01-21 16:50:30.332 W/PackageManager(  433): Unknown permission android.permission.MMS_SEND_OUTBOX_MSG in package com.android.bluetooth
01-21 16:50:30.332 W/PackageManager(  433): Unknown permission rockchip.permission.FULL_SCREEN in package android.rk.RockVideoPlayer
01-21 16:50:30.333 W/PackageManager(  433): Unknown permission android.permission.RAISED_THREAD_PRIORITY in package android.rk.RockVideoPlayer
01-21 16:50:30.333 W/PackageManager(  433): Unknown permission android.permission.FULL_SCREEN in package android.rk.RockVideoPlayer
01-21 16:50:30.333 W/PackageManager(  433): Unknown permission archos.permission.FULL_SCREEN in package android.rk.RockVideoPlayer
01-21 16:50:30.423 D/VoldCmdListener(  156): asec list
01-21 16:50:30.440 E/InputMethodManagerService(  433): Ignoring setImeWindowStatus due to an invalid token. uid:1000 token:null
01-21 16:50:30.441 V/FingerprintService(  433): startListening(android.service.fingerprint.IFingerprintServiceReceiver$Stub$Proxy@eb0b120)
01-21 16:50:30.523 I/ActivityManagerService(  433): Start proc 650:com.iflytek.inputmethod/u0a52 for service com.iflytek.inputmethod/.FlyIME
01-21 16:50:30.524 V/InputMethodManagerService(  433): Adding window token: android.os.Binder@21f48c11
01-21 16:50:30.587 I/ActivityManagerService(  433): Start proc 676:android.rockchip.update.service/u0a42 for broadcast android.rockchip.update.service/.RKUpdateReceiver
01-21 16:50:30.704 D/DisplayPowerController(  433): MSG_BUTTON_LIGHTS_TIME_OUT
01-21 16:50:30.854 W/LocationManagerService(  433): no network location provider found
01-21 16:50:30.860 E/LocationManagerService(  433): no geocoder provider found
01-21 16:50:30.861 E/LocationManagerService(  433): FLP HAL not supported
01-21 16:50:30.967 I/ActivityManagerService(  433): Start proc 737:com.cghs.stresstest/1000 for broadcast com.cghs.stresstest/.test.receiver.RecoveryReceiver
01-21 16:50:30.970 E/LocationManagerService(  433): Unable to bind FLP Geofence proxy.
01-21 16:50:30.971 E/LocationManagerService(  433): Hardware Activity-Recognition not supported.
01-21 16:50:30.993 I/NINE    (  433): MSG_USER_ACTIVITY_TIMEOUT_PROTECT
01-21 16:50:30.997 I/MmsServiceBroker(  433): Delay connecting to MmsService until an API is called
01-21 16:50:30.998 W/VoiceInteractionManagerService(  433): no available voice interaction services found for user 0
01-21 16:50:30.998 W/VoiceInteractionManagerService(  433): no available voice recognition services found for user 0
01-21 16:50:31.067 I/ActivityManagerService(  433): Start proc 771:com.cghs.stresstest/1000 for added application com.cghs.stresstest
01-21 16:50:31.170 I/ActivityManagerService(  433): Start proc 798:com.android.phone/1001 for added application com.android.phone
01-21 16:50:31.174 I/ActivityStackSupervisor(  433): START u0 {act=android.intent.action.MAIN cat=[android.intent.category.HOME] flg=0x10000000 cmp=android/com.android.internal.app.ResolverActivity} from uid 0 on display 0
01-21 16:50:31.237 I/ActivityManagerService(  433): Start proc 825:system:ui/1000 for activity android/com.android.internal.app.ResolverActivity
01-21 16:50:31.255 I/SystemServer(  433): Enabled StrictMode for system server main thread.
01-21 16:50:31.309 I/ActivityManagerService(  433): Start proc 851:com.android.printspooler/u0a40 for service com.android.printspooler/.model.PrintSpoolerService
01-21 16:50:31.316 W/ActivityManagerService(  433): No pending application record for pid 737 (IApplicationThread android.app.ApplicationThreadProxy@11fd1bc3); dropping process
01-21 16:50:31.324 I/NINE    (  433): MSG_USER_ACTIVITY_TIMEOUT_PROTECT
01-21 16:50:31.332 V/ActivityStackSupervisor(  433): Display changed displayId=0
01-21 16:50:31.333 V/ActivityStackSupervisor(  433): Display changed displayId=0
01-21 16:50:31.400 V/ActivityStackSupervisor(  433): Display changed displayId=0
01-21 16:50:31.406 V/ActivityStackSupervisor(  433): Display changed displayId=0
01-21 16:50:31.492 I/Telecom (  433): TelecomGlobals: TelecomGlobals initializing
01-21 16:50:31.563 I/ActivityManagerService(  433): Start proc 881:android.process.acore/u0a2 for content provider com.android.providers.contacts/.CallLogProvider
01-21 16:50:31.622 I/Telecom (  433): TelecomGlobals: CallsManager initialized
01-21 16:50:31.623 W/ContextImpl(  433): Calling a method in the system process without a qualified user: android.app.ContextImpl.startService:1709 android.content.ContextWrapper.startService:516 com.android.server.telecom.BluetoothPhoneService.start:440 com.android.server.telecom.TelecomGlobals.initialize:93 com.android.server.telecom.TelecomService.onCreate:164 
01-21 16:50:31.651 D/ZenLog  (  433): downtime: Autotrigger skipped: not in downtime
01-21 16:50:31.702 W/ResourcesManager(  433): Asset path '/system/framework/com.android.location.provider.jar' does not exist or contains no resources.
01-21 16:50:31.761 V/WiredAccessoryManager(  433): init()
01-21 16:50:31.776 I/NINE    (  433): MSG_USER_ACTIVITY_TIMEOUT_PROTECT
01-21 16:50:31.819 V/WindowManagerService(  433): Based on layer: Adding window Window{36b20a32 u0 android/com.android.internal.app.ResolverActivity} at 0 of 1
01-21 16:50:31.819 I/NINE    (  433): MSG_USER_ACTIVITY_TIMEOUT_PROTECT
01-21 16:50:32.097 I/NINE    (  433): MSG_USER_ACTIVITY_TIMEOUT_PROTECT
01-21 16:50:32.101 I/NINE    (  433): MSG_USER_ACTIVITY_TIMEOUT_PROTECT
01-21 16:50:32.104 I/NINE    (  433): MSG_USER_ACTIVITY_TIMEOUT_PROTECT
01-21 16:50:32.106 I/NINE    (  433): MSG_USER_ACTIVITY_TIMEOUT_PROTECT
01-21 16:50:32.110 I/NINE    (  433): MSG_USER_ACTIVITY_TIMEOUT_PROTECT
01-21 16:50:32.118 I/NINE    (  433): MSG_USER_ACTIVITY_TIMEOUT_PROTECT
01-21 16:50:32.119 I/ActivityManagerService(  433): Start proc 929:smartlink.zhy.jyfridge/1000 for service smartlink.zhy.jyfridge/.service.VoiceService
01-21 16:50:32.231 I/NINE    (  433): MSG_USER_ACTIVITY_TIMEOUT_PROTECT
01-21 16:50:32.273 V/BackupManagerService(  433): Connected to transport ComponentInfo{android/com.android.internal.backup.LocalTransportService}
01-21 16:50:32.278 V/BackupManagerService(  433): Registering transport android/com.android.internal.backup.LocalTransportService::android/com.android.internal.backup.LocalTransport = android.app.backup.BackupTransport$TransportImpl@62c753
01-21 16:50:32.353 W/KeyguardServiceDelegate(  433): onScreenTurnedOn(): no keyguard service!
01-21 16:50:32.513 D/WifiService(  433): New client listening to asynchronous messages
01-21 16:50:32.658 I/NINE    (  433): MSG_USER_ACTIVITY_TIMEOUT_PROTECT
01-21 16:50:32.715 I/ActivityManagerService(  433): Start proc 975:com.android.smspush/u0a50 for service com.android.smspush/.WapPushManager
01-21 16:50:32.717 I/NINE    (  433): MSG_USER_ACTIVITY_TIMEOUT_PROTECT
01-21 16:50:32.729 D/WifiService(  433): New client listening to asynchronous messages
01-21 16:50:32.737 I/NINE    (  433): MSG_USER_ACTIVITY_TIMEOUT_PROTECT
01-21 16:50:32.768 I/NINE    (  433): MSG_USER_ACTIVITY_TIMEOUT_PROTECT
01-21 16:50:32.782 I/NINE    (  433): MSG_USER_ACTIVITY_TIMEOUT_PROTECT
01-21 16:50:32.869 I/ActivityManagerService(  433): Start proc 1004:com.iflytek.inputmethod.assist/u0a52 for service com.iflytek.inputmethod/.remote.assist.AssistAppService
01-21 16:50:32.900 E/ConnectivityService(  433): Failed to find Messenger in unregisterNetworkFactory
01-21 16:50:32.903 D/ConnectivityService(  433): Got NetworkFactory Messenger for Telephony
01-21 16:50:32.956 I/StatusBarManagerService(  433): registerStatusBar bar=com.android.internal.statusbar.IStatusBar$Stub$Proxy@23006420
01-21 16:50:32.993 W/ContextImpl(  929): Calling a method in the system process without a qualified user: android.app.ContextImpl.startService:1709 android.content.ContextWrapper.startService:516 com.iflytek.cloud.thirdparty.dj.d:-1 com.iflytek.cloud.thirdparty.dj.a:-1 com.iflytek.common.a.a:-1 
01-21 16:50:32.994 W/ActivityManagerService(  433): Unable to start service Intent { cmp=smartlink.zhy.jyfridge/com.iflytek.common.LaunchService } U=0: not found
01-21 16:50:33.032 W/ActivityThread(  929): ClassLoader.loadClass: The class loader returned by Thread.getContextClassLoader() may fail for processes that host multiple applications. You should explicitly specify a context class loader. For example: Thread.setContextClassLoader(getClass().getClassLoader());
01-21 16:50:33.064 I/NINE    (  433): MSG_USER_ACTIVITY_TIMEOUT_PROTECT
01-21 16:50:33.085 I/ActivityManagerService(  433): Start proc 1034:com.android.externalstorage/u0a4 for broadcast com.android.externalstorage/.MountReceiver
01-21 16:50:33.353 W/PhoneWindowManager(  433): Keyguard drawn timeout. Setting mKeyguardDrawComplete
01-21 16:50:33.460 I/NINE    (  433): MSG_USER_ACTIVITY_TIMEOUT_PROTECT
01-21 16:50:33.463 I/NINE    (  433): MSG_USER_ACTIVITY_TIMEOUT_PROTECT
01-21 16:50:33.492 I/NINE    (  433): MSG_USER_ACTIVITY_TIMEOUT_PROTECT
01-21 16:50:33.497 I/NINE    (  433): MSG_USER_ACTIVITY_TIMEOUT_PROTECT
01-21 16:50:33.894 I/NINE    (  433): MSG_USER_ACTIVITY_TIMEOUT_PROTECT
01-21 16:50:33.896 I/NINE    (  433): MSG_USER_ACTIVITY_TIMEOUT_PROTECT
01-21 16:50:33.902 I/NINE    (  433): MSG_USER_ACTIVITY_TIMEOUT_PROTECT
01-21 16:50:33.905 I/NINE    (  433): MSG_USER_ACTIVITY_TIMEOUT_PROTECT
01-21 16:50:33.909 I/NINE    (  433): MSG_USER_ACTIVITY_TIMEOUT_PROTECT
01-21 16:50:33.913 I/NINE    (  433): MSG_USER_ACTIVITY_TIMEOUT_PROTECT
01-21 16:50:34.093 I/NINE    (  433): MSG_USER_ACTIVITY_TIMEOUT_PROTECT
01-21 16:50:34.100 I/NINE    (  433): MSG_USER_ACTIVITY_TIMEOUT_PROTECT
01-21 16:50:34.111 I/NINE    (  433): MSG_USER_ACTIVITY_TIMEOUT_PROTECT
01-21 16:50:34.247 I/ActivityManagerService(  433): Start proc 1069:com.android.music/u0a31 for broadcast com.android.music/.MediaButtonIntentReceiver
01-21 16:50:34.249 I/NINE    (  433): MSG_USER_ACTIVITY_TIMEOUT_PROTECT
01-21 16:50:34.597 D/WifiService(  433): New client listening to asynchronous messages
01-21 16:50:34.786 I/NINE    (  433): MSG_USER_ACTIVITY_TIMEOUT_PROTECT
01-21 16:50:35.243 I/NINE    (  433): MSG_USER_ACTIVITY_TIMEOUT_PROTECT
01-21 16:50:35.249 I/NINE    (  433): MSG_USER_ACTIVITY_TIMEOUT_PROTECT
01-21 16:50:35.373 D/WifiService(  433): New client listening to asynchronous messages
01-21 16:50:35.517 D/ConnectivityService(  433): listenForNetwork for NetworkRequest [ id=2, legacyType=-1, [] ]
01-21 16:50:35.533 I/NINE    (  433): MSG_USER_ACTIVITY_TIMEOUT_PROTECT
01-21 16:50:35.663 I/NINE    (  433): MSG_USER_ACTIVITY_TIMEOUT_PROTECT
01-21 16:50:35.746 I/NINE    (  433): MSG_USER_ACTIVITY_TIMEOUT_PROTECT
01-21 16:50:35.789 I/NINE    (  433): MSG_USER_ACTIVITY_TIMEOUT_PROTECT
01-21 16:50:35.880 I/NINE    (  433): MSG_USER_ACTIVITY_TIMEOUT_PROTECT
01-21 16:50:35.895 I/NINE    (  433): MSG_USER_ACTIVITY_TIMEOUT_PROTECT
01-21 16:50:36.643 D/WifiService(  433): New client listening to asynchronous messages
01-21 16:50:36.981 E/ActivityManagerService(  433): Unable to mark boot complete for abi: armeabi-v7a
01-21 16:50:36.982 I/SystemServiceManager(  433): Starting phase 1000
01-21 16:50:36.998 W/ContextImpl(  433): Calling a method in the system process without a qualified user: android.app.ContextImpl.sendBroadcast:1344 com.android.server.am.ActivityManagerService.sendSignwayBroadcast:3265 com.android.server.am.ActivityManagerService.finishBooting:6481 com.android.server.am.ActivityManagerService.bootAnimationComplete:6525 com.android.server.wm.WindowManagerService.performEnableScreen:7010 
01-21 16:50:37.001 V/PhoneWindowManager(  433): rotation ======&&&&&========== 1
01-21 16:50:37.015 V/PhoneWindowManager(  433): rotation ======&&&&&========== 1
01-21 16:50:37.033 V/ActivityStackSupervisor(  433): Display changed displayId=0
01-21 16:50:37.054 V/PhoneWindowManager(  433): rotation ======&&&&&========== 1
01-21 16:50:37.097 I/ActivityManagerService(  433): Start proc 1152:com.android.keychain/1000 for service com.android.keychain/.KeyChainService
01-21 16:50:37.194 I/BootReceiver(  433): Copying /proc/last_kmsg to DropBox (SYSTEM_LAST_KMSG)
01-21 16:50:37.220 I/ActivityManagerService(  433): Start proc 1173:com.android.settings/1000 for broadcast com.android.settings/.HdmiReceiver
01-21 16:50:37.363 I/BootReceiver(  433): Copying audit failures to DropBox
01-21 16:50:37.384 I/BootReceiver(  433): Copied 0 worth of audits to DropBox
01-21 16:50:37.393 I/BootReceiver(  433): Checking for fsck errors
01-21 16:50:37.476 E/ActivityThread(  433): Failed to find provider info for downloads
01-21 16:50:37.478 E/BootReceiver(  433): Can't remove old update packages
01-21 16:50:37.478 E/BootReceiver(  433): java.lang.IllegalArgumentException: Unknown URL content://downloads/my_downloads
01-21 16:50:37.478 E/BootReceiver(  433): 	at android.content.ContentResolver.delete(ContentResolver.java:1295)
01-21 16:50:37.478 E/BootReceiver(  433): 	at android.provider.Downloads.removeAllDownloadsByPackage(Downloads.java:805)
01-21 16:50:37.478 E/BootReceiver(  433): 	at com.android.server.BootReceiver.removeOldUpdatePackages(BootReceiver.java:93)
01-21 16:50:37.478 E/BootReceiver(  433): 	at com.android.server.BootReceiver.access$100(BootReceiver.java:42)
01-21 16:50:37.478 E/BootReceiver(  433): 	at com.android.server.BootReceiver$1.run(BootReceiver.java:82)
01-21 16:50:37.710 I/ActivityManagerService(  433): Start proc 1199:com.android.providers.calendar/u0a1 for broadcast com.android.providers.calendar/.CalendarReceiver
01-21 16:50:37.812 W/ResourcesManager( 1199): Asset path '/system/framework/android.test.runner.jar' does not exist or contains no resources.
01-21 16:50:38.054 I/ActivityManagerService(  433): Start proc 1219:com.android.managedprovisioning/u0a5 for broadcast com.android.managedprovisioning/.BootReminder
01-21 16:50:38.376 I/ActivityManagerService(  433): Start proc 1240:com.android.onetimeinitializer/u0a8 for broadcast com.android.onetimeinitializer/.OneTimeInitializerReceiver
01-21 16:50:38.542 I/ActivityManagerService(  433): Start proc 1263:com.android.deskclock/u0a19 for broadcast com.android.deskclock/.AlarmInitReceiver
01-21 16:50:38.931 I/ActivityManagerService(  433): Start proc 1284:com.android.inputmethod.latin/u0a26 for broadcast com.android.inputmethod.latin/.SystemBroadcastReceiver
01-21 16:50:39.207 I/ActivityManagerService(  433): Process com.android.inputmethod.latin (pid 1284) has died
01-21 16:50:39.250 I/ActivityManagerService(  433): Start proc 1303:com.android.launcher3/u0a27 for broadcast com.android.launcher3/.StartupReceiver
01-21 16:50:39.349 D/ConnectivityService(  433): Got NetworkFactory Messenger for WIFI
01-21 16:50:39.349 D/ConnectivityService(  433): Got NetworkFactory Messenger for WIFI_UT
01-21 16:50:39.777 W/BroadcastQueue(  433): Permission Denial: receiving Intent { act=android.intent.action.BOOT_COMPLETED flg=0x8000020 (has extras) } to com.signway.watchdog/.BootCompleteReceiver requires android.permission.RECEIVE_BOOT_COMPLETED due to sender null (uid 1000)
01-21 16:50:40.592 E/WifiP2pService(  433): Unable to change interface settings: java.lang.IllegalStateException: command '21 interface setcfg p2p0 0.0.0.0 0 up' failed with '400 21 Failed to set address (No such device)'
01-21 16:50:40.594 D/WifiDisplayController(  433): Received WIFI_P2P_STATE_CHANGED_ACTION: enabled=true
01-21 16:50:40.594 D/WifiDisplayController(  433): ro.target.product ======= tablet
01-21 16:50:40.596 D/WifiDisplayController(  433): Received WIFI_P2P_CONNECTION_CHANGED_ACTION: networkInfo=[type: WIFI_P2P[], state: UNKNOWN/IDLE, reason: (unspecified), extra: (none), roaming: false, failover: false, isAvailable: true, isConnectedToProvisioningNetwork: false]
01-21 16:50:40.596 D/WifiDisplayController(  433): mDesiredDevice == NULL, So it is a sink device
01-21 16:50:40.596 D/WifiDisplayController(  433): ####onConnectionInfoAvailable(), mWfdEnabled networkInfo.isConnected() false, networkInfo.isConnected() false
01-21 16:50:40.596 D/WifiDisplayController(  433): ######mWifiWFDServicerOn =mWfdEnabled networkInfo.isConnected()falsefalsefalse
01-21 16:50:40.602 D/WifiDisplayController(  433): Received WIFI_P2P_THIS_DEVICE_CHANGED_ACTION: mThisDevice= Device: Android_8fd3
01-21 16:50:40.602 D/WifiDisplayController(  433):  deviceAddress: ce:b8:a8:51:13:6e
01-21 16:50:40.602 D/WifiDisplayController(  433):  primary type: 10-0050F204-5
01-21 16:50:40.602 D/WifiDisplayController(  433):  secondary type: null
01-21 16:50:40.602 D/WifiDisplayController(  433):  wps: 0
01-21 16:50:40.602 D/WifiDisplayController(  433):  grpcapab: 0
01-21 16:50:40.602 D/WifiDisplayController(  433):  devcapab: 0
01-21 16:50:40.602 D/WifiDisplayController(  433):  status: 3
01-21 16:50:40.602 D/WifiDisplayController(  433):  wfdInfo: WFD enabled: falseWFD DeviceInfo: 0
01-21 16:50:40.602 D/WifiDisplayController(  433):  WFD CtrlPort: 0
01-21 16:50:40.602 D/WifiDisplayController(  433):  WFD MaxThroughput: 0
01-21 16:50:40.636 D/WifiDisplayController(  433): Successfully set WFD info.
01-21 16:50:40.636 D/WifiDisplayAdapter(  433): getWifiDisplayStatusLocked: result=WifiDisplayStatus{featureState=3, scanState=0, activeDisplayState=0, activeDisplay=null, displays=[], sessionInfo=WifiDisplaySessionInfo:
01-21 16:50:40.636 D/WifiDisplayAdapter(  433):     Client/Owner: Client
01-21 16:50:40.636 D/WifiDisplayAdapter(  433):     GroupId: 
01-21 16:50:40.636 D/WifiDisplayAdapter(  433):     Passphrase: 
01-21 16:50:40.636 D/WifiDisplayAdapter(  433):     SessionId: 0
01-21 16:50:40.636 D/WifiDisplayAdapter(  433):     IP Address: }
01-21 16:50:40.640 D/WifiDisplayController(  433): Received WIFI_P2P_THIS_DEVICE_CHANGED_ACTION: mThisDevice= Device: Android_8fd3
01-21 16:50:40.640 D/WifiDisplayController(  433):  deviceAddress: ce:b8:a8:51:13:6e
01-21 16:50:40.640 D/WifiDisplayController(  433):  primary type: 10-0050F204-5
01-21 16:50:40.640 D/WifiDisplayController(  433):  secondary type: null
01-21 16:50:40.640 D/WifiDisplayController(  433):  wps: 0
01-21 16:50:40.640 D/WifiDisplayController(  433):  grpcapab: 0
01-21 16:50:40.640 D/WifiDisplayController(  433):  devcapab: 0
01-21 16:50:40.640 D/WifiDisplayController(  433):  status: 3
01-21 16:50:40.640 D/WifiDisplayController(  433):  wfdInfo: WFD enabled: trueWFD DeviceInfo: 16
01-21 16:50:40.640 D/WifiDisplayController(  433):  WFD CtrlPort: 7236
01-21 16:50:40.640 D/WifiDisplayController(  433):  WFD MaxThroughput: 50
01-21 16:50:42.790 I/ActivityStackSupervisor(  433): START u0 {act=android.intent.action.MAIN cat=[android.intent.category.HOME] flg=0x10000000 cmp=android/com.android.internal.app.ResolverActivity} from uid 0 on display 0
01-21 16:50:42.864 V/WindowManagerService(  433): Adding window Window{75bca26 u0 android/com.android.internal.app.ResolverActivity} at 2 of 7 (after Window{36b20a32 u0 android/com.android.internal.app.ResolverActivity})
01-21 16:50:43.123 W/ActivityManagerService(  433): Finishing task with all activities already finished
01-21 16:50:43.124 W/ActivityManagerService(  433): Duplicate finish request for ActivityRecord{1d15f6e6 u0 android/com.android.internal.app.ResolverActivity t12 f}
01-21 16:50:44.713 I/ActivityManagerService(  433): Waited long enough for: ServiceRecord{2187471e u0 com.signway.watchdog/.WatchDogService}
01-21 16:50:45.842 D/TaskPersister(  433): removeObsoleteFile: deleting file=12_task_thumbnail.png
01-21 16:50:46.109 I/PackageManager(  433): Setting last chosen activity com.android.launcher3/.Launcher for user 0:
01-21 16:50:46.110 I/ActivityStackSupervisor(  433): START u0 {act=android.intent.action.MAIN cat=[android.intent.category.HOME] flg=0x13000000 cmp=com.android.launcher3/.Launcher} from uid 0 on display 0
01-21 16:50:46.146 V/PhoneWindowManager(  433): rotation ======&&&&&========== 1
01-21 16:50:46.727 V/PhoneWindowManager(  433): rotation ======&&&&&========== 1
01-21 16:50:46.802 V/WindowManagerService(  433): Adding window Window{10496eb0 u0 com.android.launcher3/com.android.launcher3.Launcher} at 2 of 7 (after Window{75bca26 u0 android/com.android.internal.app.ResolverActivity})
01-21 16:50:47.241 W/ActivityManagerService(  433): Finishing task with all activities already finished
01-21 16:50:47.242 W/ActivityManagerService(  433): Duplicate finish request for ActivityRecord{2dbf1f4e u0 android/com.android.internal.app.ResolverActivity t13 f}
01-21 16:50:49.674 I/ActivityManagerService(  433): Waited long enough for: ServiceRecord{1d4b8ee3 u0 com.android.music/.MediaPlaybackService}
01-21 16:50:51.867 I/ActivityStackSupervisor(  433): START u0 {act=android.intent.action.MAIN cat=[android.intent.category.LAUNCHER] flg=0x10200000 cmp=com.android.settings/.Settings bnds=[527,401][739,519] (has extras)} from uid 10027 on display 0
01-21 16:50:52.020 V/WindowManagerService(  433): Adding window Window{44f62a4 u0 Starting com.android.settings} at 2 of 7 (after Window{10496eb0 u0 com.android.launcher3/com.android.launcher3.Launcher})
01-21 16:50:52.194 V/WindowManagerService(  433): Adding window Window{e98d26c u0 com.android.settings/com.android.settings.Settings} at 2 of 8 (before Window{44f62a4 u0 Starting com.android.settings})
01-21 16:50:53.441 I/ActivityStackSupervisor(  433): START u0 {act=android.intent.action.MAIN cmp=com.android.settings/.SubSettings (has extras)} from uid 1000 on display 0
01-21 16:50:53.547 D/WifiService(  433): New client listening to asynchronous messages
01-21 16:50:53.606 V/WindowManagerService(  433): Adding window Window{12053534 u0 com.android.settings/com.android.settings.SubSettings} at 3 of 8 (after Window{e98d26c u0 com.android.settings/com.android.settings.Settings})
01-21 16:50:54.775 I/ActivityManagerService(  433): Waited long enough for: ServiceRecord{206aa177 u0 android.rockchip.update.service/.RKUpdateService}
01-21 16:50:55.890 D/TaskPersister(  433): removeObsoleteFile: deleting file=6_task.xml
01-21 16:50:55.891 D/TaskPersister(  433): removeObsoleteFile: deleting file=6_task_thumbnail.png
01-21 16:51:05.341 I/NINE    (  433): MSG_USER_ACTIVITY_TIMEOUT_PROTECT
01-21 16:51:05.341 I/NINE    (  433): send action_power_protect_screen
01-21 16:51:05.341 W/ContextImpl(  433): Calling a method in the system process without a qualified user: android.app.ContextImpl.sendBroadcast:1344 com.android.server.power.PowerManagerService.handleprotectScreen:2000 com.android.server.power.PowerManagerService.access$3100:96 com.android.server.power.PowerManagerService$PowerManagerHandler.handleMessage:2894 android.os.Handler.dispatchMessage:102 
01-21 16:51:05.342 I/NINE    (  433): action_power_protect_screen
01-21 16:51:30.990 I/NINE    (  433): MSG_USER_ACTIVITY_TIMEOUT_PROTECT
01-21 16:51:30.990 I/NINE    (  433): send action_power_protect_screen
01-21 16:51:30.990 W/ContextImpl(  433): Calling a method in the system process without a qualified user: android.app.ContextImpl.sendBroadcast:1344 com.android.server.power.PowerManagerService.handleprotectScreen:2000 com.android.server.power.PowerManagerService.access$3100:96 com.android.server.power.PowerManagerService$PowerManagerHandler.handleMessage:2894 android.os.Handler.dispatchMessage:102 
01-21 16:51:30.991 I/NINE    (  433): MSG_USER_ACTIVITY_TIMEOUT_PROTECT
01-21 16:51:30.991 I/NINE    (  433): send action_power_protect_screen
01-21 16:51:30.992 I/NINE    (  433): action_power_protect_screen
01-21 16:51:30.992 W/ContextImpl(  433): Calling a method in the system process without a qualified user: android.app.ContextImpl.sendBroadcast:1344 com.android.server.power.PowerManagerService.handleprotectScreen:2000 com.android.server.power.PowerManagerService.access$3100:96 com.android.server.power.PowerManagerService$PowerManagerHandler.handleMessage:2894 android.os.Handler.dispatchMessage:102 
01-21 16:51:30.993 I/NINE    (  433): action_power_protect_screen
01-21 16:51:30.996 I/NINE    (  433): MSG_USER_ACTIVITY_TIMEOUT_PROTECT
01-21 16:51:30.996 I/NINE    (  433): send action_power_protect_screen
01-21 16:51:30.996 W/ContextImpl(  433): Calling a method in the system process without a qualified user: android.app.ContextImpl.sendBroadcast:1344 com.android.server.power.PowerManagerService.handleprotectScreen:2000 com.android.server.power.PowerManagerService.access$3100:96 com.android.server.power.PowerManagerService$PowerManagerHandler.handleMessage:2894 android.os.Handler.dispatchMessage:102 
01-21 16:51:30.997 I/NINE    (  433): action_power_protect_screen
01-21 16:51:31.004 I/NINE    (  433): MSG_USER_ACTIVITY_TIMEOUT_PROTECT
01-21 16:51:31.004 I/NINE    (  433): send action_power_protect_screen
01-21 16:51:31.004 W/ContextImpl(  433): Calling a method in the system process without a qualified user: android.app.ContextImpl.sendBroadcast:1344 com.android.server.power.PowerManagerService.handleprotectScreen:2000 com.android.server.power.PowerManagerService.access$3100:96 com.android.server.power.PowerManagerService$PowerManagerHandler.handleMessage:2894 android.os.Handler.dispatchMessage:102 
01-21 16:51:31.005 I/NINE    (  433): action_power_protect_screen
01-21 16:51:35.451 I/ActivityManagerService(  433): Start proc 1539:com.android.musicfx/u0a7 for broadcast com.android.musicfx/.ControlPanelReceiver
01-21 16:51:53.357 D/WifiService(  433): setWifiEnabled: false pid=1618, uid=0
01-21 16:51:53.357 E/WifiService(  433): Invoking mWifiStateMachine.setWifiEnabled
01-21 16:51:53.386 D/WifiDisplayController(  433): Received WIFI_P2P_STATE_CHANGED_ACTION: enabled=false
01-21 16:51:53.388 D/WifiDisplayAdapter(  433): getWifiDisplayStatusLocked: result=WifiDisplayStatus{featureState=1, scanState=0, activeDisplayState=0, activeDisplay=null, displays=[], sessionInfo=WifiDisplaySessionInfo:
01-21 16:51:53.388 D/WifiDisplayAdapter(  433):     Client/Owner: Client
01-21 16:51:53.388 D/WifiDisplayAdapter(  433):     GroupId: 
01-21 16:51:53.388 D/WifiDisplayAdapter(  433):     Passphrase: 
01-21 16:51:53.388 D/WifiDisplayAdapter(  433):     SessionId: 0
01-21 16:51:53.388 D/WifiDisplayAdapter(  433):     IP Address: }
01-21 16:51:53.388 D/WifiDisplayController(  433): Failed to set WFD info with reason 2.
01-21 16:51:54.091 D/WifiService(  433): setWifiEnabled: true pid=1821, uid=0
01-21 16:51:54.091 E/WifiService(  433): Invoking mWifiStateMachine.setWifiEnabled
01-21 16:51:56.805 I/NINE    (  433): MSG_USER_ACTIVITY_TIMEOUT_PROTECT
01-21 16:51:56.805 I/NINE    (  433): send action_power_protect_screen
01-21 16:51:56.806 W/ContextImpl(  433): Calling a method in the system process without a qualified user: android.app.ContextImpl.sendBroadcast:1344 com.android.server.power.PowerManagerService.handleprotectScreen:2000 com.android.server.power.PowerManagerService.access$3100:96 com.android.server.power.PowerManagerService$PowerManagerHandler.handleMessage:2894 android.os.Handler.dispatchMessage:102 
01-21 16:51:56.807 I/NINE    (  433): action_power_protect_screen
01-21 16:51:58.732 W/ProcessCpuTracker(  433): Skipping unknown process pid 3455
01-21 16:52:00.002 I/NINE    (  433): MSG_USER_ACTIVITY_TIMEOUT_PROTECT
01-21 16:52:00.002 I/NINE    (  433): send action_power_protect_screen
01-21 16:52:00.002 W/ContextImpl(  433): Calling a method in the system process without a qualified user: android.app.ContextImpl.sendBroadcast:1344 com.android.server.power.PowerManagerService.handleprotectScreen:2000 com.android.server.power.PowerManagerService.access$3100:96 com.android.server.power.PowerManagerService$PowerManagerHandler.handleMessage:2894 android.os.Handler.dispatchMessage:102 
01-21 16:52:00.005 I/NINE    (  433): action_power_protect_screen
01-21 16:52:00.039 I/NINE    (  433): MSG_USER_ACTIVITY_TIMEOUT_PROTECT
01-21 16:52:00.039 I/NINE    (  433): send action_power_protect_screen
01-21 16:52:00.039 W/ContextImpl(  433): Calling a method in the system process without a qualified user: android.app.ContextImpl.sendBroadcast:1344 com.android.server.power.PowerManagerService.handleprotectScreen:2000 com.android.server.power.PowerManagerService.access$3100:96 com.android.server.power.PowerManagerService$PowerManagerHandler.handleMessage:2894 android.os.Handler.dispatchMessage:102 
01-21 16:52:00.041 I/NINE    (  433): action_power_protect_screen
01-21 16:52:05.022 W/ProcessCpuTracker(  433): Skipping unknown process pid 5521
01-21 16:52:06.423 I/NINE    (  433): MSG_USER_ACTIVITY_TIMEOUT_PROTECT
01-21 16:52:06.424 I/NINE    (  433): send action_power_protect_screen
01-21 16:52:06.424 W/ContextImpl(  433): Calling a method in the system process without a qualified user: android.app.ContextImpl.sendBroadcast:1344 com.android.server.power.PowerManagerService.handleprotectScreen:2000 com.android.server.power.PowerManagerService.access$3100:96 com.android.server.power.PowerManagerService$PowerManagerHandler.handleMessage:2894 android.os.Handler.dispatchMessage:102 
01-21 16:52:06.425 I/NINE    (  433): action_power_protect_screen
01-21 16:52:06.429 I/NINE    (  433): MSG_USER_ACTIVITY_TIMEOUT_PROTECT
01-21 16:52:06.429 I/NINE    (  433): send action_power_protect_screen
01-21 16:52:06.429 W/ContextImpl(  433): Calling a method in the system process without a qualified user: android.app.ContextImpl.sendBroadcast:1344 com.android.server.power.PowerManagerService.handleprotectScreen:2000 com.android.server.power.PowerManagerService.access$3100:96 com.android.server.power.PowerManagerService$PowerManagerHandler.handleMessage:2894 android.os.Handler.dispatchMessage:102 
01-21 16:52:06.430 I/NINE    (  433): action_power_protect_screen
01-21 16:52:06.617 E/WifiP2pService(  433): Unable to change interface settings: java.lang.IllegalStateException: command '35 interface setcfg p2p0 0.0.0.0 0 up' failed with '400 35 Failed to set address (No such device)'
01-21 16:52:06.619 D/WifiDisplayController(  433): Received WIFI_P2P_STATE_CHANGED_ACTION: enabled=true
01-21 16:52:06.619 D/WifiDisplayController(  433): ro.target.product ======= tablet
01-21 16:52:06.619 D/WifiDisplayController(  433): Received WIFI_P2P_CONNECTION_CHANGED_ACTION: networkInfo=[type: WIFI_P2P[], state: UNKNOWN/IDLE, reason: (unspecified), extra: (none), roaming: false, failover: false, isAvailable: true, isConnectedToProvisioningNetwork: false]
01-21 16:52:06.619 D/WifiDisplayController(  433): mDesiredDevice == NULL, So it is a sink device
01-21 16:52:06.620 D/WifiDisplayController(  433): ####onConnectionInfoAvailable(), mWfdEnabled networkInfo.isConnected() false, networkInfo.isConnected() false
01-21 16:52:06.620 D/WifiDisplayController(  433): ######mWifiWFDServicerOn =mWfdEnabled networkInfo.isConnected()falsefalsefalse
01-21 16:52:06.629 D/WifiDisplayController(  433): Received WIFI_P2P_THIS_DEVICE_CHANGED_ACTION: mThisDevice= Device: Android_8fd3
01-21 16:52:06.629 D/WifiDisplayController(  433):  deviceAddress: ce:b8:a8:51:13:6e
01-21 16:52:06.629 D/WifiDisplayController(  433):  primary type: 10-0050F204-5
01-21 16:52:06.629 D/WifiDisplayController(  433):  secondary type: null
01-21 16:52:06.629 D/WifiDisplayController(  433):  wps: 0
01-21 16:52:06.629 D/WifiDisplayController(  433):  grpcapab: 0
01-21 16:52:06.629 D/WifiDisplayController(  433):  devcapab: 0
01-21 16:52:06.629 D/WifiDisplayController(  433):  status: 3
01-21 16:52:06.629 D/WifiDisplayController(  433):  wfdInfo: WFD enabled: trueWFD DeviceInfo: 16
01-21 16:52:06.629 D/WifiDisplayController(  433):  WFD CtrlPort: 7236
01-21 16:52:06.629 D/WifiDisplayController(  433):  WFD MaxThroughput: 50
01-21 16:52:06.669 D/WifiDisplayController(  433): Successfully set WFD info.
01-21 16:52:06.669 D/WifiDisplayController(  433): Received WIFI_P2P_THIS_DEVICE_CHANGED_ACTION: mThisDevice= Device: Android_8fd3
01-21 16:52:06.669 D/WifiDisplayController(  433):  deviceAddress: ce:b8:a8:51:13:6e
01-21 16:52:06.669 D/WifiDisplayController(  433):  primary type: 10-0050F204-5
01-21 16:52:06.669 D/WifiDisplayController(  433):  secondary type: null
01-21 16:52:06.669 D/WifiDisplayController(  433):  wps: 0
01-21 16:52:06.669 D/WifiDisplayController(  433):  grpcapab: 0
01-21 16:52:06.669 D/WifiDisplayController(  433):  devcapab: 0
01-21 16:52:06.669 D/WifiDisplayController(  433):  status: 3
01-21 16:52:06.669 D/WifiDisplayController(  433):  wfdInfo: WFD enabled: trueWFD DeviceInfo: 16
01-21 16:52:06.669 D/WifiDisplayController(  433):  WFD CtrlPort: 7236
01-21 16:52:06.669 D/WifiDisplayController(  433):  WFD MaxThroughput: 50
01-21 16:52:06.669 D/WifiDisplayAdapter(  433): getWifiDisplayStatusLocked: result=WifiDisplayStatus{featureState=3, scanState=0, activeDisplayState=0, activeDisplay=null, displays=[], sessionInfo=WifiDisplaySessionInfo:
01-21 16:52:06.669 D/WifiDisplayAdapter(  433):     Client/Owner: Client
01-21 16:52:06.669 D/WifiDisplayAdapter(  433):     GroupId: 
01-21 16:52:06.669 D/WifiDisplayAdapter(  433):     Passphrase: 
01-21 16:52:06.669 D/WifiDisplayAdapter(  433):     SessionId: 0
01-21 16:52:06.669 D/WifiDisplayAdapter(  433):     IP Address: }
01-21 16:52:07.980 D/ConnectivityService(  433): registerNetworkAgent NetworkAgentInfo{ ni{[type: WIFI[], state: CONNECTING/CONNECTING, reason: (unspecified), extra: "MERCURY D120", roaming: false, failover: false, isAvailable: true, isConnectedToProvisioningNetwork: false]}  network{null}  lp{{LinkAddresses: []  Routes: [] DnsAddresses: [] Domains: null MTU: 0 TcpBufferSizes: 524288,1048576,2097152,262144,524288,1048576}}  nc{[ Transports: WIFI Capabilities: INTERNET&NOT_RESTRICTED&TRUSTED&NOT_VPN LinkUpBandwidth>=1048576Kbps LinkDnBandwidth>=1048576Kbps]}  Score{20}  everValidated{false}  lastValidated{false}  created{false}  explicitlySelected{false} }
01-21 16:52:07.984 D/ConnectivityService(  433): NetworkAgentInfo [WIFI () - 100] EVENT_NETWORK_INFO_CHANGED, going from null to CONNECTING
01-21 16:52:08.033 D/ConnectivityService(  433): updateNetworkScore for NetworkAgentInfo [WIFI () - 100] to 60
01-21 16:52:09.169 D/ConnectivityService(  433): NetworkAgentInfo [WIFI () - 100] EVENT_NETWORK_INFO_CHANGED, going from CONNECTING to CONNECTED
01-21 16:52:09.172 D/ConnectivityService(  433): Adding iface wlan0 to network 100
01-21 16:52:09.203 E/ConnectivityService(  433): Unexpected mtu value: 0, wlan0
01-21 16:52:09.203 D/ConnectivityService(  433): Adding Route [fe80::/64 -> :: wlan0] to network 100
01-21 16:52:09.205 D/ConnectivityService(  433): Adding Route [192.168.1.0/24 -> 0.0.0.0 wlan0] to network 100
01-21 16:52:09.211 D/ConnectivityService(  433): Adding Route [0.0.0.0/0 -> 192.168.1.1 wlan0] to network 100
01-21 16:52:09.214 D/ConnectivityService(  433): Setting Dns servers for network 100 to [/172.31.1.125, /192.168.1.1]
01-21 16:52:09.223 I/NINE    (  433): MSG_USER_ACTIVITY_TIMEOUT_PROTECT
01-21 16:52:09.223 I/NINE    (  433): send action_power_protect_screen
01-21 16:52:09.223 W/ContextImpl(  433): Calling a method in the system process without a qualified user: android.app.ContextImpl.sendBroadcast:1344 com.android.server.power.PowerManagerService.handleprotectScreen:2000 com.android.server.power.PowerManagerService.access$3100:96 com.android.server.power.PowerManagerService$PowerManagerHandler.handleMessage:2894 android.os.Handler.dispatchMessage:102 
01-21 16:52:09.227 I/NINE    (  433): action_power_protect_screen
01-21 16:52:09.230 I/NINE    (  433): MSG_USER_ACTIVITY_TIMEOUT_PROTECT
01-21 16:52:09.230 I/NINE    (  433): send action_power_protect_screen
01-21 16:52:09.230 D/ConnectivityService(  433): notifyType IP_CHANGED for NetworkAgentInfo [WIFI () - 100]
01-21 16:52:09.231 W/ContextImpl(  433): Calling a method in the system process without a qualified user: android.app.ContextImpl.sendBroadcast:1344 com.android.server.power.PowerManagerService.handleprotectScreen:2000 com.android.server.power.PowerManagerService.access$3100:96 com.android.server.power.PowerManagerService$PowerManagerHandler.handleMessage:2894 android.os.Handler.dispatchMessage:102 
01-21 16:52:09.231 I/NINE    (  433): MSG_USER_ACTIVITY_TIMEOUT_PROTECT
01-21 16:52:09.232 I/NINE    (  433): send action_power_protect_screen
01-21 16:52:09.232 W/ContextImpl(  433): Calling a method in the system process without a qualified user: android.app.ContextImpl.sendBroadcast:1344 com.android.server.power.PowerManagerService.handleprotectScreen:2000 com.android.server.power.PowerManagerService.access$3100:96 com.android.server.power.PowerManagerService$PowerManagerHandler.handleMessage:2894 android.os.Handler.dispatchMessage:102 
01-21 16:52:09.233 I/NINE    (  433): action_power_protect_screen
01-21 16:52:09.234 I/NINE    (  433): action_power_protect_screen
01-21 16:52:09.237 I/NINE    (  433): MSG_USER_ACTIVITY_TIMEOUT_PROTECT
01-21 16:52:09.237 I/NINE    (  433): send action_power_protect_screen
01-21 16:52:09.237 D/ConnectivityService(  433): notifyType PRECHECK for NetworkAgentInfo [WIFI () - 100]
01-21 16:52:09.237 D/ConnectivityService(  433): rematching NetworkAgentInfo [WIFI () - 100]
01-21 16:52:09.237 W/ContextImpl(  433): Calling a method in the system process without a qualified user: android.app.ContextImpl.sendBroadcast:1344 com.android.server.power.PowerManagerService.handleprotectScreen:2000 com.android.server.power.PowerManagerService.access$3100:96 com.android.server.power.PowerManagerService$PowerManagerHandler.handleMessage:2894 android.os.Handler.dispatchMessage:102 
01-21 16:52:09.238 D/ConnectivityService(  433): currentScore = 0, newScore = 20
01-21 16:52:09.238 D/ConnectivityService(  433):    accepting network in place of null
01-21 16:52:09.239 I/NINE    (  433): action_power_protect_screen
01-21 16:52:09.241 D/ConnectivityService(  433): Switching to new default network: NetworkAgentInfo{ ni{[type: WIFI[], state: CONNECTED/CONNECTED, reason: (unspecified), extra: "MERCURY D120", roaming: false, failover: false, isAvailable: true, isConnectedToProvisioningNetwork: false]}  network{100}  lp{{InterfaceName: wlan0 LinkAddresses: [fe80::ceb8:a8ff:fe51:136e/64,192.168.1.100/24,]  Routes: [fe80::/64 -> :: wlan0,192.168.1.0/24 -> 0.0.0.0 wlan0,0.0.0.0/0 -> 192.168.1.1 wlan0,] DnsAddresses: [172.31.1.125,192.168.1.1,] Domains:  MTU: 0 TcpBufferSizes: 524288,1048576,2097152,262144,524288,1048576}}  nc{[ Transports: WIFI Capabilities: INTERNET&NOT_RESTRICTED&TRUSTED&NOT_VPN LinkUpBandwidth>=1048576Kbps LinkDnBandwidth>=1048576Kbps]}  Score{20}  everValidated{false}  lastValidated{false}  created{true}  explicitlySelected{false} }
01-21 16:52:09.243 D/ConnectivityService(  433): Setting tx/rx TCP buffers to 524288,1048576,2097152,262144,524288,1048576
01-21 16:52:09.249 D/ConnectivityService(  433): notifyType AVAILABLE for NetworkAgentInfo [WIFI () - 100]
