01-18 14:56:08.786 E/VoiceService(  929):   readLength  48   [85, -86, 65, 0, 32, 108, 106, 82, 10, 10, 10, 120, 120, 119, 13, 13, 10, 18, 10, 0, 0, 0, 0, 0, 0, 0, 3, 48, 8, 0, 0, 0, 0, 0, 0, 0, 0, 0, 0, 0, 0, 0, 0, 0, 0, 0, 0, 0]
01-18 14:56:08.786 E/TTTTTTTTTTTTTTTTTTTTTT MODE = (  929): 65    32
01-18 14:56:08.786 E/VoiceService(  929): 冷藏室门  关了
01-18 14:56:08.786 E/VoiceService(  929): 变温门   ================关了
01-18 14:56:08.786 E/VoiceService(  929): 冷冻门   ================关了
01-18 14:56:08.790 E/TAG     (  929): 写
01-18 14:56:08.791 E/VoiceService(  929): sendByte  [85, -86, 4, 0, 0, 0, 10, 10, 10, 0, 0, 0, 0, 0, 0, 0, 0, 0, 0, 0, 0, 0, 0, 33]
01-18 14:56:08.791 V/Uart-JNI(  929): write uart len 24, wBuf[0] = 0x55, wBuf[1] = 0xaa
01-18 14:56:09.031 D/GPIO    (  929): open gpio device gpioFd = 26
01-18 14:56:09.031 E/VoiceService(  929):   state  : 0
01-18 14:56:09.532 D/GPIO    (  929): open gpio device gpioFd = 26
01-18 14:56:09.532 E/VoiceService(  929):   state  : 0
01-18 14:56:09.786 E/TAG     (  929): 读
01-18 14:56:09.787 V/Uart-JNI(  929): read uart len 48, rBuf[0] = 0x55, rBuf[1] = 0xaa
01-18 14:56:09.787 E/VoiceService(  929):   readLength  48   [85, -86, 65, 0, 32, 108, 106, 82, 10, 10, 10, 120, 120, 119, 13, 12, 11, 18, 10, 0, 0, 0, 0, 0, 0, 0, 3, 48, 8, 0, 0, 0, 0, 0, 0, 0, 0, 0, 0, 0, 0, 0, 0, 0, 0, 0, 0, 0]
01-18 14:56:09.788 E/TTTTTTTTTTTTTTTTTTTTTT MODE = (  929): 65    32
01-18 14:56:09.788 E/VoiceService(  929): 冷藏室门  关了
01-18 14:56:09.788 E/VoiceService(  929): 变温门   ================关了
01-18 14:56:09.788 E/VoiceService(  929): 冷冻门   ================关了
01-18 14:56:09.790 E/TAG     (  929): 写
01-18 14:56:09.791 E/VoiceService(  929): sendByte  [85, -86, 4, 0, 0, 0, 10, 10, 10, 0, 0, 0, 0, 0, 0, 0, 0, 0, 0, 0, 0, 0, 0, 33]
01-18 14:56:09.792 V/Uart-JNI(  929): write uart len 24, wBuf[0] = 0x55, wBuf[1] = 0xaa
01-18 14:56:10.032 D/GPIO    (  929): open gpio device gpioFd = 26
01-18 14:56:10.033 E/VoiceService(  929):   state  : 0
01-18 14:56:10.066 E/WifiStateMachine(  433): WifiStateMachine CMD_START_SCAN source 1000 txSuccessRate=0.01 rxSuccessRate=0.01 targetRoamBSSID=6c:59:40:73:d1:20 RSSI=-33
01-18 14:56:10.068 E/WifiStateMachine(  433): [1,516,258,570,068 ms] noteScanstart no scan source uid 1000
01-18 14:56:10.121 D/hwcomposer(  157): Skip 5 layer 
01-18 14:56:10.533 D/GPIO    (  929): open gpio device gpioFd = 26
01-18 14:56:10.534 E/VoiceService(  929):   state  : 0
01-18 14:56:10.786 E/TAG     (  929): 读
01-18 14:56:10.788 V/Uart-JNI(  929): read uart len 48, rBuf[0] = 0x55, rBuf[1] = 0xaa
01-18 14:56:10.788 E/VoiceService(  929):   readLength  48   [85, -86, 65, 0, 32, 108, 106, 82, 10, 10, 10, 120, 120, 119, 13, 13, 10, 18, 10, 0, 0, 0, 0, 0, 0, 0, 3, 48, 8, 0, 0, 0, 0, 0, 0, 0, 0, 0, 0, 0, 0, 0, 0, 0, 0, 0, 0, 0]
01-18 14:56:10.788 E/TTTTTTTTTTTTTTTTTTTTTT MODE = (  929): 65    32
01-18 14:56:10.788 E/VoiceService(  929): 冷藏室门  关了
01-18 14:56:10.788 E/VoiceService(  929): 变温门   ================关了
01-18 14:56:10.788 E/VoiceService(  929): 冷冻门   ================关了
01-18 14:56:10.792 E/TAG     (  929): 写
01-18 14:56:10.792 E/VoiceService(  929): sendByte  [85, -86, 4, 0, 0, 0, 10, 10, 10, 0, 0, 0, 0, 0, 0, 0, 0, 0, 0, 0, 0, 0, 0, 33]
01-18 14:56:10.793 V/Uart-JNI(  929): write uart len 24, wBuf[0] = 0x55, wBuf[1] = 0xaa
01-18 14:56:10.814 E/WifiStateMachine(  433): WifiStateMachine CMD_START_SCAN source -2 txSuccessRate=0.00 rxSuccessRate=0.00 targetRoamBSSID=6c:59:40:73:d1:20 RSSI=-33
01-18 14:56:10.815 E/WifiStateMachine(  433): startDelayedScan send -> 56 milli 20000
01-18 14:56:10.815 E/WifiStateMachine(  433): WifiStateMachine CMD_START_SCAN with age=20002 interval=30000 maxinterval=300000
01-18 14:56:10.815 E/WifiStateMachine(  433): WifiStateMachine CMD_START_SCAN full=false
01-18 14:56:10.815 E/WifiStateMachine(  433): WifiStateMachine starting scan for "MERCURY D120"WPA_PSK with 2417
01-18 14:56:10.964 E/WifiStateMachine(  433): [1,516,258,570,964 ms] noteScanEnd WorkSource{1000} onTime=0
01-18 14:56:10.970 E/WifiStateMachine(  433): wifi setScanResults statecom.android.server.wifi.WifiStateMachine$ConnectedState@3b90c568 sup_state=COMPLETED debouncing=false mConnectionRequests=1 selection=<none>
01-18 14:56:11.035 D/GPIO    (  929): open gpio device gpioFd = 26
01-18 14:56:11.035 E/VoiceService(  929):   state  : 0
01-18 14:56:11.536 D/GPIO    (  929): open gpio device gpioFd = 26
01-18 14:56:11.536 E/VoiceService(  929):   state  : 0
01-18 14:56:11.787 E/TAG     (  929): 读
01-18 14:56:11.788 V/Uart-JNI(  929): read uart len 48, rBuf[0] = 0x55, rBuf[1] = 0xaa
01-18 14:56:11.788 E/VoiceService(  929):   readLength  48   [85, -86, 65, 0, 32, 108, 106, 82, 10, 10, 10, 120, 120, 119, 13, 13, 10, 18, 10, 0, 0, 0, 0, 0, 0, 0, 3, 48, 8, 0, 0, 0, 0, 0, 0, 0, 0, 0, 0, 0, 0, 0, 0, 0, 0, 0, 0, 0]
01-18 14:56:11.788 E/TTTTTTTTTTTTTTTTTTTTTT MODE = (  929): 65    32
01-18 14:56:11.788 E/VoiceService(  929): 冷藏室门  关了
01-18 14:56:11.788 E/VoiceService(  929): 变温门   ================关了
01-18 14:56:11.788 E/VoiceService(  929): 冷冻门   ================关了
01-18 14:56:11.792 E/TAG     (  929): 写
01-18 14:56:11.793 E/VoiceService(  929): sendByte  [85, -86, 4, 0, 0, 0, 10, 10, 10, 0, 0, 0, 0, 0, 0, 0, 0, 0, 0, 0, 0, 0, 0, 33]
01-18 14:56:11.793 V/Uart-JNI(  929): write uart len 24, wBuf[0] = 0x55, wBuf[1] = 0xaa
01-18 14:56:12.036 D/GPIO    (  929): open gpio device gpioFd = 26
01-18 14:56:12.036 E/VoiceService(  929):   state  : 0
01-18 14:56:12.537 D/GPIO    (  929): open gpio device gpioFd = 26
01-18 14:56:12.537 E/VoiceService(  929):   state  : 0
01-18 14:56:12.788 E/TAG     (  929): 读
01-18 14:56:12.789 V/Uart-JNI(  929): read uart len 48, rBuf[0] = 0x55, rBuf[1] = 0xaa
01-18 14:56:12.789 E/VoiceService(  929):   readLength  48   [85, -86, 65, 0, 32, 108, 106, 82, 10, 10, 10, 120, 120, 119, 13, 13, 11, 18, 10, 0, 0, 0, 0, 0, 0, 0, 3, 48, 8, 0, 0, 0, 0, 0, 0, 0, 0, 0, 0, 0, 0, 0, 0, 0, 0, 0, 0, 0]
01-18 14:56:12.790 E/TTTTTTTTTTTTTTTTTTTTTT MODE = (  929): 65    32
01-18 14:56:12.790 E/VoiceService(  929): 冷藏室门  关了
01-18 14:56:12.790 E/VoiceService(  929): 变温门   ================关了
01-18 14:56:12.790 E/VoiceService(  929): 冷冻门   ================关了
01-18 14:56:12.793 E/TAG     (  929): 写
01-18 14:56:12.793 E/VoiceService(  929): sendByte  [85, -86, 4, 0, 0, 0, 10, 10, 10, 0, 0, 0, 0, 0, 0, 0, 0, 0, 0, 0, 0, 0, 0, 33]
01-18 14:56:12.794 V/Uart-JNI(  929): write uart len 24, wBuf[0] = 0x55, wBuf[1] = 0xaa
01-18 14:56:13.038 D/GPIO    (  929): open gpio device gpioFd = 26
01-18 14:56:13.038 E/VoiceService(  929):   state  : 0
01-18 14:56:13.138 D/hwcomposer(  157): Skip 5 layer 
01-18 14:56:13.539 D/GPIO    (  929): open gpio device gpioFd = 26
01-18 14:56:13.539 E/VoiceService(  929):   state  : 0
01-18 14:56:13.788 E/TAG     (  929): 读
01-18 14:56:13.790 V/Uart-JNI(  929): read uart len 49, rBuf[0] = 0x55, rBuf[1] = 0xaa
01-18 14:56:13.790 E/VoiceService(  929):   readLength  49   [85, -86, 65, 0, 32, 108, 106, 82, 10, 10, 10, 120, 120, 119, 13, 13, 11, 18, 10, 0, 0, 0, 0, 0, 0, 0, 3, 48, 8, 0, 0, 0, 0, 0, 0, 0, 0, 0, 0, 0, 0, 0, 0, 0, 0, 0, 0, 0]
01-18 14:56:13.790 E/TTTTTTTTTTTTTTTTTTTTTT MODE = (  929): 65    32
01-18 14:56:13.790 E/VoiceService(  929): 冷藏室门  关了
01-18 14:56:13.790 E/VoiceService(  929): 变温门   ================关了
01-18 14:56:13.790 E/VoiceService(  929): 冷冻门   ================关了
01-18 14:56:13.793 E/TAG     (  929): 写
01-18 14:56:13.794 E/VoiceService(  929): sendByte  [85, -86, 4, 0, 0, 0, 10, 10, 10, 0, 0, 0, 0, 0, 0, 0, 0, 0, 0, 0, 0, 0, 0, 33]
01-18 14:56:13.794 V/Uart-JNI(  929): write uart len 24, wBuf[0] = 0x55, wBuf[1] = 0xaa
01-18 14:56:14.040 D/GPIO    (  929): open gpio device gpioFd = 26
01-18 14:56:14.040 E/VoiceService(  929):   state  : 0
01-18 14:56:14.541 D/GPIO    (  929): open gpio device gpioFd = 26
01-18 14:56:14.541 E/VoiceService(  929):   state  : 0
01-18 14:56:14.790 E/TAG     (  929): 读
01-18 14:56:14.791 V/Uart-JNI(  929): read uart len 48, rBuf[0] = 0x55, rBuf[1] = 0xaa
01-18 14:56:14.791 E/VoiceService(  929):   readLength  48   [85, -86, 65, 0, 32, 108, 106, 82, 10, 10, 10, 120, 120, 119, 13, 13, 11, 18, 10, 0, 0, 0, 0, 0, 0, 0, 3, 48, 8, 0, 0, 0, 0, 0, 0, 0, 0, 0, 0, 0, 0, 0, 0, 0, 0, 0, 0, 1]
01-18 14:56:14.792 E/TTTTTTTTTTTTTTTTTTTTTT MODE = (  929): 65    32
01-18 14:56:14.792 E/VoiceService(  929): 冷藏室门  关了
01-18 14:56:14.792 E/VoiceService(  929): 变温门   ================关了
01-18 14:56:14.792 E/VoiceService(  929): 冷冻门   ================关了
01-18 14:56:14.794 E/TAG     (  929): 写
01-18 14:56:14.794 E/VoiceService(  929): sendByte  [85, -86, 4, 0, 0, 0, 10, 10, 10, 0, 0, 0, 0, 0, 0, 0, 0, 0, 0, 0, 0, 0, 0, 33]
01-18 14:56:14.795 V/Uart-JNI(  929): write uart len 24, wBuf[0] = 0x55, wBuf[1] = 0xaa
01-18 14:56:15.042 D/GPIO    (  929): open gpio device gpioFd = 26
01-18 14:56:15.042 E/VoiceService(  929):   state  : 0
01-18 14:56:15.543 D/GPIO    (  929): open gpio device gpioFd = 26
01-18 14:56:15.543 E/VoiceService(  929):   state  : 0
01-18 14:56:15.790 E/TAG     (  929): 读
01-18 14:56:15.792 V/Uart-JNI(  929): read uart len 49, rBuf[0] = 0x55, rBuf[1] = 0xaa
01-18 14:56:15.792 E/VoiceService(  929):   readLength  49   [85, -86, 65, 0, 32, 108, 106, 82, 10, 10, 10, 120, 120, 119, 13, 13, 11, 18, 10, 0, 0, 0, 0, 0, 0, 0, 3, 48, 8, 0, 0, 0, 0, 0, 0, 0, 0, 0, 0, 0, 0, 0, 0, 0, 0, 0, 0, 0]
01-18 14:56:15.792 E/TTTTTTTTTTTTTTTTTTTTTT MODE = (  929): 65    32
01-18 14:56:15.792 E/VoiceService(  929): 冷藏室门  关了
01-18 14:56:15.792 E/VoiceService(  929): 变温门   ================关了
01-18 14:56:15.792 E/VoiceService(  929): 冷冻门   ================关了
01-18 14:56:15.795 E/TAG     (  929): 写
01-18 14:56:15.795 E/VoiceService(  929): sendByte  [85, -86, 4, 0, 0, 0, 10, 10, 10, 0, 0, 0, 0, 0, 0, 0, 0, 0, 0, 0, 0, 0, 0, 33]
01-18 14:56:15.796 V/Uart-JNI(  929): write uart len 24, wBuf[0] = 0x55, wBuf[1] = 0xaa
01-18 14:56:16.044 D/GPIO    (  929): open gpio device gpioFd = 26
01-18 14:56:16.044 E/VoiceService(  929):   state  : 0
01-18 14:56:16.155 D/hwcomposer(  157): Skip 5 layer 
01-18 14:56:16.545 D/GPIO    (  929): open gpio device gpioFd = 26
01-18 14:56:16.545 E/VoiceService(  929):   state  : 0
01-18 14:56:16.791 E/TAG     (  929): 读
01-18 14:56:16.792 V/Uart-JNI(  929): read uart len 48, rBuf[0] = 0x55, rBuf[1] = 0xaa
01-18 14:56:16.792 E/VoiceService(  929):   readLength  48   [85, -86, 65, 0, 32, 108, 106, 82, 10, 10, 10, 120, 120, 119, 13, 13, 11, 18, 10, 0, 0, 0, 0, 0, 0, 0, 3, 48, 8, 0, 0, 0, 0, 0, 0, 0, 0, 0, 0, 0, 0, 0, 0, 0, 0, 0, 0, 0]
01-18 14:56:16.792 E/TTTTTTTTTTTTTTTTTTTTTT MODE = (  929): 65    32
01-18 14:56:16.792 E/VoiceService(  929): 冷藏室门  关了
01-18 14:56:16.792 E/VoiceService(  929): 变温门   ================关了
01-18 14:56:16.793 E/VoiceService(  929): 冷冻门   ================关了
01-18 14:56:16.795 E/TAG     (  929): 写
01-18 14:56:16.796 E/VoiceService(  929): sendByte  [85, -86, 4, 0, 0, 0, 10, 10, 10, 0, 0, 0, 0, 0, 0, 0, 0, 0, 0, 0, 0, 0, 0, 33]
01-18 14:56:16.797 V/Uart-JNI(  929): write uart len 24, wBuf[0] = 0x55, wBuf[1] = 0xaa
01-18 14:56:17.045 D/GPIO    (  929): open gpio device gpioFd = 26
01-18 14:56:17.046 E/VoiceService(  929):   state  : 0
01-18 14:56:17.545 D/GPIO    (  929): open gpio device gpioFd = 26
01-18 14:56:17.546 E/VoiceService(  929):   state  : 0
01-18 14:56:17.791 E/TAG     (  929): 读
01-18 14:56:17.792 V/Uart-JNI(  929): read uart len 48, rBuf[0] = 0x55, rBuf[1] = 0xaa
01-18 14:56:17.793 E/VoiceService(  929):   readLength  48   [85, -86, 65, 0, 32, 108, 106, 82, 10, 10, 10, 120, 120, 119, 13, 13, 11, 18, 10, 0, 0, 0, 0, 0, 0, 0, 3, 48, 8, 0, 0, 0, 0, 0, 0, 0, 0, 0, 0, 0, 0, 0, 0, 0, 0, 0, 0, 0]
01-18 14:56:17.793 E/TTTTTTTTTTTTTTTTTTTTTT MODE = (  929): 65    32
01-18 14:56:17.793 E/VoiceService(  929): 冷藏室门  关了
01-18 14:56:17.793 E/VoiceService(  929): 变温门   ================关了
01-18 14:56:17.793 E/VoiceService(  929): 冷冻门   ================关了
01-18 14:56:17.797 E/TAG     (  929): 写
01-18 14:56:17.797 E/VoiceService(  929): sendByte  [85, -86, 4, 0, 0, 0, 10, 10, 10, 0, 0, 0, 0, 0, 0, 0, 0, 0, 0, 0, 0, 0, 0, 33]
01-18 14:56:17.798 V/Uart-JNI(  929): write uart len 24, wBuf[0] = 0x55, wBuf[1] = 0xaa
01-18 14:56:18.046 D/GPIO    (  929): open gpio device gpioFd = 26
01-18 14:56:18.046 E/VoiceService(  929):   state  : 0
01-18 14:56:18.547 D/GPIO    (  929): open gpio device gpioFd = 26
01-18 14:56:18.547 E/VoiceService(  929):   state  : 0
01-18 14:56:18.792 E/TAG     (  929): 读
01-18 14:56:18.793 V/Uart-JNI(  929): read uart len 49, rBuf[0] = 0x55, rBuf[1] = 0xaa
01-18 14:56:18.793 E/VoiceService(  929):   readLength  49   [85, -86, 65, 0, 32, 108, 106, 82, 10, 10, 10, 120, 120, 119, 13, 13, 10, 18, 10, 0, 0, 0, 0, 0, 0, 0, 3, 48, 8, 0, 0, 0, 0, 0, 0, 0, 0, 0, 0, 0, 0, 0, 0, 0, 0, 0, 0, 0]
01-18 14:56:18.793 E/TTTTTTTTTTTTTTTTTTTTTT MODE = (  929): 65    32
01-18 14:56:18.793 E/VoiceService(  929): 冷藏室门  关了
01-18 14:56:18.793 E/VoiceService(  929): 变温门   ================关了
01-18 14:56:18.793 E/VoiceService(  929): 冷冻门   ================关了
01-18 14:56:18.797 E/TAG     (  929): 写
01-18 14:56:18.798 E/VoiceService(  929): sendByte  [85, -86, 4, 0, 0, 0, 10, 10, 10, 0, 0, 0, 0, 0, 0, 0, 0, 0, 0, 0, 0, 0, 0, 33]
01-18 14:56:18.798 V/Uart-JNI(  929): write uart len 24, wBuf[0] = 0x55, wBuf[1] = 0xaa
01-18 14:56:19.048 D/GPIO    (  929): open gpio device gpioFd = 26
01-18 14:56:19.048 E/VoiceService(  929):   state  : 0
01-18 14:56:19.171 D/hwcomposer(  157): Skip 5 layer 
01-18 14:56:19.549 D/GPIO    (  929): open gpio device gpioFd = 26
01-18 14:56:19.549 E/VoiceService(  929):   state  : 0
01-18 14:56:19.792 E/TAG     (  929): 读
01-18 14:56:19.794 V/Uart-JNI(  929): read uart len 48, rBuf[0] = 0x55, rBuf[1] = 0xaa
01-18 14:56:19.794 E/VoiceService(  929):   readLength  48   [85, -86, 65, 0, 32, 108, 106, 82, 10, 10, 10, 120, 120, 119, 13, 13, 11, 18, 10, 0, 0, 0, 0, 0, 0, 0, 3, 48, 8, 0, 0, 0, 0, 0, 0, 0, 0, 0, 0, 0, 0, 0, 0, 0, 0, 0, 0, 1]
01-18 14:56:19.794 E/TTTTTTTTTTTTTTTTTTTTTT MODE = (  929): 65    32
01-18 14:56:19.794 E/VoiceService(  929): 冷藏室门  关了
01-18 14:56:19.794 E/VoiceService(  929): 变温门   ================关了
01-18 14:56:19.794 E/VoiceService(  929): 冷冻门   ================关了
01-18 14:56:19.797 E/TAG     (  929): 写
01-18 14:56:19.798 E/VoiceService(  929): sendByte  [85, -86, 4, 0, 0, 0, 10, 10, 10, 0, 0, 0, 0, 0, 0, 0, 0, 0, 0, 0, 0, 0, 0, 33]
01-18 14:56:19.798 V/Uart-JNI(  929): write uart len 24, wBuf[0] = 0x55, wBuf[1] = 0xaa
01-18 14:56:20.050 D/GPIO    (  929): open gpio device gpioFd = 26
01-18 14:56:20.050 E/VoiceService(  929):   state  : 0
01-18 14:56:20.068 E/WifiStateMachine(  433): WifiStateMachine CMD_START_SCAN source 1000 txSuccessRate=0.00 rxSuccessRate=0.00 targetRoamBSSID=6c:59:40:73:d1:20 RSSI=-33
01-18 14:56:20.069 E/WifiStateMachine(  433): [1,516,258,580,069 ms] noteScanstart no scan source uid 1000
01-18 14:56:20.288 E/WifiStateMachine(  433): [1,516,258,580,288 ms] noteScanEnd WorkSource{1000} onTime=0
01-18 14:56:20.294 E/WifiStateMachine(  433): wifi setScanResults statecom.android.server.wifi.WifiStateMachine$ConnectedState@3b90c568 sup_state=COMPLETED debouncing=false mConnectionRequests=1 selection=<none>
01-18 14:56:20.371 D/hwcomposer(  157): Skip 5 layer 
01-18 14:56:20.388 D/hwcomposer(  157): Skip 5 layer 
01-18 14:56:20.551 D/GPIO    (  929): open gpio device gpioFd = 26
01-18 14:56:20.551 E/VoiceService(  929):   state  : 0
01-18 14:56:20.794 E/TAG     (  929): 读
01-18 14:56:20.795 V/Uart-JNI(  929): read uart len 48, rBuf[0] = 0x55, rBuf[1] = 0xaa
01-18 14:56:20.795 E/VoiceService(  929):   readLength  48   [85, -86, 65, 0, 32, 108, 106, 82, 10, 10, 10, 120, 120, 119, 13, 12, 11, 18, 10, 0, 0, 0, 0, 0, 0, 0, 3, 48, 8, 0, 0, 0, 0, 0, 0, 0, 0, 0, 0, 0, 0, 0, 0, 0, 0, 0, 0, 0]
01-18 14:56:20.795 E/TTTTTTTTTTTTTTTTTTTTTT MODE = (  929): 65    32
01-18 14:56:20.795 E/VoiceService(  929): 冷藏室门  关了
01-18 14:56:20.795 E/VoiceService(  929): 变温门   ================关了
01-18 14:56:20.795 E/VoiceService(  929): 冷冻门   ================关了
01-18 14:56:20.797 E/TAG     (  929): 写
01-18 14:56:20.798 E/VoiceService(  929): sendByte  [85, -86, 4, 0, 0, 0, 10, 10, 10, 0, 0, 0, 0, 0, 0, 0, 0, 0, 0, 0, 0, 0, 0, 33]
01-18 14:56:20.799 V/Uart-JNI(  929): write uart len 24, wBuf[0] = 0x55, wBuf[1] = 0xaa
01-18 14:56:21.051 D/GPIO    (  929): open gpio device gpioFd = 26
01-18 14:56:21.051 E/VoiceService(  929):   state  : 0
01-18 14:56:21.552 D/GPIO    (  929): open gpio device gpioFd = 26
01-18 14:56:21.553 E/VoiceService(  929):   state  : 0
01-18 14:56:21.795 E/TAG     (  929): 读
01-18 14:56:21.796 V/Uart-JNI(  929): read uart len 48, rBuf[0] = 0x55, rBuf[1] = 0xaa
01-18 14:56:21.796 E/VoiceService(  929):   readLength  48   [85, -86, 65, 0, 32, 108, 106, 82, 10, 10, 10, 120, 120, 119, 13, 13, 10, 18, 10, 0, 0, 0, 0, 0, 0, 0, 3, 48, 8, 0, 0, 0, 0, 0, 0, 0, 0, 0, 0, 0, 0, 0, 0, 0, 0, 0, 0, 0]
01-18 14:56:21.797 E/TTTTTTTTTTTTTTTTTTTTTT MODE = (  929): 65    32
01-18 14:56:21.797 E/VoiceService(  929): 冷藏室门  关了
01-18 14:56:21.797 E/VoiceService(  929): 变温门   ================关了
01-18 14:56:21.797 E/VoiceService(  929): 冷冻门   ================关了
01-18 14:56:21.799 E/TAG     (  929): 写
01-18 14:56:21.799 E/VoiceService(  929): sendByte  [85, -86, 4, 0, 0, 0, 10, 10, 10, 0, 0, 0, 0, 0, 0, 0, 0, 0, 0, 0, 0, 0, 0, 33]
01-18 14:56:21.800 V/Uart-JNI(  929): write uart len 24, wBuf[0] = 0x55, wBuf[1] = 0xaa
01-18 14:56:22.053 D/GPIO    (  929): open gpio device gpioFd = 26
01-18 14:56:22.053 E/VoiceService(  929):   state  : 0
01-18 14:56:22.188 D/hwcomposer(  157): Skip 5 layer 
01-18 14:56:22.553 D/GPIO    (  929): open gpio device gpioFd = 26
01-18 14:56:22.553 E/VoiceService(  929):   state  : 0
01-18 14:56:22.796 E/TAG     (  929): 读
01-18 14:56:22.797 V/Uart-JNI(  929): read uart len 48, rBuf[0] = 0x55, rBuf[1] = 0xaa
01-18 14:56:22.797 E/VoiceService(  929):   readLength  48   [85, -86, 65, 0, 32, 108, 106, 82, 10, 10, 10, 120, 120, 119, 13, 13, 11, 18, 10, 0, 0, 0, 0, 0, 0, 0, 3, 48, 8, 0, 0, 0, 0, 0, 0, 0, 0, 0, 0, 0, 0, 0, 0, 0, 0, 0, 0, 0]
01-18 14:56:22.798 E/TTTTTTTTTTTTTTTTTTTTTT MODE = (  929): 65    32
01-18 14:56:22.798 E/VoiceService(  929): 冷藏室门  关了
01-18 14:56:22.798 E/VoiceService(  929): 变温门   ================关了
01-18 14:56:22.798 E/VoiceService(  929): 冷冻门   ================关了
01-18 14:56:22.800 E/TAG     (  929): 写
01-18 14:56:22.800 E/VoiceService(  929): sendByte  [85, -86, 4, 0, 0, 0, 10, 10, 10, 0, 0, 0, 0, 0, 0, 0, 0, 0, 0, 0, 0, 0, 0, 33]
01-18 14:56:22.801 V/Uart-JNI(  929): write uart len 24, wBuf[0] = 0x55, wBuf[1] = 0xaa
01-18 14:56:23.054 D/GPIO    (  929): open gpio device gpioFd = 26
01-18 14:56:23.054 E/VoiceService(  929):   state  : 0
01-18 14:56:23.555 D/GPIO    (  929): open gpio device gpioFd = 26
01-18 14:56:23.555 E/VoiceService(  929):   state  : 0
01-18 14:56:23.796 E/TAG     (  929): 读
01-18 14:56:23.798 V/Uart-JNI(  929): read uart len 48, rBuf[0] = 0x55, rBuf[1] = 0xaa
01-18 14:56:23.798 E/VoiceService(  929):   readLength  48   [85, -86, 65, 0, 32, 108, 106, 82, 10, 10, 10, 120, 120, 119, 13, 13, 11, 18, 10, 0, 0, 0, 0, 0, 0, 0, 3, 48, 8, 0, 0, 0, 0, 0, 0, 0, 0, 0, 0, 0, 0, 0, 0, 0, 0, 0, 0, 0]
01-18 14:56:23.798 E/TTTTTTTTTTTTTTTTTTTTTT MODE = (  929): 65    32
01-18 14:56:23.798 E/VoiceService(  929): 冷藏室门  关了
01-18 14:56:23.798 E/VoiceService(  929): 变温门   ================关了
01-18 14:56:23.798 E/VoiceService(  929): 冷冻门   ================关了
01-18 14:56:23.801 E/TAG     (  929): 写
01-18 14:56:23.801 E/VoiceService(  929): sendByte  [85, -86, 4, 0, 0, 0, 10, 10, 10, 0, 0, 0, 0, 0, 0, 0, 0, 0, 0, 0, 0, 0, 0, 33]
01-18 14:56:23.802 V/Uart-JNI(  929): write uart len 24, wBuf[0] = 0x55, wBuf[1] = 0xaa
01-18 14:56:24.056 D/GPIO    (  929): open gpio device gpioFd = 26
01-18 14:56:24.056 E/VoiceService(  929):   state  : 0
01-18 14:56:24.557 D/GPIO    (  929): open gpio device gpioFd = 26
01-18 14:56:24.557 E/VoiceService(  929):   state  : 0
01-18 14:56:24.797 E/TAG     (  929): 读
01-18 14:56:24.798 V/Uart-JNI(  929): read uart len 48, rBuf[0] = 0x55, rBuf[1] = 0xaa
01-18 14:56:24.798 E/VoiceService(  929):   readLength  48   [85, -86, 65, 0, 32, 108, 106, 82, 10, 10, 10, 120, 120, 119, 13, 13, 10, 18, 10, 0, 0, 0, 0, 0, 0, 0, 3, 48, 8, 0, 0, 0, 0, 0, 0, 0, 0, 0, 0, 0, 0, 0, 0, 0, 0, 0, 0, 0]
01-18 14:56:24.798 E/TTTTTTTTTTTTTTTTTTTTTT MODE = (  929): 65    32
01-18 14:56:24.798 E/VoiceService(  929): 冷藏室门  关了
01-18 14:56:24.798 E/VoiceService(  929): 变温门   ================关了
01-18 14:56:24.798 E/VoiceService(  929): 冷冻门   ================关了
01-18 14:56:24.801 E/TAG     (  929): 写
01-18 14:56:24.802 E/VoiceService(  929): sendByte  [85, -86, 4, 0, 0, 0, 10, 10, 10, 0, 0, 0, 0, 0, 0, 0, 0, 0, 0, 0, 0, 0, 0, 33]
01-18 14:56:24.803 V/Uart-JNI(  929): write uart len 24, wBuf[0] = 0x55, wBuf[1] = 0xaa
01-18 14:56:25.057 D/GPIO    (  929): open gpio device gpioFd = 26
01-18 14:56:25.057 E/VoiceService(  929):   state  : 0
01-18 14:56:25.205 D/hwcomposer(  157): Skip 5 layer 
01-18 14:56:25.557 D/GPIO    (  929): open gpio device gpioFd = 26
01-18 14:56:25.557 E/VoiceService(  929):   state  : 0
01-18 14:56:25.798 E/TAG     (  929): 读
01-18 14:56:25.799 V/Uart-JNI(  929): read uart len 48, rBuf[0] = 0x55, rBuf[1] = 0xaa
01-18 14:56:25.799 E/VoiceService(  929):   readLength  48   [85, -86, 65, 0, 32, 108, 106, 82, 10, 10, 10, 120, 120, 119, 13, 13, 10, 18, 10, 0, 0, 0, 0, 0, 0, 0, 3, 48, 8, 0, 0, 0, 0, 0, 0, 0, 0, 0, 0, 0, 0, 0, 0, 0, 0, 0, 0, 0]
01-18 14:56:25.800 E/TTTTTTTTTTTTTTTTTTTTTT MODE = (  929): 65    32
01-18 14:56:25.800 E/VoiceService(  929): 冷藏室门  关了
01-18 14:56:25.800 E/VoiceService(  929): 变温门   ================关了
01-18 14:56:25.800 E/VoiceService(  929): 冷冻门   ================关了
01-18 14:56:25.802 E/TAG     (  929): 写
01-18 14:56:25.803 E/VoiceService(  929): sendByte  [85, -86, 4, 0, 0, 0, 10, 10, 10, 0, 0, 0, 0, 0, 0, 0, 0, 0, 0, 0, 0, 0, 0, 33]
01-18 14:56:25.804 V/Uart-JNI(  929): write uart len 24, wBuf[0] = 0x55, wBuf[1] = 0xaa
01-18 14:56:26.058 D/GPIO    (  929): open gpio device gpioFd = 26
01-18 14:56:26.058 E/VoiceService(  929):   state  : 0
01-18 14:56:26.559 D/GPIO    (  929): open gpio device gpioFd = 26
01-18 14:56:26.559 E/VoiceService(  929):   state  : 0
01-18 14:56:26.798 E/TAG     (  929): 读
01-18 14:56:26.800 V/Uart-JNI(  929): read uart len 48, rBuf[0] = 0x55, rBuf[1] = 0xaa
01-18 14:56:26.800 E/VoiceService(  929):   readLength  48   [85, -86, 65, 0, 32, 108, 106, 82, 10, 10, 10, 120, 120, 119, 13, 13, 11, 18, 10, 0, 0, 0, 0, 0, 0, 0, 3, 48, 8, 0, 0, 0, 0, 0, 0, 0, 0, 0, 0, 0, 0, 0, 0, 0, 0, 0, 0, 0]
01-18 14:56:26.800 E/TTTTTTTTTTTTTTTTTTTTTT MODE = (  929): 65    32
01-18 14:56:26.800 E/VoiceService(  929): 冷藏室门  关了
01-18 14:56:26.800 E/VoiceService(  929): 变温门   ================关了
01-18 14:56:26.800 E/VoiceService(  929): 冷冻门   ================关了
01-18 14:56:26.804 E/TAG     (  929): 写
01-18 14:56:26.804 E/VoiceService(  929): sendByte  [85, -86, 4, 0, 0, 0, 10, 10, 10, 0, 0, 0, 0, 0, 0, 0, 0, 0, 0, 0, 0, 0, 0, 33]
01-18 14:56:26.805 V/Uart-JNI(  929): write uart len 24, wBuf[0] = 0x55, wBuf[1] = 0xaa
01-18 14:56:27.060 D/GPIO    (  929): open gpio device gpioFd = 26
01-18 14:56:27.060 E/VoiceService(  929):   state  : 0
01-18 14:56:27.561 D/GPIO    (  929): open gpio device gpioFd = 26
01-18 14:56:27.561 E/VoiceService(  929):   state  : 0
01-18 14:56:27.799 E/TAG     (  929): 读
01-18 14:56:27.800 V/Uart-JNI(  929): read uart len 48, rBuf[0] = 0x55, rBuf[1] = 0xaa
01-18 14:56:27.800 E/VoiceService(  929):   readLength  48   [85, -86, 65, 0, 32, 108, 106, 82, 10, 10, 10, 120, 120, 119, 13, 13, 10, 18, 10, 0, 0, 0, 0, 0, 0, 0, 3, 48, 8, 0, 0, 0, 0, 0, 0, 0, 0, 0, 0, 0, 0, 0, 0, 0, 0, 0, 0, 0]
01-18 14:56:27.800 E/TTTTTTTTTTTTTTTTTTTTTT MODE = (  929): 65    32
01-18 14:56:27.800 E/VoiceService(  929): 冷藏室门  关了
01-18 14:56:27.800 E/VoiceService(  929): 变温门   ================关了
01-18 14:56:27.800 E/VoiceService(  929): 冷冻门   ================关了
01-18 14:56:27.804 E/TAG     (  929): 写
01-18 14:56:27.805 E/VoiceService(  929): sendByte  [85, -86, 4, 0, 0, 0, 10, 10, 10, 0, 0, 0, 0, 0, 0, 0, 0, 0, 0, 0, 0, 0, 0, 33]
01-18 14:56:27.806 V/Uart-JNI(  929): write uart len 24, wBuf[0] = 0x55, wBuf[1] = 0xaa
01-18 14:56:28.061 D/GPIO    (  929): open gpio device gpioFd = 26
01-18 14:56:28.061 E/VoiceService(  929):   state  : 0
01-18 14:56:28.221 D/hwcomposer(  157): Skip 5 layer 
01-18 14:56:28.562 D/GPIO    (  929): open gpio device gpioFd = 26
01-18 14:56:28.562 E/VoiceService(  929):   state  : 0
01-18 14:56:28.799 E/TAG     (  929): 读
01-18 14:56:28.800 V/Uart-JNI(  929): read uart len 48, rBuf[0] = 0x55, rBuf[1] = 0xaa
01-18 14:56:28.801 E/VoiceService(  929):   readLength  48   [85, -86, 65, 0, 32, 108, 106, 82, 10, 10, 10, 120, 120, 119, 13, 13, 11, 18, 10, 0, 0, 0, 0, 0, 0, 0, 3, 48, 8, 0, 0, 0, 0, 0, 0, 0, 0, 0, 0, 0, 0, 0, 0, 0, 0, 0, 0, 0]
01-18 14:56:28.801 E/TTTTTTTTTTTTTTTTTTTTTT MODE = (  929): 65    32
01-18 14:56:28.801 E/VoiceService(  929): 冷藏室门  关了
01-18 14:56:28.801 E/VoiceService(  929): 变温门   ================关了
01-18 14:56:28.801 E/VoiceService(  929): 冷冻门   ================关了
01-18 14:56:28.806 E/TAG     (  929): 写
01-18 14:56:28.806 E/VoiceService(  929): sendByte  [85, -86, 4, 0, 0, 0, 10, 10, 10, 0, 0, 0, 0, 0, 0, 0, 0, 0, 0, 0, 0, 0, 0, 33]
01-18 14:56:28.807 V/Uart-JNI(  929): write uart len 24, wBuf[0] = 0x55, wBuf[1] = 0xaa
01-18 14:56:29.063 D/GPIO    (  929): open gpio device gpioFd = 26
01-18 14:56:29.063 E/VoiceService(  929):   state  : 0
01-18 14:56:29.564 D/GPIO    (  929): open gpio device gpioFd = 26
01-18 14:56:29.564 E/VoiceService(  929):   state  : 0
01-18 14:56:29.800 E/TAG     (  929): 读
01-18 14:56:29.801 V/Uart-JNI(  929): read uart len 48, rBuf[0] = 0x55, rBuf[1] = 0xaa
01-18 14:56:29.801 E/VoiceService(  929):   readLength  48   [85, -86, 65, 0, 32, 108, 106, 82, 10, 10, 10, 120, 120, 119, 13, 13, 11, 18, 10, 0, 0, 0, 0, 0, 0, 0, 3, 48, 8, 0, 0, 0, 0, 0, 0, 0, 0, 0, 0, 0, 0, 0, 0, 0, 0, 0, 0, 0]
01-18 14:56:29.801 E/TTTTTTTTTTTTTTTTTTTTTT MODE = (  929): 65    32
01-18 14:56:29.801 E/VoiceService(  929): 冷藏室门  关了
01-18 14:56:29.801 E/VoiceService(  929): 变温门   ================关了
01-18 14:56:29.801 E/VoiceService(  929): 冷冻门   ================关了
01-18 14:56:29.806 E/TAG     (  929): 写
01-18 14:56:29.807 E/VoiceService(  929): sendByte  [85, -86, 4, 0, 0, 0, 10, 10, 10, 0, 0, 0, 0, 0, 0, 0, 0, 0, 0, 0, 0, 0, 0, 33]
01-18 14:56:29.808 V/Uart-JNI(  929): write uart len 24, wBuf[0] = 0x55, wBuf[1] = 0xaa
01-18 14:56:30.064 D/GPIO    (  929): open gpio device gpioFd = 26
01-18 14:56:30.065 E/VoiceService(  929):   state  : 0
01-18 14:56:30.069 E/WifiStateMachine(  433): WifiStateMachine CMD_START_SCAN source 1000 txSuccessRate=0.00 rxSuccessRate=0.00 targetRoamBSSID=6c:59:40:73:d1:20 RSSI=-34
01-18 14:56:30.071 E/WifiStateMachine(  433): [1,516,258,590,071 ms] noteScanstart no scan source uid 1000
01-18 14:56:30.565 D/GPIO    (  929): open gpio device gpioFd = 26
01-18 14:56:30.566 E/VoiceService(  929):   state  : 0
01-18 14:56:30.800 E/TAG     (  929): 读
01-18 14:56:30.801 V/Uart-JNI(  929): read uart len 48, rBuf[0] = 0x55, rBuf[1] = 0xaa
01-18 14:56:30.802 E/VoiceService(  929):   readLength  48   [85, -86, 65, 0, 32, 108, 106, 82, 10, 10, 10, 120, 120, 119, 13, 13, 11, 18, 10, 0, 0, 0, 0, 0, 0, 0, 3, 48, 8, 0, 0, 0, 0, 0, 0, 0, 0, 0, 0, 0, 0, 0, 0, 0, 0, 0, 0, 0]
01-18 14:56:30.802 E/TTTTTTTTTTTTTTTTTTTTTT MODE = (  929): 65    32
01-18 14:56:30.802 E/VoiceService(  929): 冷藏室门  关了
01-18 14:56:30.802 E/VoiceService(  929): 变温门   ================关了
01-18 14:56:30.802 E/VoiceService(  929): 冷冻门   ================关了
01-18 14:56:30.808 E/TAG     (  929): 写
01-18 14:56:30.808 E/VoiceService(  929): sendByte  [85, -86, 4, 0, 0, 0, 10, 10, 10, 0, 0, 0, 0, 0, 0, 0, 0, 0, 0, 0, 0, 0, 0, 33]
01-18 14:56:30.809 V/Uart-JNI(  929): write uart len 24, wBuf[0] = 0x55, wBuf[1] = 0xaa
01-18 14:56:30.816 E/WifiStateMachine(  433): WifiStateMachine CMD_START_SCAN source -2 txSuccessRate=0.00 rxSuccessRate=0.00 targetRoamBSSID=6c:59:40:73:d1:20 RSSI=-34
01-18 14:56:30.816 E/WifiStateMachine(  433): startDelayedScan send -> 57 milli 20000
01-18 14:56:30.816 E/WifiStateMachine(  433): WifiStateMachine CMD_START_SCAN with age=40003 interval=30000 maxinterval=300000
01-18 14:56:30.816 E/WifiStateMachine(  433): WifiStateMachine CMD_START_SCAN try full band scan age=40003 interval=30000 maxinterval=300000
01-18 14:56:30.816 E/WifiStateMachine(  433): WifiStateMachine CMD_START_SCAN full=true
01-18 14:56:30.816 E/WifiStateMachine(  433): WifiStateMachine CMD_START_SCAN bump interval =45000
01-18 14:56:30.950 E/WifiStateMachine(  433): [1,516,258,590,950 ms] noteScanEnd WorkSource{1000} onTime=0
01-18 14:56:30.956 E/WifiStateMachine(  433): wifi setScanResults statecom.android.server.wifi.WifiStateMachine$ConnectedState@3b90c568 sup_state=COMPLETED debouncing=false mConnectionRequests=1 selection=<none>
01-18 14:56:31.032 D/hwcomposer(  157): Skip 5 layer 
01-18 14:56:31.049 D/hwcomposer(  157): Skip 5 layer 
01-18 14:56:31.067 D/GPIO    (  929): open gpio device gpioFd = 26
01-18 14:56:31.067 E/VoiceService(  929):   state  : 0
01-18 14:56:31.221 D/hwcomposer(  157): Skip 5 layer 
01-18 14:56:31.568 D/GPIO    (  929): open gpio device gpioFd = 26
01-18 14:56:31.568 E/VoiceService(  929):   state  : 0
01-18 14:56:31.801 E/TAG     (  929): 读
01-18 14:56:31.802 V/Uart-JNI(  929): read uart len 48, rBuf[0] = 0x55, rBuf[1] = 0xaa
01-18 14:56:31.802 E/VoiceService(  929):   readLength  48   [85, -86, 65, 0, 32, 108, 106, 82, 10, 10, 10, 120, 120, 119, 13, 13, 11, 18, 10, 0, 0, 0, 0, 0, 0, 0, 3, 48, 8, 0, 0, 0, 0, 0, 0, 0, 0, 0, 0, 0, 0, 0, 0, 0, 0, 0, 0, 0]
01-18 14:56:31.802 E/TTTTTTTTTTTTTTTTTTTTTT MODE = (  929): 65    32
01-18 14:56:31.803 E/VoiceService(  929): 冷藏室门  关了
01-18 14:56:31.803 E/VoiceService(  929): 变温门   ================关了
01-18 14:56:31.803 E/VoiceService(  929): 冷冻门   ================关了
01-18 14:56:31.808 E/TAG     (  929): 写
01-18 14:56:31.809 E/VoiceService(  929): sendByte  [85, -86, 4, 0, 0, 0, 10, 10, 10, 0, 0, 0, 0, 0, 0, 0, 0, 0, 0, 0, 0, 0, 0, 33]
01-18 14:56:31.809 V/Uart-JNI(  929): write uart len 24, wBuf[0] = 0x55, wBuf[1] = 0xaa
01-18 14:56:32.068 D/GPIO    (  929): open gpio device gpioFd = 26
01-18 14:56:32.068 E/VoiceService(  929):   state  : 0
01-18 14:56:32.569 D/GPIO    (  929): open gpio device gpioFd = 26
01-18 14:56:32.569 E/VoiceService(  929):   state  : 0
01-18 14:56:32.802 E/TAG     (  929): 读
01-18 14:56:32.803 V/Uart-JNI(  929): read uart len 48, rBuf[0] = 0x55, rBuf[1] = 0xaa
01-18 14:56:32.803 E/VoiceService(  929):   readLength  48   [85, -86, 65, 0, 32, 108, 106, 82, 10, 10, 10, 120, 120, 119, 13, 13, 10, 18, 10, 0, 0, 0, 0, 0, 0, 0, 3, 48, 8, 0, 0, 0, 0, 0, 0, 0, 0, 0, 0, 0, 0, 0, 0, 0, 0, 0, 0, 0]
01-18 14:56:32.804 E/TTTTTTTTTTTTTTTTTTTTTT MODE = (  929): 65    32
01-18 14:56:32.804 E/VoiceService(  929): 冷藏室门  关了
01-18 14:56:32.804 E/VoiceService(  929): 变温门   ================关了
01-18 14:56:32.804 E/VoiceService(  929): 冷冻门   ================关了
01-18 14:56:32.810 E/TAG     (  929): 写
01-18 14:56:32.810 E/VoiceService(  929): sendByte  [85, -86, 4, 0, 0, 0, 10, 10, 10, 0, 0, 0, 0, 0, 0, 0, 0, 0, 0, 0, 0, 0, 0, 33]
01-18 14:56:32.811 V/Uart-JNI(  929): write uart len 24, wBuf[0] = 0x55, wBuf[1] = 0xaa
01-18 14:56:33.070 D/GPIO    (  929): open gpio device gpioFd = 26
01-18 14:56:33.070 E/VoiceService(  929):   state  : 0
01-18 14:56:33.571 D/GPIO    (  929): open gpio device gpioFd = 26
01-18 14:56:33.571 E/VoiceService(  929):   state  : 0
01-18 14:56:33.802 E/TAG     (  929): 读
01-18 14:56:33.804 V/Uart-JNI(  929): read uart len 48, rBuf[0] = 0x55, rBuf[1] = 0xaa
01-18 14:56:33.804 E/VoiceService(  929):   readLength  48   [85, -86, 65, 0, 32, 108, 106, 82, 10, 10, 10, 120, 120, 119, 13, 13, 11, 18, 10, 0, 0, 0, 0, 0, 0, 0, 3, 48, 8, 0, 0, 0, 0, 0, 0, 0, 0, 0, 0, 0, 0, 0, 0, 0, 0, 0, 0, 0]
01-18 14:56:33.804 E/TTTTTTTTTTTTTTTTTTTTTT MODE = (  929): 65    32
01-18 14:56:33.804 E/VoiceService(  929): 冷藏室门  关了
01-18 14:56:33.804 E/VoiceService(  929): 变温门   ================关了
01-18 14:56:33.804 E/VoiceService(  929): 冷冻门   ================关了
01-18 14:56:33.811 E/TAG     (  929): 写
01-18 14:56:33.811 E/VoiceService(  929): sendByte  [85, -86, 4, 0, 0, 0, 10, 10, 10, 0, 0, 0, 0, 0, 0, 0, 0, 0, 0, 0, 0, 0, 0, 33]
01-18 14:56:33.812 V/Uart-JNI(  929): write uart len 24, wBuf[0] = 0x55, wBuf[1] = 0xaa
01-18 14:56:33.861 D/MscSpeechLog(  929): isSpeaking enter
01-18 14:56:33.861 D/MscSpeechLog(  929): isSpeaking leave
01-18 14:56:33.861 E/VoiceService(  929): 接受到f1信号，设备已经被唤醒，调用讯飞语音识别
01-18 14:56:33.862 D/MscSpeechLog(  929): stop all current session in new session
01-18 14:56:33.862 D/MscSpeechLog(  929): isSpeaking enter
01-18 14:56:33.862 D/MscSpeechLog(  929): isSpeaking leave
01-18 14:56:33.862 D/MscSpeechLog(  929): startSpeaking enter
01-18 14:56:33.862 D/MscSpeechLog(  929): new Session Start
01-18 14:56:33.862 D/MscSpeechLog(  929): tts start:1516258593862
01-18 14:56:33.864 D/MscSpeechLog(  929): DC create enter.
01-18 14:56:33.864 D/MscSpeechLog(  929): DC resetAllValues enter.
01-18 14:56:33.864 D/MscSpeechLog(  929): DC resetAllValues leave.
01-18 14:56:33.864 D/MscSpeechLog(  929): DC create leave.
01-18 14:56:33.864 D/MscSpeechLog(  929): min audio seconds: 3, max audio buf size: 2016000
01-18 14:56:33.864 D/MscSpeechLog(  929): minPlaySec:0
01-18 14:56:33.865 D/MscSpeechLog(  929): curStatus=init,setStatus=start
01-18 14:56:33.865 D/MscSpeechLog(  929): setStatus success=start
01-18 14:56:33.865 D/MscSpeechLog(  929): startSpeaking leave
01-18 14:56:33.865 D/MscSpeechLog(  929): tts msg start:1516258593865
01-18 14:56:33.868 I/PhoneWindow( 1173): 131Key down: repeat=0 flags=0x8System.currentTimeMillis() = 1516258593868
01-18 14:56:33.873 D/MSC_LOG (  929): QMSPGetVersion Begin
01-18 14:56:33.873 D/MSC_LOG (  929): QMSPGetVersion End
01-18 14:56:33.874 D/MscSpeechLog(  929): QTTSSessionBegin enter
01-18 14:56:33.874 D/MSC_LOG (  929): QTTSSessionBegin Begin
01-18 14:56:33.895 D/MSC_LOG (  929): QTTSSessionBegin End
01-18 14:56:33.896 D/MscSpeechLog(  929): QTTSSessionBegin leave:22 ErrorCode:0
01-18 14:56:33.896 D/MscSpeechLog(  929): QTTSTextPut enter
01-18 14:56:33.896 D/MSC_LOG (  929): QTTSTextPut Begin
01-18 14:56:33.896 D/MSC_LOG (  929): QTTSTextPut End
01-18 14:56:33.897 D/MscSpeechLog(  929): QTTSTextPut leavel:0
01-18 14:56:33.897 D/MscSpeechLog(  929): curStatus=start,setStatus=waitresult
01-18 14:56:33.897 D/MscSpeechLog(  929): setStatus success=waitresult
01-18 14:56:33.963 D/hwcomposer(  157): Skip 5 layer 
01-18 14:56:34.071 D/GPIO    (  929): open gpio device gpioFd = 26
01-18 14:56:34.072 E/VoiceService(  929):   state  : 0
01-18 14:56:34.089 D/MscSpeechLog(  929): tts msc get last audio
01-18 14:56:34.090 D/PcmPlayer(  929): play mPlaytate= 0,mAudioFocus= true
01-18 14:56:34.091 D/MscSpeechLog(  929): DC getEnable enter.
01-18 14:56:34.091 D/MscSpeechLog(  929): tts-onSpeakBegin
01-18 14:56:34.091 D/MscSpeechLog(  929): DC getEnable static value=true
01-18 14:56:34.091 E/VoiceService(  929): 开始播放
01-18 14:56:34.091 D/MscSpeechLog(  929): getMscParameter enter key=idc
01-18 14:56:34.092 D/MscSpeechLog(  929): getMscParameter value=gz
01-18 14:56:34.092 D/MscSpeechLog(  929): getMscParameter leave
01-18 14:56:34.092 D/MscSpeechLog(  929): DC getEnable msc val=gz
01-18 14:56:34.092 D/PcmPlayer(  929): start player
01-18 14:56:34.092 D/MscSpeechLog(  929): DC getEnable value=false
01-18 14:56:34.092 D/MscSpeechLog(  929): DC getEnable leave.
01-18 14:56:34.092 D/PcmPlayer(  929): mAudioFocus= true
01-18 14:56:34.092 D/MscSpeechLog(  929): curStatus=waitresult,setStatus=exiting
01-18 14:56:34.092 D/MscSpeechLog(  929): setStatus success=exiting
01-18 14:56:34.092 D/MscSpeechLog(  929): QTTSSessionEnd enter
01-18 14:56:34.092 D/MSC_LOG (  929): QTTSSessionEnd Begin
01-18 14:56:34.093 I/MediaFocusControl(  433):  AudioFocus  requestAudioFocus() from android.media.AudioManager@20b6fd1bcom.iflytek.cloud.record.c$1@1361c4bb req=2flags=0x0
01-18 14:56:34.094 D/PcmPlayer(  929): prepAudioPlayer || audiotrack is null or stream type is change.
01-18 14:56:34.094 D/PcmPlayer(  929): createAudio start
01-18 14:56:34.097 D/PcmPlayer(  929): createAudio || mStreamType = 3, buffer size: 3714
01-18 14:56:34.102 I/AudioTrack(  929): minFrameCount: 1857, afFrameCount=1024, minBufCount=5, sampleRate=16000, afSampleRate=44100, afLatency=115
01-18 14:56:34.104 D/MSC_LOG (  929): QTTSSessionEnd End
01-18 14:56:34.104 D/MscSpeechLog(  929): QTTSSessionEnd leavel:0
01-18 14:56:34.104 D/MscSpeechLog(  929): curStatus=exiting,setStatus=exited
01-18 14:56:34.104 D/MscSpeechLog(  929): setStatus success=exited
01-18 14:56:34.104 D/MscSpeechLog(  929): clear all message
01-18 14:56:34.104 D/MscSpeechLog(  929): MscSynthesizer#onEnd
01-18 14:56:34.104 D/MscSpeechLog(  929): save to local: format = wav totalSize = 17920 maxSize=2016000
01-18 14:56:34.108 D/PcmPlayer(  929): createAudio end
01-18 14:56:34.109 D/MscSpeechLog(  929): tts-onSpeakProgress percent: 0, begpos: 0, endpos: 1
01-18 14:56:34.113 D/MscSpeechLog(  929): readAudio leave, dataSize=16000, bufLen=17920
01-18 14:56:34.114 D/MscSpeechLog(  929): onCompleted NextSession pause
01-18 14:56:34.115 D/MscSpeechLog(  929): clear all message
01-18 14:56:34.116 D/MscSpeechLog(  929): quit current Msc Handler thread
01-18 14:56:34.124 D/AudioHardwareTiny(  163): start_output_stream
01-18 14:56:34.125 D/alsa_route(  163): route_pcm_open() route 0
01-18 14:56:34.125 D/alsa_route(  163): get_route_config() route 0
01-18 14:56:34.125 D/alsa_route(  163): route_info->sound_card 0, route_info->devices 0  
01-18 14:56:34.125 D/alsa_route(  163): route_pcm_close() route 24
01-18 14:56:34.126 D/alsa_route(  163): route_set_controls() set route 0
01-18 14:56:34.126 D/alsa_route(  163): get_route_config() route 0
01-18 14:56:34.126 D/alsa_route(  163): set_controls() ctls_count 1
01-18 14:56:34.148 D/alsa_route(  163): set_controls() set ctl Playback Path to SPK
01-18 14:56:34.148 D/alsa_route(  163): route_pcm_open exit
01-18 14:56:34.238 D/hwcomposer(  157): Skip 5 layer 
01-18 14:56:34.361 I/PhoneWindow( 1173): 131Key down: repeat=1 flags=0x88System.currentTimeMillis() = 1516258594361
01-18 14:56:34.394 D/MscSpeechLog(  929): readAudio leave, dataSize=1920, bufLen=1920
01-18 14:56:34.411 I/PhoneWindow( 1173): 131Key down: repeat=2 flags=0x8System.currentTimeMillis() = 1516258594411
01-18 14:56:34.462 I/PhoneWindow( 1173): 131Key down: repeat=3 flags=0x8System.currentTimeMillis() = 1516258594462
01-18 14:56:34.487 D/MscSpeechLog(  929): mBuffer.writeTrack writeTrackBlankBlock size: 16000
01-18 14:56:34.512 I/PhoneWindow( 1173): 131Key down: repeat=4 flags=0x8System.currentTimeMillis() = 1516258594512
01-18 14:56:34.563 I/PhoneWindow( 1173): 131Key down: repeat=5 flags=0x8System.currentTimeMillis() = 1516258594563
01-18 14:56:34.573 D/GPIO    (  929): open gpio device gpioFd = 26
01-18 14:56:34.573 E/VoiceService(  929):   state  : 0
01-18 14:56:34.614 I/PhoneWindow( 1173): 131Key down: repeat=6 flags=0x8System.currentTimeMillis() = 1516258594613
01-18 14:56:34.664 I/PhoneWindow( 1173): 131Key down: repeat=7 flags=0x8System.currentTimeMillis() = 1516258594664
01-18 14:56:34.715 I/PhoneWindow( 1173): 131Key down: repeat=8 flags=0x8System.currentTimeMillis() = 1516258594714
01-18 14:56:34.765 I/PhoneWindow( 1173): 131Key down: repeat=9 flags=0x8System.currentTimeMillis() = 1516258594765
01-18 14:56:34.803 E/TAG     (  929): 读
01-18 14:56:34.804 V/Uart-JNI(  929): read uart len 48, rBuf[0] = 0x55, rBuf[1] = 0xaa
01-18 14:56:34.804 E/VoiceService(  929):   readLength  48   [85, -86, 65, 0, 32, 108, 106, 82, 10, 10, 10, 120, 120, 119, 13, 13, 11, 18, 10, 0, 0, 0, 0, 0, 0, 0, 3, 48, 8, 0, 0, 0, 0, 0, 0, 0, 0, 0, 0, 0, 0, 0, 0, 0, 0, 0, 0, 0]
01-18 14:56:34.804 E/TTTTTTTTTTTTTTTTTTTTTT MODE = (  929): 65    32
01-18 14:56:34.804 E/VoiceService(  929): 冷藏室门  关了
01-18 14:56:34.804 E/VoiceService(  929): 变温门   ================关了
01-18 14:56:34.804 E/VoiceService(  929): 冷冻门   ================关了
01-18 14:56:34.811 E/TAG     (  929): 写
01-18 14:56:34.812 E/VoiceService(  929): sendByte  [85, -86, 4, 0, 0, 0, 10, 10, 10, 0, 0, 0, 0, 0, 0, 0, 0, 0, 0, 0, 0, 0, 0, 33]
01-18 14:56:34.812 V/Uart-JNI(  929): write uart len 24, wBuf[0] = 0x55, wBuf[1] = 0xaa
01-18 14:56:34.816 I/PhoneWindow( 1173): 131Key down: repeat=10 flags=0x8System.currentTimeMillis() = 1516258594816
01-18 14:56:34.861 D/MscSpeechLog(  929): isSpeaking enter
01-18 14:56:34.861 D/MscSpeechLog(  929): isSpeaking leave
01-18 14:56:34.861 D/MscSpeechLog(  929): isSpeaking enter
01-18 14:56:34.861 D/MscSpeechLog(  929): isSpeaking leave
01-18 14:56:34.861 D/MscSpeechLog(  929): stopSpeaking enter:false
01-18 14:56:34.861 D/MscSpeechLog(  929): -->stopSpeaking cur
01-18 14:56:34.861 D/MscSpeechLog(  929): SpeakSession cancel notifyError:false
01-18 14:56:34.861 D/MscSpeechLog(  929): clear all message
01-18 14:56:34.861 D/MscSpeechLog(  929): send msg failed while status is exited
01-18 14:56:34.861 D/MscSpeechLog(  929): stop start fade out
01-18 14:56:34.861 D/MscSpeechLog(  929): stopSpeaking leave
01-18 14:56:34.862 E/VoiceService(  929): 接受到f1信号，设备已经被唤醒，调用讯飞语音识别
01-18 14:56:34.862 D/MscSpeechLog(  929): stop all current session in new session
01-18 14:56:34.862 D/MscSpeechLog(  929): isSpeaking enter
01-18 14:56:34.862 D/MscSpeechLog(  929): isSpeaking leave
01-18 14:56:34.862 D/MscSpeechLog(  929): startSpeaking enter
01-18 14:56:34.862 D/MscSpeechLog(  929): new Session Start
01-18 14:56:34.863 D/MscSpeechLog(  929): tts start:1516258594862
01-18 14:56:34.864 D/MscSpeechLog(  929): DC create enter.
01-18 14:56:34.864 D/MscSpeechLog(  929): DC resetAllValues enter.
01-18 14:56:34.864 D/MscSpeechLog(  929): DC resetAllValues leave.
01-18 14:56:34.864 D/MscSpeechLog(  929): DC create leave.
01-18 14:56:34.865 D/MscSpeechLog(  929): min audio seconds: 3, max audio buf size: 2016000
01-18 14:56:34.865 D/MscSpeechLog(  929): minPlaySec:0
01-18 14:56:34.865 D/MscSpeechLog(  929): curStatus=init,setStatus=start
01-18 14:56:34.865 D/MscSpeechLog(  929): setStatus success=start
01-18 14:56:34.865 D/MscSpeechLog(  929): startSpeaking leave
01-18 14:56:34.866 D/MscSpeechLog(  929): tts msg start:1516258594865
01-18 14:56:34.868 I/PhoneWindow( 1173): 131Key down: repeat=11 flags=0x8System.currentTimeMillis() = 1516258594868
01-18 14:56:34.869 I/PhoneWindow( 1173): 131Key up: repeat=0 flags=0x8
01-18 14:56:34.875 D/MSC_LOG (  929): QMSPGetVersion Begin
01-18 14:56:34.875 D/MSC_LOG (  929): QMSPGetVersion End
01-18 14:56:34.875 D/MscSpeechLog(  929): QTTSSessionBegin enter
01-18 14:56:34.876 D/MSC_LOG (  929): QTTSSessionBegin Begin
01-18 14:56:34.896 D/MSC_LOG (  929): QTTSSessionBegin End
01-18 14:56:34.896 D/MscSpeechLog(  929): QTTSSessionBegin leave:21 ErrorCode:0
01-18 14:56:34.897 D/MscSpeechLog(  929): QTTSTextPut enter
01-18 14:56:34.897 D/MSC_LOG (  929): QTTSTextPut Begin
01-18 14:56:34.897 D/MSC_LOG (  929): QTTSTextPut End
01-18 14:56:34.897 D/MscSpeechLog(  929): QTTSTextPut leavel:0
01-18 14:56:34.897 D/MscSpeechLog(  929): curStatus=start,setStatus=waitresult
01-18 14:56:34.897 D/MscSpeechLog(  929): setStatus success=waitresult
01-18 14:56:34.951 D/MscSpeechLog(  929): fading set silence
01-18 14:56:34.954 I/MediaFocusControl(  433):  AudioFocus  abandonAudioFocus() from android.media.AudioManager@20b6fd1bcom.iflytek.cloud.record.c$1@1361c4bb
01-18 14:56:34.955 D/PcmPlayer(  929): player stopped
01-18 14:56:34.957 D/hwcomposer(  157): Skip 5 layer 
01-18 14:56:35.073 D/GPIO    (  929): open gpio device gpioFd = 26
01-18 14:56:35.073 E/VoiceService(  929):   state  : 0
01-18 14:56:35.220 D/MscSpeechLog(  929): tts msc get last audio
01-18 14:56:35.221 D/PcmPlayer(  929): play mPlaytate= 0,mAudioFocus= true
01-18 14:56:35.221 D/MscSpeechLog(  929): DC getEnable enter.
01-18 14:56:35.221 D/MscSpeechLog(  929): tts-onSpeakBegin
01-18 14:56:35.221 E/VoiceService(  929): 开始播放
01-18 14:56:35.221 D/MscSpeechLog(  929): DC getEnable static value=true
01-18 14:56:35.222 D/MscSpeechLog(  929): getMscParameter enter key=idc
01-18 14:56:35.222 D/MscSpeechLog(  929): getMscParameter value=gz
01-18 14:56:35.222 D/MscSpeechLog(  929): getMscParameter leave
01-18 14:56:35.222 D/MscSpeechLog(  929): DC getEnable msc val=gz
01-18 14:56:35.222 D/PcmPlayer(  929): start player
01-18 14:56:35.222 D/MscSpeechLog(  929): DC getEnable value=false
01-18 14:56:35.222 D/MscSpeechLog(  929): DC getEnable leave.
01-18 14:56:35.222 D/PcmPlayer(  929): mAudioFocus= true
01-18 14:56:35.222 D/MscSpeechLog(  929): curStatus=waitresult,setStatus=exiting
01-18 14:56:35.222 D/MscSpeechLog(  929): setStatus success=exiting
01-18 14:56:35.223 D/MscSpeechLog(  929): QTTSSessionEnd enter
01-18 14:56:35.223 D/MSC_LOG (  929): QTTSSessionEnd Begin
01-18 14:56:35.226 I/MediaFocusControl(  433):  AudioFocus  requestAudioFocus() from android.media.AudioManager@20b6fd1bcom.iflytek.cloud.record.c$1@ba44531 req=2flags=0x0
01-18 14:56:35.228 D/PcmPlayer(  929): prepAudioPlayer || audiotrack is null or stream type is change.
01-18 14:56:35.228 D/PcmPlayer(  929): createAudio start
01-18 14:56:35.230 D/PcmPlayer(  929): createAudio || mStreamType = 3, buffer size: 3714
01-18 14:56:35.236 I/AudioTrack(  929): minFrameCount: 1857, afFrameCount=1024, minBufCount=5, sampleRate=16000, afSampleRate=44100, afLatency=115
01-18 14:56:35.241 D/PcmPlayer(  929): createAudio end
01-18 14:56:35.241 D/MscSpeechLog(  929): tts-onSpeakProgress percent: 0, begpos: 0, endpos: 1
01-18 14:56:35.244 D/MSC_LOG (  929): QTTSSessionEnd End
01-18 14:56:35.244 D/MscSpeechLog(  929): QTTSSessionEnd leavel:0
01-18 14:56:35.244 D/MscSpeechLog(  929): curStatus=exiting,setStatus=exited
01-18 14:56:35.244 D/MscSpeechLog(  929): setStatus success=exited
01-18 14:56:35.244 D/MscSpeechLog(  929): clear all message
01-18 14:56:35.244 D/MscSpeechLog(  929): MscSynthesizer#onEnd
01-18 14:56:35.244 D/MscSpeechLog(  929): save to local: format = wav totalSize = 17920 maxSize=2016000
01-18 14:56:35.250 D/MscSpeechLog(  929): onCompleted NextSession pause
01-18 14:56:35.251 D/MscSpeechLog(  929): clear all message
01-18 14:56:35.251 D/MscSpeechLog(  929): quit current Msc Handler thread
01-18 14:56:35.266 D/MscSpeechLog(  929): readAudio leave, dataSize=16000, bufLen=17920
01-18 14:56:35.514 D/MscSpeechLog(  929): readAudio leave, dataSize=1920, bufLen=1920
01-18 14:56:35.573 D/GPIO    (  929): open gpio device gpioFd = 26
01-18 14:56:35.574 E/VoiceService(  929):   state  : 0
01-18 14:56:35.607 D/MscSpeechLog(  929): mBuffer.writeTrack writeTrackBlankBlock size: 16000
01-18 14:56:35.803 E/TAG     (  929): 读
01-18 14:56:35.804 V/Uart-JNI(  929): read uart len 48, rBuf[0] = 0x55, rBuf[1] = 0xaa
01-18 14:56:35.805 E/VoiceService(  929):   readLength  48   [85, -86, 65, 0, 32, 108, 106, 82, 10, 10, 10, 120, 120, 119, 13, 12, 11, 18, 10, 0, 0, 0, 0, 0, 0, 0, 3, 48, 8, 0, 0, 0, 0, 0, 0, 0, 0, 0, 0, 0, 0, 0, 0, 0, 0, 0, 0, 0]
01-18 14:56:35.805 E/TTTTTTTTTTTTTTTTTTTTTT MODE = (  929): 65    32
01-18 14:56:35.805 E/VoiceService(  929): 冷藏室门  关了
01-18 14:56:35.805 E/VoiceService(  929): 变温门   ================关了
01-18 14:56:35.805 E/VoiceService(  929): 冷冻门   ================关了
01-18 14:56:35.812 E/TAG     (  929): 写
01-18 14:56:35.812 E/VoiceService(  929): sendByte  [85, -86, 4, 0, 0, 0, 10, 10, 10, 0, 0, 0, 0, 0, 0, 0, 0, 0, 0, 0, 0, 0, 0, 33]
01-18 14:56:35.813 V/Uart-JNI(  929): write uart len 24, wBuf[0] = 0x55, wBuf[1] = 0xaa
01-18 14:56:36.071 D/MscSpeechLog(  929): play stoped
01-18 14:56:36.072 D/MscSpeechLog(  929): tts-onCompleted
01-18 14:56:36.072 E/VoiceService(  929): 播放完成
01-18 14:56:36.072 D/MscSpeechLog(  929): start engine mode = MSC
01-18 14:56:36.073 I/MediaFocusControl(  433):  AudioFocus  abandonAudioFocus() from android.media.AudioManager@20b6fd1bcom.iflytek.cloud.record.c$1@ba44531
01-18 14:56:36.074 D/PcmPlayer(  929): player stopped
01-18 14:56:36.075 D/MscSpeechLog(  929): DC create enter.
01-18 14:56:36.076 D/MscSpeechLog(  929): DC resetAllValues enter.
01-18 14:56:36.076 D/MscSpeechLog(  929): DC resetAllValues leave.
01-18 14:56:36.076 D/MscSpeechLog(  929): DC create leave.
01-18 14:56:36.076 D/MscSpeechLog(  929): mSpeechTimeOut=60000
01-18 14:56:36.077 I/MediaFocusControl(  433):  AudioFocus  requestAudioFocus() from android.media.AudioManager@20b6fd1b req=2flags=0x0
01-18 14:56:36.077 D/MscSpeechLog(  929): startListening called
01-18 14:56:36.079 D/MscSpeechLog(  929): curStatus=init,setStatus=start
01-18 14:56:36.079 D/MscSpeechLog(  929): setStatus success=start
01-18 14:56:36.079 E/VoiceService(  929): 请开始说话…
01-18 14:56:36.079 D/GPIO    (  929): open gpio device gpioFd = 26
01-18 14:56:36.080 D/MscSpeechLog(  929): start connecting
01-18 14:56:36.083 D/MscSpeechLog(  929): start  record
01-18 14:56:36.084 D/MscSpeechLog(  929): onBeginOfSpeech
01-18 14:56:36.086 E/AudioHardwareTiny(  163): adev_open_input_stream: enter
01-18 14:56:36.086 E/AudioHardwareTiny(  163): adev_open_input_stream:channel is not support
01-18 14:56:36.086 E/AudioHardwareTiny(  163): adev_open_input_stream: enter
01-18 14:56:36.086 D/AudioHardwareTiny(  163): pcm_config->rate:44100,in->requested_rate:16000,in->channel_mask:2
01-18 14:56:36.088 E/VoiceService(  929):   state  : 0
01-18 14:56:36.088 E/VoiceService(  929): 开始说话
01-18 14:56:36.096 D/MscSpeechLog(  929): QISRSessionBegin begin, grammar: null
01-18 14:56:36.096 D/MSC_LOG (  929): QISRSessionBegin Begin
01-18 14:56:36.098 D/AudioHardwareTiny(  163): in->mSpeexFrameSize:192
01-18 14:56:36.098 E/AudioHardwareTiny(  163): adev_open_input_stream: end exit!
01-18 14:56:36.099 I/AudioFlinger(  163): AudioFlinger's thread 0xb18a9000 ready to run
01-18 14:56:36.107 D/MscSpeechLog(  929): 
01-18 14:56:36.107 D/MscSpeechLog(  929): SampleRate:16000
01-18 14:56:36.107 D/MscSpeechLog(  929): Channel:2
01-18 14:56:36.107 D/MscSpeechLog(  929): Format:2
01-18 14:56:36.107 D/MscSpeechLog(  929): FramePeriod:640
