01-18 14:56:59.814 E/VoiceService(  929): 冷冻门   ================关了
01-18 14:56:59.827 E/TAG     (  929): 写
01-18 14:56:59.827 E/VoiceService(  929): sendByte  [85, -86, 4, 0, 0, 0, 10, 10, 10, 0, 0, 0, 0, 0, 0, 0, 0, 0, 0, 0, 0, 0, 0, 33]
01-18 14:56:59.828 V/Uart-JNI(  929): write uart len 24, wBuf[0] = 0x55, wBuf[1] = 0xaa
01-18 14:56:59.901 D/MscSpeechLog(  929): readAudio leave, dataSize=16000, bufLen=136320
01-18 14:57:00.001 I/NINE    (  433): MSG_USER_ACTIVITY_TIMEOUT_PROTECT
01-18 14:57:00.001 I/NINE    (  433): send action_power_protect_screen
01-18 14:57:00.002 W/ContextImpl(  433): Calling a method in the system process without a qualified user: android.app.ContextImpl.sendBroadcast:1344 com.android.server.power.PowerManagerService.handleprotectScreen:2000 com.android.server.power.PowerManagerService.access$3100:96 com.android.server.power.PowerManagerService$PowerManagerHandler.handleMessage:2894 android.os.Handler.dispatchMessage:102 
01-18 14:57:00.005 I/NINE    (  433): action_power_protect_screen
01-18 14:57:00.030 I/NINE    (  433): MSG_USER_ACTIVITY_TIMEOUT_PROTECT
01-18 14:57:00.030 I/NINE    (  433): send action_power_protect_screen
01-18 14:57:00.030 W/ContextImpl(  433): Calling a method in the system process without a qualified user: android.app.ContextImpl.sendBroadcast:1344 com.android.server.power.PowerManagerService.handleprotectScreen:2000 com.android.server.power.PowerManagerService.access$3100:96 com.android.server.power.PowerManagerService$PowerManagerHandler.handleMessage:2894 android.os.Handler.dispatchMessage:102 
01-18 14:57:00.033 D/hwcomposer(  157): Skip 5 layer 
01-18 14:57:00.034 I/NINE    (  433): action_power_protect_screen
01-18 14:57:00.076 E/WifiStateMachine(  433): WifiStateMachine CMD_START_SCAN source 1000 txSuccessRate=1.97 rxSuccessRate=1.54 targetRoamBSSID=6c:59:40:73:d1:20 RSSI=-38
01-18 14:57:00.078 E/WifiStateMachine(  433): [1,516,258,620,078 ms] noteScanstart no scan source uid 1000
01-18 14:57:00.116 D/GPIO    (  929): open gpio device gpioFd = 26
01-18 14:57:00.116 E/VoiceService(  929):   state  : 0
01-18 14:57:00.298 E/WifiStateMachine(  433): [1,516,258,620,297 ms] noteScanEnd WorkSource{1000} onTime=0
01-18 14:57:00.304 E/WifiStateMachine(  433): wifi setScanResults statecom.android.server.wifi.WifiStateMachine$ConnectedState@3b90c568 sup_state=COMPLETED debouncing=false mConnectionRequests=1 selection=<none>
01-18 14:57:00.375 D/hwcomposer(  157): Skip 5 layer 
01-18 14:57:00.393 D/hwcomposer(  157): Skip 5 layer 
01-18 14:57:00.458 D/MscSpeechLog(  929): readAudio leave, dataSize=16000, bufLen=120320
01-18 14:57:00.617 D/GPIO    (  929): open gpio device gpioFd = 26
01-18 14:57:00.617 E/VoiceService(  929):   state  : 0
01-18 14:57:00.644 D/MscSpeechLog(  929): tts-onSpeakProgress percent: 80, begpos: 63, endpos: 65
01-18 14:57:00.813 E/TAG     (  929): 读
01-18 14:57:00.814 V/Uart-JNI(  929): read uart len 48, rBuf[0] = 0x55, rBuf[1] = 0xaa
01-18 14:57:00.815 E/VoiceService(  929):   readLength  48   [85, -86, 65, 0, 32, 108, 106, 82, 10, 10, 10, 120, 120, 119, 13, 13, 11, 18, 10, 0, 0, 0, 0, 0, 0, 0, 3, 48, 8, 0, 0, 0, 0, 0, 0, 0, 0, 0, 0, 0, 0, 0, 0, 0, 0, 0, 0, 0]
01-18 14:57:00.815 E/TTTTTTTTTTTTTTTTTTTTTT MODE = (  929): 65    32
01-18 14:57:00.815 E/VoiceService(  929): 冷藏室门  关了
01-18 14:57:00.815 E/VoiceService(  929): 变温门   ================关了
01-18 14:57:00.815 E/VoiceService(  929): 冷冻门   ================关了
01-18 14:57:00.828 E/TAG     (  929): 写
01-18 14:57:00.828 E/VoiceService(  929): sendByte  [85, -86, 4, 0, 0, 0, 10, 10, 10, 0, 0, 0, 0, 0, 0, 0, 0, 0, 0, 0, 0, 0, 0, 33]
01-18 14:57:00.829 V/Uart-JNI(  929): write uart len 24, wBuf[0] = 0x55, wBuf[1] = 0xaa
01-18 14:57:00.923 D/MscSpeechLog(  929): readAudio leave, dataSize=16000, bufLen=104320
01-18 14:57:01.118 D/GPIO    (  929): open gpio device gpioFd = 26
01-18 14:57:01.118 E/VoiceService(  929):   state  : 0
01-18 14:57:01.336 D/hwcomposer(  157): Skip 5 layer 
01-18 14:57:01.387 D/MscSpeechLog(  929): readAudio leave, dataSize=16000, bufLen=88320
01-18 14:57:01.618 D/GPIO    (  929): open gpio device gpioFd = 26
01-18 14:57:01.619 E/VoiceService(  929):   state  : 0
01-18 14:57:01.813 E/TAG     (  929): 读
01-18 14:57:01.814 V/Uart-JNI(  929): read uart len 48, rBuf[0] = 0x55, rBuf[1] = 0xaa
01-18 14:57:01.814 E/VoiceService(  929):   readLength  48   [85, -86, 65, 0, 32, 108, 106, 82, 10, 10, 10, 120, 120, 119, 13, 13, 10, 18, 10, 0, 0, 0, 0, 0, 0, 0, 3, 48, 8, 0, 0, 0, 0, 0, 0, 0, 0, 0, 0, 0, 0, 0, 0, 0, 0, 0, 0, 0]
01-18 14:57:01.815 E/TTTTTTTTTTTTTTTTTTTTTT MODE = (  929): 65    32
01-18 14:57:01.815 E/VoiceService(  929): 冷藏室门  关了
01-18 14:57:01.815 E/VoiceService(  929): 变温门   ================关了
01-18 14:57:01.815 E/VoiceService(  929): 冷冻门   ================关了
01-18 14:57:01.828 E/TAG     (  929): 写
01-18 14:57:01.829 E/VoiceService(  929): sendByte  [85, -86, 4, 0, 0, 0, 10, 10, 10, 0, 0, 0, 0, 0, 0, 0, 0, 0, 0, 0, 0, 0, 0, 33]
01-18 14:57:01.830 V/Uart-JNI(  929): write uart len 24, wBuf[0] = 0x55, wBuf[1] = 0xaa
01-18 14:57:01.852 D/MscSpeechLog(  929): tts-onSpeakProgress percent: 86, begpos: 66, endpos: 74
01-18 14:57:01.944 D/MscSpeechLog(  929): readAudio leave, dataSize=16000, bufLen=72320
01-18 14:57:02.119 D/GPIO    (  929): open gpio device gpioFd = 26
01-18 14:57:02.119 E/VoiceService(  929):   state  : 0
01-18 14:57:02.409 D/MscSpeechLog(  929): readAudio leave, dataSize=16000, bufLen=56320
01-18 14:57:02.620 D/GPIO    (  929): open gpio device gpioFd = 26
01-18 14:57:02.620 E/VoiceService(  929):   state  : 0
01-18 14:57:02.813 E/TAG     (  929): 读
01-18 14:57:02.815 V/Uart-JNI(  929): read uart len 48, rBuf[0] = 0x55, rBuf[1] = 0xaa
01-18 14:57:02.815 E/VoiceService(  929):   readLength  48   [85, -86, 65, 0, 32, 108, 106, 82, 10, 10, 10, 120, 120, 119, 13, 13, 11, 18, 10, 0, 0, 0, 0, 0, 0, 0, 3, 48, 8, 0, 0, 0, 0, 0, 0, 0, 0, 0, 0, 0, 0, 0, 0, 0, 0, 0, 0, 0]
01-18 14:57:02.815 E/TTTTTTTTTTTTTTTTTTTTTT MODE = (  929): 65    32
01-18 14:57:02.815 E/VoiceService(  929): 冷藏室门  关了
01-18 14:57:02.815 E/VoiceService(  929): 变温门   ================关了
01-18 14:57:02.815 E/VoiceService(  929): 冷冻门   ================关了
01-18 14:57:02.829 E/TAG     (  929): 写
01-18 14:57:02.830 E/VoiceService(  929): sendByte  [85, -86, 4, 0, 0, 0, 10, 10, 10, 0, 0, 0, 0, 0, 0, 0, 0, 0, 0, 0, 0, 0, 0, 33]
01-18 14:57:02.830 V/Uart-JNI(  929): write uart len 24, wBuf[0] = 0x55, wBuf[1] = 0xaa
01-18 14:57:02.966 D/MscSpeechLog(  929): readAudio leave, dataSize=16000, bufLen=40320
01-18 14:57:03.120 D/GPIO    (  929): open gpio device gpioFd = 26
01-18 14:57:03.120 E/VoiceService(  929):   state  : 0
01-18 14:57:03.430 D/MscSpeechLog(  929): readAudio leave, dataSize=16000, bufLen=24320
01-18 14:57:03.620 D/GPIO    (  929): open gpio device gpioFd = 26
01-18 14:57:03.621 E/VoiceService(  929):   state  : 0
01-18 14:57:03.814 E/TAG     (  929): 读
01-18 14:57:03.815 V/Uart-JNI(  929): read uart len 48, rBuf[0] = 0x55, rBuf[1] = 0xaa
01-18 14:57:03.816 E/VoiceService(  929):   readLength  48   [85, -86, 65, 0, 32, 108, 106, 82, 10, 10, 10, 120, 120, 119, 13, 12, 10, 18, 10, 0, 0, 0, 0, 0, 0, 0, 3, 48, 8, 0, 0, 0, 0, 0, 0, 0, 0, 0, 0, 0, 0, 0, 0, 0, 0, 0, 0, 0]
01-18 14:57:03.816 E/TTTTTTTTTTTTTTTTTTTTTT MODE = (  929): 65    32
01-18 14:57:03.816 E/VoiceService(  929): 冷藏室门  关了
01-18 14:57:03.816 E/VoiceService(  929): 变温门   ================关了
01-18 14:57:03.816 E/VoiceService(  929): 冷冻门   ================关了
01-18 14:57:03.830 E/TAG     (  929): 写
01-18 14:57:03.830 E/VoiceService(  929): sendByte  [85, -86, 4, 0, 0, 0, 10, 10, 10, 0, 0, 0, 0, 0, 0, 0, 0, 0, 0, 0, 0, 0, 0, 33]
01-18 14:57:03.831 V/Uart-JNI(  929): write uart len 24, wBuf[0] = 0x55, wBuf[1] = 0xaa
01-18 14:57:03.895 D/MscSpeechLog(  929): readAudio leave, dataSize=8320, bufLen=8320
01-18 14:57:03.895 D/MscSpeechLog(  929): tts-onSpeakProgress percent: 98, begpos: 75, endpos: 75
01-18 14:57:04.121 D/GPIO    (  929): open gpio device gpioFd = 26
01-18 14:57:04.121 E/VoiceService(  929):   state  : 0
01-18 14:57:04.173 D/MscSpeechLog(  929): mBuffer.writeTrack writeTrackBlankBlock size: 16000
01-18 14:57:04.353 D/hwcomposer(  157): Skip 5 layer 
01-18 14:57:04.622 D/GPIO    (  929): open gpio device gpioFd = 26
01-18 14:57:04.622 E/VoiceService(  929):   state  : 0
01-18 14:57:04.731 D/MscSpeechLog(  929): play stoped
01-18 14:57:04.731 D/MscSpeechLog(  929): tts-onCompleted
01-18 14:57:04.731 E/VoiceService(  929): 播放完成
01-18 14:57:04.732 D/MscSpeechLog(  929): start engine mode = MSC
01-18 14:57:04.735 I/MediaFocusControl(  433):  AudioFocus  abandonAudioFocus() from android.media.AudioManager@20b6fd1bcom.iflytek.cloud.record.c$1@7c7036d
01-18 14:57:04.735 D/PcmPlayer(  929): player stopped
01-18 14:57:04.736 D/MscSpeechLog(  929): DC create enter.
01-18 14:57:04.736 D/MscSpeechLog(  929): DC resetAllValues enter.
01-18 14:57:04.736 D/MscSpeechLog(  929): DC resetAllValues leave.
01-18 14:57:04.736 D/MscSpeechLog(  929): DC create leave.
01-18 14:57:04.737 D/MscSpeechLog(  929): mSpeechTimeOut=60000
01-18 14:57:04.738 I/MediaFocusControl(  433):  AudioFocus  requestAudioFocus() from android.media.AudioManager@20b6fd1b req=2flags=0x0
01-18 14:57:04.738 D/MscSpeechLog(  929): startListening called
01-18 14:57:04.740 D/MscSpeechLog(  929): curStatus=init,setStatus=start
01-18 14:57:04.740 D/MscSpeechLog(  929): setStatus success=start
01-18 14:57:04.740 E/VoiceService(  929): 请开始说话…
01-18 14:57:04.740 D/MscSpeechLog(  929): start connecting
01-18 14:57:04.744 D/MscSpeechLog(  929): start  record
01-18 14:57:04.744 D/MscSpeechLog(  929): onBeginOfSpeech
01-18 14:57:04.744 E/VoiceService(  929): 开始说话
01-18 14:57:04.747 E/AudioHardwareTiny(  163): adev_open_input_stream: enter
01-18 14:57:04.747 E/AudioHardwareTiny(  163): adev_open_input_stream:channel is not support
01-18 14:57:04.747 E/AudioHardwareTiny(  163): adev_open_input_stream: enter
01-18 14:57:04.747 D/AudioHardwareTiny(  163): pcm_config->rate:44100,in->requested_rate:16000,in->channel_mask:2
01-18 14:57:04.750 D/MscSpeechLog(  929): QISRSessionBegin begin, grammar: null
01-18 14:57:04.750 D/MSC_LOG (  929): QISRSessionBegin Begin
01-18 14:57:04.758 D/AudioHardwareTiny(  163): in->mSpeexFrameSize:192
01-18 14:57:04.759 E/AudioHardwareTiny(  163): adev_open_input_stream: end exit!
01-18 14:57:04.760 I/AudioFlinger(  163): AudioFlinger's thread 0xb398b000 ready to run
01-18 14:57:04.762 I/NINE    (  433): MSG_USER_ACTIVITY_TIMEOUT_PROTECT
01-18 14:57:04.762 I/NINE    (  433): send action_power_protect_screen
01-18 14:57:04.763 W/ContextImpl(  433): Calling a method in the system process without a qualified user: android.app.ContextImpl.sendBroadcast:1344 com.android.server.power.PowerManagerService.handleprotectScreen:2000 com.android.server.power.PowerManagerService.access$3100:96 com.android.server.power.PowerManagerService$PowerManagerHandler.handleMessage:2894 android.os.Handler.dispatchMessage:102 
01-18 14:57:04.764 I/NINE    (  433): action_power_protect_screen
01-18 14:57:04.765 D/MscSpeechLog(  929): 
01-18 14:57:04.765 D/MscSpeechLog(  929): SampleRate:16000
01-18 14:57:04.765 D/MscSpeechLog(  929): Channel:2
01-18 14:57:04.765 D/MscSpeechLog(  929): Format:2
01-18 14:57:04.765 D/MscSpeechLog(  929): FramePeriod:640
01-18 14:57:04.765 D/MscSpeechLog(  929): BufferSize:5120
01-18 14:57:04.765 D/MscSpeechLog(  929): MinBufferSize:1536
01-18 14:57:04.765 D/MscSpeechLog(  929): ActualBufferSize:1280
01-18 14:57:04.766 I/NINE    (  433): MSG_USER_ACTIVITY_TIMEOUT_PROTECT
01-18 14:57:04.766 I/NINE    (  433): send action_power_protect_screen
01-18 14:57:04.767 W/ContextImpl(  433): Calling a method in the system process without a qualified user: android.app.ContextImpl.sendBroadcast:1344 com.android.server.power.PowerManagerService.handleprotectScreen:2000 com.android.server.power.PowerManagerService.access$3100:96 com.android.server.power.PowerManagerService$PowerManagerHandler.handleMessage:2894 android.os.Handler.dispatchMessage:102 
01-18 14:57:04.768 I/NINE    (  433): action_power_protect_screen
01-18 14:57:04.769 I/NINE    (  433): MSG_USER_ACTIVITY_TIMEOUT_PROTECT
01-18 14:57:04.769 I/NINE    (  433): send action_power_protect_screen
01-18 14:57:04.769 W/ContextImpl(  433): Calling a method in the system process without a qualified user: android.app.ContextImpl.sendBroadcast:1344 com.android.server.power.PowerManagerService.handleprotectScreen:2000 com.android.server.power.PowerManagerService.access$3100:96 com.android.server.power.PowerManagerService$PowerManagerHandler.handleMessage:2894 android.os.Handler.dispatchMessage:102 
01-18 14:57:04.770 I/NINE    (  433): action_power_protect_screen
01-18 14:57:04.776 D/MSC_LOG (  929): QISRSessionBegin End
01-18 14:57:04.776 D/MscSpeechLog(  929): QISRSessionBegin end: 0 time:26
01-18 14:57:04.776 D/MSC_LOG (  929): QISRRegisterNotify Begin
01-18 14:57:04.776 D/MSC_LOG (  929): QISRRegisterNotify Findclass
01-18 14:57:04.776 D/MSC_LOG (  929): QISRRegisterNotify GetstaticMethodID
01-18 14:57:04.776 D/MSC_LOG (  929): QISRRegisterNotify Get sessionID
01-18 14:57:04.776 D/AudioHardwareTiny(  163): Device     : 0xb50b2665
01-18 14:57:04.776 D/MSC_LOG (  929): QISRRegisterNotify start call
01-18 14:57:04.776 D/AudioHardwareTiny(  163): SampleRate : 0
01-18 14:57:04.776 D/AudioHardwareTiny(  163): Channels   : 0
01-18 14:57:04.776 D/AudioHardwareTiny(  163): Formate    : -1257418436
01-18 14:57:04.776 D/AudioHardwareTiny(  163): PreiodSize : 12
01-18 14:57:04.776 E/AudioHardwareTiny(  163): getInputRouteFromDevice:device:80000004
01-18 14:57:04.776 D/MSC_LOG (  929): QISRRegisterNotify End
01-18 14:57:04.776 D/alsa_route(  163): route_pcm_open() route 21
01-18 14:57:04.776 D/alsa_route(  163): get_route_config() route 21
01-18 14:57:04.776 D/alsa_route(  163): route_info->sound_card 0, route_info->devices 0  
01-18 14:57:04.776 D/alsa_route(  163): route_pcm_close() route 25
01-18 14:57:04.776 D/MscSpeechLog(  929): curStatus=start,setStatus=recording
01-18 14:57:04.776 D/MscSpeechLog(  929): setStatus success=recording
01-18 14:57:04.777 D/alsa_route(  163): route_set_controls() set route 21
01-18 14:57:04.777 D/alsa_route(  163): get_route_config() route 21
01-18 14:57:04.777 D/alsa_route(  163): set_controls() ctls_count 1
01-18 14:57:04.777 D/alsa_route(  163): set_controls() set ctl Capture MIC Path to Main Mic
01-18 14:57:04.777 D/alsa_route(  163): route_pcm_open exit
01-18 14:57:04.815 E/TAG     (  929): 读
01-18 14:57:04.816 V/Uart-JNI(  929): read uart len 48, rBuf[0] = 0x55, rBuf[1] = 0xaa
01-18 14:57:04.817 E/VoiceService(  929):   readLength  48   [85, -86, 65, 0, 32, 108, 106, 82, 10, 10, 10, 120, 120, 119, 13, 13, 11, 18, 10, 0, 0, 0, 0, 0, 0, 0, 3, 48, 8, 0, 0, 0, 0, 0, 0, 0, 0, 0, 0, 0, 0, 0, 0, 0, 0, 0, 0, 0]
01-18 14:57:04.817 E/TTTTTTTTTTTTTTTTTTTTTT MODE = (  929): 65    32
01-18 14:57:04.817 E/VoiceService(  929): 冷藏室门  关了
01-18 14:57:04.817 E/VoiceService(  929): 变温门   ================关了
01-18 14:57:04.817 E/VoiceService(  929): 冷冻门   ================关了
01-18 14:57:04.830 E/TAG     (  929): 写
01-18 14:57:04.831 E/VoiceService(  929): sendByte  [85, -86, 4, 0, 0, 0, 10, 10, 10, 0, 0, 0, 0, 0, 0, 0, 0, 0, 0, 0, 0, 0, 0, 33]
01-18 14:57:04.831 V/Uart-JNI(  929): write uart len 24, wBuf[0] = 0x55, wBuf[1] = 0xaa
01-18 14:57:04.850 D/MSC_LOG (  929): JNI_IsrStatusCB
01-18 14:57:04.850 D/MSC_LOG (  929): JNI_IsrStatusCB AttachCurrentThread
01-18 14:57:04.851 D/MSC_LOG (  929): JNI_IsrStatusCB get sessionID chararray
01-18 14:57:04.851 D/MSC_LOG (  929): JNI_IsrStatusCB get param2 bytearray
01-18 14:57:04.851 D/MSC_LOG (  929): JNI_IsrStatusCB CallVoidMethod
01-18 14:57:04.851 D/MSC_LOG (  929): JNI_IsrStatusCB DetachCurrentThread
01-18 14:57:04.856 D/MSC_LOG (  929): JNI_IsrStatusCB
01-18 14:57:04.856 D/MSC_LOG (  929): JNI_IsrStatusCB AttachCurrentThread
01-18 14:57:04.857 D/MSC_LOG (  929): JNI_IsrStatusCB get sessionID chararray
01-18 14:57:04.857 D/MSC_LOG (  929): JNI_IsrStatusCB get param2 bytearray
01-18 14:57:04.857 D/MSC_LOG (  929): JNI_IsrStatusCB CallVoidMethod
01-18 14:57:04.857 D/MSC_LOG (  929): JNI_IsrStatusCB DetachCurrentThread
01-18 14:57:04.898 I/NINE    (  433): MSG_USER_ACTIVITY_TIMEOUT_PROTECT
01-18 14:57:04.898 I/NINE    (  433): send action_power_protect_screen
01-18 14:57:04.899 W/ContextImpl(  433): Calling a method in the system process without a qualified user: android.app.ContextImpl.sendBroadcast:1344 com.android.server.power.PowerManagerService.handleprotectScreen:2000 com.android.server.power.PowerManagerService.access$3100:96 com.android.server.power.PowerManagerService$PowerManagerHandler.handleMessage:2894 android.os.Handler.dispatchMessage:102 
01-18 14:57:04.903 I/NINE    (  433): MSG_USER_ACTIVITY_TIMEOUT_PROTECT
01-18 14:57:04.903 I/NINE    (  433): send action_power_protect_screen
01-18 14:57:04.903 I/NINE    (  433): action_power_protect_screen
01-18 14:57:04.904 W/ContextImpl(  433): Calling a method in the system process without a qualified user: android.app.ContextImpl.sendBroadcast:1344 com.android.server.power.PowerManagerService.handleprotectScreen:2000 com.android.server.power.PowerManagerService.access$3100:96 com.android.server.power.PowerManagerService$PowerManagerHandler.handleMessage:2894 android.os.Handler.dispatchMessage:102 
01-18 14:57:04.905 I/NINE    (  433): action_power_protect_screen
01-18 14:57:05.020 D/hwcomposer(  157): Skip 5 layer 
01-18 14:57:05.123 D/GPIO    (  929): open gpio device gpioFd = 26
01-18 14:57:05.123 E/VoiceService(  929):   state  : 0
01-18 14:57:05.624 D/GPIO    (  929): open gpio device gpioFd = 26
01-18 14:57:05.624 E/VoiceService(  929):   state  : 0
01-18 14:57:05.815 E/TAG     (  929): 读
01-18 14:57:05.816 V/Uart-JNI(  929): read uart len 48, rBuf[0] = 0x55, rBuf[1] = 0xaa
01-18 14:57:05.817 E/VoiceService(  929):   readLength  48   [85, -86, 65, 0, 32, 108, 106, 82, 10, 10, 10, 120, 120, 119, 13, 12, 11, 18, 10, 0, 0, 0, 0, 0, 0, 0, 3, 48, 8, 0, 0, 0, 0, 0, 0, 0, 0, 0, 0, 0, 0, 0, 0, 0, 0, 0, 0, 0]
01-18 14:57:05.817 E/TTTTTTTTTTTTTTTTTTTTTT MODE = (  929): 65    32
01-18 14:57:05.817 E/VoiceService(  929): 冷藏室门  关了
01-18 14:57:05.817 E/VoiceService(  929): 变温门   ================关了
01-18 14:57:05.817 E/VoiceService(  929): 冷冻门   ================关了
01-18 14:57:05.831 E/TAG     (  929): 写
01-18 14:57:05.831 E/VoiceService(  929): sendByte  [85, -86, 4, 0, 0, 0, 10, 10, 10, 0, 0, 0, 0, 0, 0, 0, 0, 0, 0, 0, 0, 0, 0, 33]
01-18 14:57:05.832 V/Uart-JNI(  929): write uart len 24, wBuf[0] = 0x55, wBuf[1] = 0xaa
01-18 14:57:06.124 D/GPIO    (  929): open gpio device gpioFd = 26
01-18 14:57:06.125 E/VoiceService(  929):   state  : 0
01-18 14:57:06.625 D/GPIO    (  929): open gpio device gpioFd = 26
01-18 14:57:06.625 E/VoiceService(  929):   state  : 0
01-18 14:57:06.707 D/MSC_LOG (  929): JNI_IsrStatusCB
01-18 14:57:06.707 D/MSC_LOG (  929): JNI_IsrStatusCB AttachCurrentThread
01-18 14:57:06.708 D/MSC_LOG (  929): JNI_IsrStatusCB get sessionID chararray
01-18 14:57:06.708 D/MSC_LOG (  929): JNI_IsrStatusCB get param2 bytearray
01-18 14:57:06.708 D/MSC_LOG (  929): JNI_IsrStatusCB CallVoidMethod
01-18 14:57:06.708 D/MscRecognizer(  929): stusCb:3,type:0
01-18 14:57:06.708 D/MscSpeechLog(  929): Msc recognize vadEndCall
01-18 14:57:06.708 D/MscSpeechLog(  929): stopRecognize, current status is :recording usercancel : false
01-18 14:57:06.708 E/VoiceService(  929): 结束说话
01-18 14:57:06.708 D/MscSpeechLog(  929): stop record
01-18 14:57:06.709 D/MscSpeechLog(  929): curStatus=recording,setStatus=waitresult
01-18 14:57:06.709 D/MscSpeechLog(  929): setStatus success=waitresult
01-18 14:57:06.709 D/MSC_LOG (  929): JNI_IsrStatusCB DetachCurrentThread
01-18 14:57:06.709 D/MscSpeechLog(  929): recording stop
01-18 14:57:06.709 D/MscSpeechLog(  929): IsrSession pushEndFlag
01-18 14:57:06.752 D/MscSpeechLog(  929): release record begin
01-18 14:57:06.776 D/MscSpeechLog(  929): release record over
01-18 14:57:06.780 D/alsa_route(  163): route_pcm_close() route 25
01-18 14:57:06.780 D/alsa_route(  163): route_set_controls() set route 25
01-18 14:57:06.780 D/alsa_route(  163): get_route_config() route 25
01-18 14:57:06.780 D/alsa_route(  163): set_controls() ctls_count 1
01-18 14:57:06.781 D/alsa_route(  163): set_controls() set ctl Capture MIC Path to MIC OFF
01-18 14:57:06.782 I/NINE    (  433): MSG_USER_ACTIVITY_TIMEOUT_PROTECT
01-18 14:57:06.782 I/NINE    (  433): send action_power_protect_screen
01-18 14:57:06.783 W/ContextImpl(  433): Calling a method in the system process without a qualified user: android.app.ContextImpl.sendBroadcast:1344 com.android.server.power.PowerManagerService.handleprotectScreen:2000 com.android.server.power.PowerManagerService.access$3100:96 com.android.server.power.PowerManagerService$PowerManagerHandler.handleMessage:2894 android.os.Handler.dispatchMessage:102 
01-18 14:57:06.784 I/NINE    (  433): action_power_protect_screen
01-18 14:57:06.816 E/TAG     (  929): 读
01-18 14:57:06.817 V/Uart-JNI(  929): read uart len 48, rBuf[0] = 0x55, rBuf[1] = 0xaa
01-18 14:57:06.817 E/VoiceService(  929):   readLength  48   [85, -86, 65, 0, 32, 108, 106, 82, 10, 10, 10, 120, 120, 119, 13, 12, 11, 18, 10, 0, 0, 0, 0, 0, 0, 0, 3, 48, 8, 0, 0, 0, 0, 0, 0, 0, 0, 0, 0, 0, 0, 0, 0, 0, 0, 0, 0, 0]
01-18 14:57:06.817 E/TTTTTTTTTTTTTTTTTTTTTT MODE = (  929): 65    32
01-18 14:57:06.817 E/VoiceService(  929): 冷藏室门  关了
01-18 14:57:06.818 E/VoiceService(  929): 变温门   ================关了
01-18 14:57:06.818 E/VoiceService(  929): 冷冻门   ================关了
01-18 14:57:06.831 E/TAG     (  929): 写
01-18 14:57:06.832 E/VoiceService(  929): sendByte  [85, -86, 4, 0, 0, 0, 10, 10, 10, 0, 0, 0, 0, 0, 0, 0, 0, 0, 0, 0, 0, 0, 0, 33]
01-18 14:57:06.833 V/Uart-JNI(  929): write uart len 24, wBuf[0] = 0x55, wBuf[1] = 0xaa
01-18 14:57:06.839 D/MSC_LOG (  929): JNI_IsrResultCB
01-18 14:57:06.839 D/MSC_LOG (  929): JNI_IsrResultCB AttachCurrentThread
01-18 14:57:06.840 D/MSC_LOG (  929): JNI_IsrResultCB get result chararray
01-18 14:57:06.840 D/MSC_LOG (  929): JNI_IsrResultCB get sessionID chararray
01-18 14:57:06.840 D/MSC_LOG (  929): JNI_IsrResultCB CallVoidMethod
01-18 14:57:06.840 D/MscRecognizer(  929): rsltCb:5result:{"sn":1,"ls":true,"bg":0,"ed":0,"ws":[{"bg":0,"cw":[{"sc":0.00,"w":""}]}]}
01-18 14:57:06.840 D/MSC_LOG (  929): JNI_IsrResultCB DetachCurrentThread
01-18 14:57:06.846 I/MediaFocusControl(  433):  AudioFocus  abandonAudioFocus() from android.media.AudioManager@20b6fd1b
01-18 14:57:06.846 D/MscSpeechLog(  929): msc result time:1516258626846
01-18 14:57:06.846 D/VoiceService(  929): {"sn":1,"ls":true,"bg":0,"ed":0,"ws":[{"bg":0,"cw":[{"sc":0.00,"w":""}]}]}
01-18 14:57:06.846 E/VoiceService(  929): printResult
01-18 14:57:06.846 D/MscSpeechLog(  929): DC getEnable enter.
01-18 14:57:06.846 D/MscSpeechLog(  929): DC getEnable static value=true
01-18 14:57:06.846 D/MscSpeechLog(  929): getMscParameter enter key=idc
01-18 14:57:06.847 D/MscSpeechLog(  929): getMscParameter value=gz
01-18 14:57:06.847 E/VoiceService(  929): TAG   printResult 
01-18 14:57:06.847 D/MscSpeechLog(  929): getMscParameter leave
01-18 14:57:06.847 E/VoiceService(  929): msg    
01-18 14:57:06.847 D/MscSpeechLog(  929): DC getEnable msc val=gz
01-18 14:57:06.847 D/MscSpeechLog(  929): DC getEnable value=false
01-18 14:57:06.847 D/MscSpeechLog(  929): DC getEnable leave.
01-18 14:57:06.847 D/MscSpeechLog(  929): curStatus=waitresult,setStatus=exiting
01-18 14:57:06.847 D/MscSpeechLog(  929): setStatus success=exiting
01-18 14:57:06.847 D/MscSpeechLog(  929): onSessionEnd
01-18 14:57:06.848 D/MSC_LOG (  929): QISRSetParam Begin
01-18 14:57:06.848 D/MSC_LOG (  929): QISRSetParam End
01-18 14:57:06.848 D/MscSpeechLog(  929): sessionEnd enter 
01-18 14:57:06.848 D/MSC_LOG (  929): QISRSessionEnd Begin
01-18 14:57:06.855 D/MSC_LOG (  929): QISRSessionEnd End
01-18 14:57:06.856 D/MSC_LOG (  929): DeleteGlobalRef g_isrCbData.m_obj
01-18 14:57:06.856 D/MscSpeechLog(  929): sessionEnd leavel:true time:8
01-18 14:57:06.856 D/MscSpeechLog(  929): curStatus=exiting,setStatus=exited
01-18 14:57:06.856 D/MscSpeechLog(  929): setStatus success=exited
01-18 14:57:06.856 D/MscSpeechLog(  929): clear all message
01-18 14:57:06.856 D/MscSpeechLog(  929): RecognizerListener#onEnd
01-18 14:57:06.856 D/MscSpeechLog(  929): clear all message
01-18 14:57:06.856 D/MscSpeechLog(  929): quit current Msc Handler thread
01-18 14:57:07.125 D/GPIO    (  929): open gpio device gpioFd = 26
01-18 14:57:07.126 E/VoiceService(  929):   state  : 0
01-18 14:57:07.352 D/hwcomposer(  157): Skip 5 layer 
01-18 14:57:07.626 D/GPIO    (  929): open gpio device gpioFd = 26
01-18 14:57:07.626 E/VoiceService(  929):   state  : 0
01-18 14:57:07.749 D/alsa_route(  163): route_pcm_close() route 24
01-18 14:57:07.750 D/alsa_route(  163): route_set_controls() set route 24
01-18 14:57:07.750 D/alsa_route(  163): get_route_config() route 24
01-18 14:57:07.750 D/alsa_route(  163): set_controls() ctls_count 1
01-18 14:57:07.750 D/alsa_route(  163): set_controls() set ctl Playback Path to OFF
01-18 14:57:07.750 D/AudioHardwareTiny(  163): close device
01-18 14:57:07.751 I/NINE    (  433): MSG_USER_ACTIVITY_TIMEOUT_PROTECT
01-18 14:57:07.751 I/NINE    (  433): send action_power_protect_screen
01-18 14:57:07.751 W/ContextImpl(  433): Calling a method in the system process without a qualified user: android.app.ContextImpl.sendBroadcast:1344 com.android.server.power.PowerManagerService.handleprotectScreen:2000 com.android.server.power.PowerManagerService.access$3100:96 com.android.server.power.PowerManagerService$PowerManagerHandler.handleMessage:2894 android.os.Handler.dispatchMessage:102 
01-18 14:57:07.752 I/NINE    (  433): action_power_protect_screen
01-18 14:57:07.816 E/TAG     (  929): 读
01-18 14:57:07.818 V/Uart-JNI(  929): read uart len 48, rBuf[0] = 0x55, rBuf[1] = 0xaa
01-18 14:57:07.818 E/VoiceService(  929):   readLength  48   [85, -86, 65, 0, 32, 108, 106, 82, 10, 10, 10, 120, 120, 119, 13, 13, 11, 18, 10, 0, 0, 0, 0, 0, 0, 0, 3, 48, 8, 0, 0, 0, 0, 0, 0, 0, 0, 0, 0, 0, 0, 0, 0, 0, 0, 0, 0, 0]
01-18 14:57:07.818 E/TTTTTTTTTTTTTTTTTTTTTT MODE = (  929): 65    32
01-18 14:57:07.818 E/VoiceService(  929): 冷藏室门  关了
01-18 14:57:07.818 E/VoiceService(  929): 变温门   ================关了
01-18 14:57:07.818 E/VoiceService(  929): 冷冻门   ================关了
01-18 14:57:07.832 E/TAG     (  929): 写
01-18 14:57:07.833 E/VoiceService(  929): sendByte  [85, -86, 4, 0, 0, 0, 10, 10, 10, 0, 0, 0, 0, 0, 0, 0, 0, 0, 0, 0, 0, 0, 0, 33]
01-18 14:57:07.833 V/Uart-JNI(  929): write uart len 24, wBuf[0] = 0x55, wBuf[1] = 0xaa
01-18 14:57:08.127 D/GPIO    (  929): open gpio device gpioFd = 26
01-18 14:57:08.127 E/VoiceService(  929):   state  : 0
01-18 14:57:08.628 D/GPIO    (  929): open gpio device gpioFd = 26
01-18 14:57:08.628 E/VoiceService(  929):   state  : 0
01-18 14:57:08.818 E/TAG     (  929): 读
01-18 14:57:08.819 V/Uart-JNI(  929): read uart len 48, rBuf[0] = 0x55, rBuf[1] = 0xaa
01-18 14:57:08.819 E/VoiceService(  929):   readLength  48   [85, -86, 65, 0, 32, 108, 106, 82, 10, 10, 10, 120, 120, 119, 13, 13, 10, 18, 10, 0, 0, 0, 0, 0, 0, 0, 3, 48, 8, 0, 0, 0, 0, 0, 0, 0, 0, 0, 0, 0, 0, 0, 0, 0, 0, 0, 0, 0]
01-18 14:57:08.819 E/TTTTTTTTTTTTTTTTTTTTTT MODE = (  929): 65    32
01-18 14:57:08.819 E/VoiceService(  929): 冷藏室门  关了
01-18 14:57:08.819 E/VoiceService(  929): 变温门   ================关了
01-18 14:57:08.819 E/VoiceService(  929): 冷冻门   ================关了
01-18 14:57:08.832 E/TAG     (  929): 写
01-18 14:57:08.833 E/VoiceService(  929): sendByte  [85, -86, 4, 0, 0, 0, 10, 10, 10, 0, 0, 0, 0, 0, 0, 0, 0, 0, 0, 0, 0, 0, 0, 33]
01-18 14:57:08.834 V/Uart-JNI(  929): write uart len 24, wBuf[0] = 0x55, wBuf[1] = 0xaa
01-18 14:57:09.014 D/hwcomposer(  157): Skip 5 layer 
01-18 14:57:09.128 D/GPIO    (  929): open gpio device gpioFd = 26
01-18 14:57:09.129 E/VoiceService(  929):   state  : 0
01-18 14:57:09.629 D/GPIO    (  929): open gpio device gpioFd = 26
01-18 14:57:09.630 E/VoiceService(  929):   state  : 0
01-18 14:57:09.818 E/TAG     (  929): 读
01-18 14:57:09.819 V/Uart-JNI(  929): read uart len 48, rBuf[0] = 0x55, rBuf[1] = 0xaa
01-18 14:57:09.820 E/VoiceService(  929):   readLength  48   [85, -86, 65, 0, 32, 108, 106, 82, 10, 10, 10, 120, 120, 119, 13, 13, 11, 18, 10, 0, 0, 0, 0, 0, 0, 0, 3, 48, 8, 0, 0, 0, 0, 0, 0, 0, 0, 0, 0, 0, 0, 0, 0, 0, 0, 0, 0, 0]
01-18 14:57:09.820 E/TTTTTTTTTTTTTTTTTTTTTT MODE = (  929): 65    32
01-18 14:57:09.820 E/VoiceService(  929): 冷藏室门  关了
01-18 14:57:09.820 E/VoiceService(  929): 变温门   ================关了
01-18 14:57:09.820 E/VoiceService(  929): 冷冻门   ================关了
01-18 14:57:09.834 E/TAG     (  929): 写
01-18 14:57:09.834 E/VoiceService(  929): sendByte  [85, -86, 4, 0, 0, 0, 10, 10, 10, 0, 0, 0, 0, 0, 0, 0, 0, 0, 0, 0, 0, 0, 0, 33]
01-18 14:57:09.835 V/Uart-JNI(  929): write uart len 24, wBuf[0] = 0x55, wBuf[1] = 0xaa
01-18 14:57:10.078 E/WifiStateMachine(  433): WifiStateMachine CMD_START_SCAN source 1000 txSuccessRate=30.56 rxSuccessRate=29.05 targetRoamBSSID=6c:59:40:73:d1:20 RSSI=-37
01-18 14:57:10.080 E/WifiStateMachine(  433): [1,516,258,630,079 ms] noteScanstart no scan source uid 1000
01-18 14:57:10.131 D/GPIO    (  929): open gpio device gpioFd = 26
01-18 14:57:10.131 E/VoiceService(  929):   state  : 0
01-18 14:57:10.369 D/hwcomposer(  157): Skip 5 layer 
01-18 14:57:10.632 D/GPIO    (  929): open gpio device gpioFd = 26
01-18 14:57:10.632 E/VoiceService(  929):   state  : 0
01-18 14:57:10.818 E/TAG     (  929): 读
01-18 14:57:10.820 V/Uart-JNI(  929): read uart len 48, rBuf[0] = 0x55, rBuf[1] = 0xaa
01-18 14:57:10.820 E/WifiStateMachine(  433): WifiStateMachine CMD_START_SCAN source -2 txSuccessRate=7.64 rxSuccessRate=7.26 targetRoamBSSID=6c:59:40:73:d1:20 RSSI=-36
01-18 14:57:10.820 E/VoiceService(  929):   readLength  48   [85, -86, 65, 0, 32, 108, 106, 82, 10, 10, 10, 120, 120, 119, 13, 13, 11, 19, 10, 0, 0, 0, 0, 0, 0, 0, 3, 48, 8, 0, 0, 0, 0, 0, 0, 0, 0, 0, 0, 0, 0, 0, 0, 0, 0, 0, 0, 0]
01-18 14:57:10.820 E/TTTTTTTTTTTTTTTTTTTTTT MODE = (  929): 65    32
01-18 14:57:10.820 E/VoiceService(  929): 冷藏室门  关了
01-18 14:57:10.820 E/WifiStateMachine(  433): startDelayedScan send -> 59 milli 20000
01-18 14:57:10.820 E/VoiceService(  929): 变温门   ================关了
01-18 14:57:10.820 E/VoiceService(  929): 冷冻门   ================关了
01-18 14:57:10.820 E/WifiStateMachine(  433): WifiStateMachine CMD_START_SCAN with age=40004 interval=45000 maxinterval=300000
01-18 14:57:10.821 E/WifiStateMachine(  433): WifiStateMachine CMD_START_SCAN full=false
01-18 14:57:10.821 E/WifiStateMachine(  433): WifiStateMachine starting scan for "MERCURY D120"WPA_PSK with 2417
01-18 14:57:10.834 E/TAG     (  929): 写
01-18 14:57:10.834 E/VoiceService(  929): sendByte  [85, -86, 4, 0, 0, 0, 10, 10, 10, 0, 0, 0, 0, 0, 0, 0, 0, 0, 0, 0, 0, 0, 0, 33]
01-18 14:57:10.835 V/Uart-JNI(  929): write uart len 24, wBuf[0] = 0x55, wBuf[1] = 0xaa
01-18 14:57:10.953 E/WifiStateMachine(  433): [1,516,258,630,953 ms] noteScanEnd WorkSource{1000} onTime=0
01-18 14:57:10.960 E/WifiStateMachine(  433): wifi setScanResults statecom.android.server.wifi.WifiStateMachine$ConnectedState@3b90c568 sup_state=COMPLETED debouncing=false mConnectionRequests=1 selection=<none>
01-18 14:57:11.133 D/GPIO    (  929): open gpio device gpioFd = 26
01-18 14:57:11.133 E/VoiceService(  929):   state  : 0
01-18 14:57:11.634 D/GPIO    (  929): open gpio device gpioFd = 26
01-18 14:57:11.634 E/VoiceService(  929):   state  : 0
01-18 14:57:11.820 E/TAG     (  929): 读
01-18 14:57:11.821 V/Uart-JNI(  929): read uart len 48, rBuf[0] = 0x55, rBuf[1] = 0xaa
01-18 14:57:11.821 E/VoiceService(  929):   readLength  48   [85, -86, 65, 0, 32, 108, 106, 82, 10, 10, 10, 120, 120, 119, 13, 13, 10, 18, 10, 0, 0, 0, 0, 0, 0, 0, 3, 48, 8, 0, 0, 0, 0, 0, 0, 0, 0, 0, 0, 0, 0, 0, 0, 0, 0, 0, 0, 0]
01-18 14:57:11.821 E/TTTTTTTTTTTTTTTTTTTTTT MODE = (  929): 65    32
01-18 14:57:11.821 E/VoiceService(  929): 冷藏室门  关了
01-18 14:57:11.821 E/VoiceService(  929): 变温门   ================关了
01-18 14:57:11.821 E/VoiceService(  929): 冷冻门   ================关了
01-18 14:57:11.834 E/TAG     (  929): 写
01-18 14:57:11.835 E/VoiceService(  929): sendByte  [85, -86, 4, 0, 0, 0, 10, 10, 10, 0, 0, 0, 0, 0, 0, 0, 0, 0, 0, 0, 0, 0, 0, 33]
01-18 14:57:11.836 V/Uart-JNI(  929): write uart len 24, wBuf[0] = 0x55, wBuf[1] = 0xaa
01-18 14:57:12.031 D/hwcomposer(  157): Skip 5 layer 
01-18 14:57:12.134 D/GPIO    (  929): open gpio device gpioFd = 26
01-18 14:57:12.135 E/VoiceService(  929):   state  : 0
01-18 14:57:12.635 D/GPIO    (  929): open gpio device gpioFd = 26
01-18 14:57:12.636 E/VoiceService(  929):   state  : 0
01-18 14:57:12.820 E/TAG     (  929): 读
01-18 14:57:12.821 V/Uart-JNI(  929): read uart len 48, rBuf[0] = 0x55, rBuf[1] = 0xaa
01-18 14:57:12.822 E/VoiceService(  929):   readLength  48   [85, -86, 65, 0, 32, 108, 106, 82, 10, 10, 10, 120, 120, 119, 13, 13, 11, 18, 10, 0, 0, 0, 0, 0, 0, 0, 3, 48, 8, 0, 0, 0, 0, 0, 0, 0, 0, 0, 0, 0, 0, 0, 0, 0, 0, 0, 0, 0]
01-18 14:57:12.822 E/TTTTTTTTTTTTTTTTTTTTTT MODE = (  929): 65    32
01-18 14:57:12.822 E/VoiceService(  929): 冷藏室门  关了
01-18 14:57:12.822 E/VoiceService(  929): 变温门   ================关了
01-18 14:57:12.822 E/VoiceService(  929): 冷冻门   ================关了
01-18 14:57:12.836 E/TAG     (  929): 写
01-18 14:57:12.836 E/VoiceService(  929): sendByte  [85, -86, 4, 0, 0, 0, 10, 10, 10, 0, 0, 0, 0, 0, 0, 0, 0, 0, 0, 0, 0, 0, 0, 33]
01-18 14:57:12.837 V/Uart-JNI(  929): write uart len 24, wBuf[0] = 0x55, wBuf[1] = 0xaa
01-18 14:57:13.025 D/hwcomposer(  157): Skip 5 layer 
01-18 14:57:13.136 D/GPIO    (  929): open gpio device gpioFd = 26
01-18 14:57:13.136 E/VoiceService(  929):   state  : 0
01-18 14:57:13.385 D/hwcomposer(  157): Skip 5 layer 
01-18 14:57:13.636 D/GPIO    (  929): open gpio device gpioFd = 26
01-18 14:57:13.636 E/VoiceService(  929):   state  : 0
01-18 14:57:13.821 E/TAG     (  929): 读
01-18 14:57:13.822 V/Uart-JNI(  929): read uart len 48, rBuf[0] = 0x55, rBuf[1] = 0xaa
01-18 14:57:13.822 E/VoiceService(  929):   readLength  48   [85, -86, 65, 0, 32, 108, 106, 82, 10, 10, 10, 120, 120, 119, 13, 13, 10, 18, 10, 0, 0, 0, 0, 0, 0, 0, 3, 48, 8, 0, 0, 0, 0, 0, 0, 0, 0, 0, 0, 0, 0, 0, 0, 0, 0, 0, 0, 0]
01-18 14:57:13.822 E/TTTTTTTTTTTTTTTTTTTTTT MODE = (  929): 65    32
01-18 14:57:13.822 E/VoiceService(  929): 冷藏室门  关了
01-18 14:57:13.822 E/VoiceService(  929): 变温门   ================关了
01-18 14:57:13.823 E/VoiceService(  929): 冷冻门   ================关了
01-18 14:57:13.836 E/TAG     (  929): 写
01-18 14:57:13.837 E/VoiceService(  929): sendByte  [85, -86, 4, 0, 0, 0, 10, 10, 10, 0, 0, 0, 0, 0, 0, 0, 0, 0, 0, 0, 0, 0, 0, 33]
01-18 14:57:13.838 V/Uart-JNI(  929): write uart len 24, wBuf[0] = 0x55, wBuf[1] = 0xaa
01-18 14:57:14.136 D/GPIO    (  929): open gpio device gpioFd = 26
01-18 14:57:14.137 E/VoiceService(  929):   state  : 0
01-18 14:57:14.637 D/GPIO    (  929): open gpio device gpioFd = 26
01-18 14:57:14.638 E/VoiceService(  929):   state  : 0
01-18 14:57:14.821 E/TAG     (  929): 读
01-18 14:57:14.822 V/Uart-JNI(  929): read uart len 49, rBuf[0] = 0x55, rBuf[1] = 0xaa
01-18 14:57:14.823 E/VoiceService(  929):   readLength  49   [85, -86, 65, 0, 32, 108, 106, 82, 10, 10, 10, 120, 120, 119, 13, 13, 11, 18, 10, 0, 0, 0, 0, 0, 0, 0, 3, 48, 8, 0, 0, 0, 0, 0, 0, 0, 0, 0, 0, 0, 0, 0, 0, 0, 0, 0, 0, 0]
01-18 14:57:14.823 E/TTTTTTTTTTTTTTTTTTTTTT MODE = (  929): 65    32
01-18 14:57:14.823 E/VoiceService(  929): 冷藏室门  关了
01-18 14:57:14.823 E/VoiceService(  929): 变温门   ================关了
01-18 14:57:14.823 E/VoiceService(  929): 冷冻门   ================关了
01-18 14:57:14.838 E/TAG     (  929): 写
01-18 14:57:14.838 E/VoiceService(  929): sendByte  [85, -86, 4, 0, 0, 0, 10, 10, 10, 0, 0, 0, 0, 0, 0, 0, 0, 0, 0, 0, 0, 0, 0, 33]
01-18 14:57:14.839 V/Uart-JNI(  929): write uart len 24, wBuf[0] = 0x55, wBuf[1] = 0xaa
01-18 14:57:15.139 D/GPIO    (  929): open gpio device gpioFd = 26
01-18 14:57:15.139 E/VoiceService(  929):   state  : 0
01-18 14:57:15.640 D/GPIO    (  929): open gpio device gpioFd = 26
01-18 14:57:15.640 E/VoiceService(  929):   state  : 0
01-18 14:57:15.821 E/TAG     (  929): 读
01-18 14:57:15.823 V/Uart-JNI(  929): read uart len 48, rBuf[0] = 0x55, rBuf[1] = 0xaa
01-18 14:57:15.823 E/VoiceService(  929):   readLength  48   [85, -86, 65, 0, 32, 108, 106, 82, 10, 10, 10, 120, 120, 119, 13, 13, 11, 18, 10, 0, 0, 0, 0, 0, 0, 0, 3, 48, 8, 0, 0, 0, 0, 0, 0, 0, 0, 0, 0, 0, 0, 0, 0, 0, 0, 0, 0, 0]
01-18 14:57:15.823 E/TTTTTTTTTTTTTTTTTTTTTT MODE = (  929): 65    32
01-18 14:57:15.823 E/VoiceService(  929): 冷藏室门  关了
01-18 14:57:15.823 E/VoiceService(  929): 变温门   ================关了
01-18 14:57:15.823 E/VoiceService(  929): 冷冻门   ================关了
01-18 14:57:15.838 E/TAG     (  929): 写
01-18 14:57:15.838 E/VoiceService(  929): sendByte  [85, -86, 4, 0, 0, 0, 10, 10, 10, 0, 0, 0, 0, 0, 0, 0, 0, 0, 0, 0, 0, 0, 0, 33]
01-18 14:57:15.839 V/Uart-JNI(  929): write uart len 24, wBuf[0] = 0x55, wBuf[1] = 0xaa
01-18 14:57:16.141 D/GPIO    (  929): open gpio device gpioFd = 26
01-18 14:57:16.141 E/VoiceService(  929):   state  : 0
01-18 14:57:16.384 D/hwcomposer(  157): Skip 5 layer 
01-18 14:57:16.642 D/GPIO    (  929): open gpio device gpioFd = 26
01-18 14:57:16.642 E/VoiceService(  929):   state  : 0
01-18 14:57:16.822 E/TAG     (  929): 读
01-18 14:57:16.824 V/Uart-JNI(  929): read uart len 49, rBuf[0] = 0x55, rBuf[1] = 0xaa
01-18 14:57:16.824 E/VoiceService(  929):   readLength  49   [85, -86, 65, 0, 32, 108, 106, 82, 10, 10, 10, 120, 120, 119, 13, 12, 11, 18, 10, 0, 0, 0, 0, 0, 0, 0, 3, 48, 8, 0, 0, 0, 0, 0, 0, 0, 0, 0, 0, 0, 0, 0, 0, 0, 0, 0, 0, 0]
01-18 14:57:16.824 E/TTTTTTTTTTTTTTTTTTTTTT MODE = (  929): 65    32
01-18 14:57:16.824 E/VoiceService(  929): 冷藏室门  关了
01-18 14:57:16.824 E/VoiceService(  929): 变温门   ================关了
01-18 14:57:16.824 E/VoiceService(  929): 冷冻门   ================关了
01-18 14:57:16.838 E/TAG     (  929): 写
01-18 14:57:16.839 E/VoiceService(  929): sendByte  [85, -86, 4, 0, 0, 0, 10, 10, 10, 0, 0, 0, 0, 0, 0, 0, 0, 0, 0, 0, 0, 0, 0, 33]
01-18 14:57:16.839 V/Uart-JNI(  929): write uart len 24, wBuf[0] = 0x55, wBuf[1] = 0xaa
01-18 14:57:17.143 D/GPIO    (  929): open gpio device gpioFd = 26
01-18 14:57:17.143 E/VoiceService(  929):   state  : 0
01-18 14:57:17.644 D/GPIO    (  929): open gpio device gpioFd = 26
01-18 14:57:17.645 E/VoiceService(  929):   state  : 0
01-18 14:57:17.824 E/TAG     (  929): 读
01-18 14:57:17.825 V/Uart-JNI(  929): read uart len 48, rBuf[0] = 0x55, rBuf[1] = 0xaa
01-18 14:57:17.825 E/VoiceService(  929):   readLength  48   [85, -86, 65, 0, 32, 108, 106, 82, 10, 10, 10, 120, 120, 119, 13, 13, 11, 18, 10, 0, 0, 0, 0, 0, 0, 0, 3, 48, 8, 0, 0, 0, 0, 0, 0, 0, 0, 0, 0, 0, 0, 0, 0, 0, 0, 0, 0, 0]
01-18 14:57:17.826 E/TTTTTTTTTTTTTTTTTTTTTT MODE = (  929): 65    32
01-18 14:57:17.826 E/VoiceService(  929): 冷藏室门  关了
01-18 14:57:17.826 E/VoiceService(  929): 变温门   ================关了
01-18 14:57:17.826 E/VoiceService(  929): 冷冻门   ================关了
01-18 14:57:17.839 E/TAG     (  929): 写
01-18 14:57:17.839 E/VoiceService(  929): sendByte  [85, -86, 4, 0, 0, 0, 10, 10, 10, 0, 0, 0, 0, 0, 0, 0, 0, 0, 0, 0, 0, 0, 0, 33]
01-18 14:57:17.840 V/Uart-JNI(  929): write uart len 24, wBuf[0] = 0x55, wBuf[1] = 0xaa
01-18 14:57:18.145 D/GPIO    (  929): open gpio device gpioFd = 26
01-18 14:57:18.145 E/VoiceService(  929):   state  : 0
01-18 14:57:18.646 D/GPIO    (  929): open gpio device gpioFd = 26
01-18 14:57:18.646 E/VoiceService(  929):   state  : 0
01-18 14:57:18.824 E/TAG     (  929): 读
01-18 14:57:18.825 V/Uart-JNI(  929): read uart len 48, rBuf[0] = 0x55, rBuf[1] = 0xaa
01-18 14:57:18.826 E/VoiceService(  929):   readLength  48   [85, -86, 65, 0, 32, 108, 106, 82, 10, 10, 10, 120, 120, 119, 13, 13, 11, 18, 10, 0, 0, 0, 0, 0, 0, 0, 3, 48, 8, 0, 0, 0, 0, 0, 0, 0, 0, 0, 0, 0, 0, 0, 0, 0, 0, 0, 0, 0]
01-18 14:57:18.826 E/TTTTTTTTTTTTTTTTTTTTTT MODE = (  929): 65    32
01-18 14:57:18.826 E/VoiceService(  929): 冷藏室门  关了
01-18 14:57:18.826 E/VoiceService(  929): 变温门   ================关了
01-18 14:57:18.826 E/VoiceService(  929): 冷冻门   ================关了
01-18 14:57:18.840 E/TAG     (  929): 写
01-18 14:57:18.840 E/VoiceService(  929): sendByte  [85, -86, 4, 0, 0, 0, 10, 10, 10, 0, 0, 0, 0, 0, 0, 0, 0, 0, 0, 0, 0, 0, 0, 33]
01-18 14:57:18.841 V/Uart-JNI(  929): write uart len 24, wBuf[0] = 0x55, wBuf[1] = 0xaa
01-18 14:57:19.147 D/GPIO    (  929): open gpio device gpioFd = 26
01-18 14:57:19.147 E/VoiceService(  929):   state  : 0
01-18 14:57:19.401 D/hwcomposer(  157): Skip 5 layer 
01-18 14:57:19.647 D/GPIO    (  929): open gpio device gpioFd = 26
01-18 14:57:19.648 E/VoiceService(  929):   state  : 0
01-18 14:57:19.825 E/TAG     (  929): 读
01-18 14:57:19.826 V/Uart-JNI(  929): read uart len 48, rBuf[0] = 0x55, rBuf[1] = 0xaa
01-18 14:57:19.826 E/VoiceService(  929):   readLength  48   [85, -86, 65, 0, 32, 108, 106, 82, 10, 10, 10, 120, 120, 119, 13, 13, 10, 18, 10, 0, 0, 0, 0, 0, 0, 0, 3, 48, 8, 0, 0, 0, 0, 0, 0, 0, 0, 0, 0, 0, 0, 0, 0, 0, 0, 0, 0, 0]
01-18 14:57:19.827 E/TTTTTTTTTTTTTTTTTTTTTT MODE = (  929): 65    32
01-18 14:57:19.827 E/VoiceService(  929): 冷藏室门  关了
01-18 14:57:19.827 E/VoiceService(  929): 变温门   ================关了
01-18 14:57:19.827 E/VoiceService(  929): 冷冻门   ================关了
01-18 14:57:19.840 E/TAG     (  929): 写
01-18 14:57:19.841 E/VoiceService(  929): sendByte  [85, -86, 4, 0, 0, 0, 10, 10, 10, 0, 0, 0, 0, 0, 0, 0, 0, 0, 0, 0, 0, 0, 0, 33]
01-18 14:57:19.842 V/Uart-JNI(  929): write uart len 24, wBuf[0] = 0x55, wBuf[1] = 0xaa
01-18 14:57:20.079 E/WifiStateMachine(  433): WifiStateMachine CMD_START_SCAN source 1000 txSuccessRate=0.60 rxSuccessRate=0.45 targetRoamBSSID=6c:59:40:73:d1:20 RSSI=-36
01-18 14:57:20.081 E/WifiStateMachine(  433): [1,516,258,640,081 ms] noteScanstart no scan source uid 1000
01-18 14:57:20.148 D/GPIO    (  929): open gpio device gpioFd = 26
01-18 14:57:20.148 E/VoiceService(  929):   state  : 0
01-18 14:57:20.296 E/WifiStateMachine(  433): [1,516,258,640,296 ms] noteScanEnd WorkSource{1000} onTime=0
01-18 14:57:20.302 E/WifiStateMachine(  433): wifi setScanResults statecom.android.server.wifi.WifiStateMachine$ConnectedState@3b90c568 sup_state=COMPLETED debouncing=false mConnectionRequests=1 selection=<none>
01-18 14:57:20.378 D/hwcomposer(  157): Skip 5 layer 
01-18 14:57:20.395 D/hwcomposer(  157): Skip 5 layer 
01-18 14:57:20.648 D/GPIO    (  929): open gpio device gpioFd = 26
01-18 14:57:20.648 E/VoiceService(  929):   state  : 0
01-18 14:57:20.826 E/TAG     (  929): 读
01-18 14:57:20.827 V/Uart-JNI(  929): read uart len 48, rBuf[0] = 0x55, rBuf[1] = 0xaa
01-18 14:57:20.827 E/VoiceService(  929):   readLength  48   [85, -86, 65, 0, 32, 108, 106, 82, 10, 10, 10, 120, 120, 119, 13, 13, 11, 18, 10, 0, 0, 0, 0, 0, 0, 0, 3, 48, 8, 0, 0, 0, 0, 0, 0, 0, 0, 0, 0, 0, 0, 0, 0, 0, 0, 0, 0, 0]
01-18 14:57:20.827 E/TTTTTTTTTTTTTTTTTTTTTT MODE = (  929): 65    32
01-18 14:57:20.827 E/VoiceService(  929): 冷藏室门  关了
01-18 14:57:20.828 E/VoiceService(  929): 变温门   ================关了
01-18 14:57:20.828 E/VoiceService(  929): 冷冻门   ================关了
01-18 14:57:20.841 E/TAG     (  929): 写
01-18 14:57:20.842 E/VoiceService(  929): sendByte  [85, -86, 4, 0, 0, 0, 10, 10, 10, 0, 0, 0, 0, 0, 0, 0, 0, 0, 0, 0, 0, 0, 0, 33]
01-18 14:57:20.843 V/Uart-JNI(  929): write uart len 24, wBuf[0] = 0x55, wBuf[1] = 0xaa
01-18 14:57:21.148 D/GPIO    (  929): open gpio device gpioFd = 26
01-18 14:57:21.149 E/VoiceService(  929):   state  : 0
01-18 14:57:21.648 D/GPIO    (  929): open gpio device gpioFd = 26
01-18 14:57:21.649 E/VoiceService(  929):   state  : 0
01-18 14:57:21.826 E/TAG     (  929): 读
01-18 14:57:21.827 V/Uart-JNI(  929): read uart len 48, rBuf[0] = 0x55, rBuf[1] = 0xaa
01-18 14:57:21.828 E/VoiceService(  929):   readLength  48   [85, -86, 65, 0, 32, 108, 106, 82, 10, 10, 10, 120, 120, 119, 13, 13, 10, 18, 10, 0, 0, 0, 0, 0, 0, 0, 3, 48, 8, 0, 0, 0, 0, 0, 0, 0, 0, 0, 0, 0, 0, 0, 0, 0, 0, 0, 0, 0]
01-18 14:57:21.828 E/TTTTTTTTTTTTTTTTTTTTTT MODE = (  929): 65    32
01-18 14:57:21.828 E/VoiceService(  929): 冷藏室门  关了
01-18 14:57:21.828 E/VoiceService(  929): 变温门   ================关了
01-18 14:57:21.828 E/VoiceService(  929): 冷冻门   ================关了
01-18 14:57:21.843 E/TAG     (  929): 写
01-18 14:57:21.843 E/VoiceService(  929): sendByte  [85, -86, 4, 0, 0, 0, 10, 10, 10, 0, 0, 0, 0, 0, 0, 0, 0, 0, 0, 0, 0, 0, 0, 33]
01-18 14:57:21.844 V/Uart-JNI(  929): write uart len 24, wBuf[0] = 0x55, wBuf[1] = 0xaa
01-18 14:57:22.149 D/GPIO    (  929): open gpio device gpioFd = 26
01-18 14:57:22.149 E/VoiceService(  929):   state  : 0
01-18 14:57:22.418 D/hwcomposer(  157): Skip 5 layer 
01-18 14:57:22.650 D/GPIO    (  929): open gpio device gpioFd = 26
01-18 14:57:22.650 E/VoiceService(  929):   state  : 0
01-18 14:57:22.826 E/TAG     (  929): 读
01-18 14:57:22.828 V/Uart-JNI(  929): read uart len 48, rBuf[0] = 0x55, rBuf[1] = 0xaa
01-18 14:57:22.828 E/VoiceService(  929):   readLength  48   [85, -86, 65, 0, 32, 108, 106, 82, 10, 10, 10, 120, 120, 119, 13, 12, 11, 18, 10, 0, 0, 0, 0, 0, 0, 0, 3, 48, 8, 0, 0, 0, 0, 0, 0, 0, 0, 0, 0, 0, 0, 0, 0, 0, 0, 0, 0, 0]
01-18 14:57:22.828 E/TTTTTTTTTTTTTTTTTTTTTT MODE = (  929): 65    32
01-18 14:57:22.828 E/VoiceService(  929): 冷藏室门  关了
01-18 14:57:22.828 E/VoiceService(  929): 变温门   ================关了
01-18 14:57:22.828 E/VoiceService(  929): 冷冻门   ================关了
01-18 14:57:22.844 E/TAG     (  929): 写
01-18 14:57:22.844 E/VoiceService(  929): sendByte  [85, -86, 4, 0, 0, 0, 10, 10, 10, 0, 0, 0, 0, 0, 0, 0, 0, 0, 0, 0, 0, 0, 0, 33]
01-18 14:57:22.845 V/Uart-JNI(  929): write uart len 24, wBuf[0] = 0x55, wBuf[1] = 0xaa
01-18 14:57:23.151 D/GPIO    (  929): open gpio device gpioFd = 26
01-18 14:57:23.151 E/VoiceService(  929):   state  : 0
01-18 14:57:23.652 D/GPIO    (  929): open gpio device gpioFd = 26
01-18 14:57:23.652 E/VoiceService(  929):   state  : 0
01-18 14:57:23.827 E/TAG     (  929): 读
01-18 14:57:23.828 V/Uart-JNI(  929): read uart len 48, rBuf[0] = 0x55, rBuf[1] = 0xaa
01-18 14:57:23.828 E/VoiceService(  929):   readLength  48   [85, -86, 65, 0, 32, 108, 106, 82, 10, 10, 10, 120, 120, 119, 13, 13, 10, 18, 10, 0, 0, 0, 0, 0, 0, 0, 3, 48, 8, 0, 0, 0, 0, 0, 0, 0, 0, 0, 0, 0, 0, 0, 0, 0, 0, 0, 0, 0]
01-18 14:57:23.828 E/TTTTTTTTTTTTTTTTTTTTTT MODE = (  929): 65    32
01-18 14:57:23.828 E/VoiceService(  929): 冷藏室门  关了
01-18 14:57:23.829 E/VoiceService(  929): 变温门   ================关了
01-18 14:57:23.829 E/VoiceService(  929): 冷冻门   ================关了
01-18 14:57:23.844 E/TAG     (  929): 写
01-18 14:57:23.845 E/VoiceService(  929): sendByte  [85, -86, 4, 0, 0, 0, 10, 10, 10, 0, 0, 0, 0, 0, 0, 0, 0, 0, 0, 0, 0, 0, 0, 33]
01-18 14:57:23.846 V/Uart-JNI(  929): write uart len 24, wBuf[0] = 0x55, wBuf[1] = 0xaa
01-18 14:57:24.152 D/GPIO    (  929): open gpio device gpioFd = 26
01-18 14:57:24.153 E/VoiceService(  929):   state  : 0
01-18 14:57:24.653 D/GPIO    (  929): open gpio device gpioFd = 26
01-18 14:57:24.654 E/VoiceService(  929):   state  : 0
01-18 14:57:24.828 E/TAG     (  929): 读
01-18 14:57:24.829 V/Uart-JNI(  929): read uart len 48, rBuf[0] = 0x55, rBuf[1] = 0xaa
01-18 14:57:24.829 E/VoiceService(  929):   readLength  48   [85, -86, 65, 0, 32, 108, 106, 82, 10, 10, 10, 120, 120, 119, 13, 13, 11, 18, 10, 0, 0, 0, 0, 0, 0, 0, 3, 48, 8, 0, 0, 0, 0, 0, 0, 0, 0, 0, 0, 0, 0, 0, 0, 0, 0, 0, 0, 0]
01-18 14:57:24.830 E/TTTTTTTTTTTTTTTTTTTTTT MODE = (  929): 65    32
01-18 14:57:24.830 E/VoiceService(  929): 冷藏室门  关了
01-18 14:57:24.830 E/VoiceService(  929): 变温门   ================关了
01-18 14:57:24.830 E/VoiceService(  929): 冷冻门   ================关了
01-18 14:57:24.846 E/TAG     (  929): 写
01-18 14:57:24.846 E/VoiceService(  929): sendByte  [85, -86, 4, 0, 0, 0, 10, 10, 10, 0, 0, 0, 0, 0, 0, 0, 0, 0, 0, 0, 0, 0, 0, 33]
01-18 14:57:24.847 V/Uart-JNI(  929): write uart len 24, wBuf[0] = 0x55, wBuf[1] = 0xaa
01-18 14:57:25.154 D/GPIO    (  929): open gpio device gpioFd = 26
01-18 14:57:25.154 E/VoiceService(  929):   state  : 0
01-18 14:57:25.434 D/hwcomposer(  157): Skip 5 layer 
01-18 14:57:25.654 D/GPIO    (  929): open gpio device gpioFd = 26
01-18 14:57:25.655 E/VoiceService(  929):   state  : 0
01-18 14:57:25.828 E/TAG     (  929): 读
01-18 14:57:25.829 V/Uart-JNI(  929): read uart len 48, rBuf[0] = 0x55, rBuf[1] = 0xaa
01-18 14:57:25.830 E/VoiceService(  929):   readLength  48   [85, -86, 65, 0, 32, 108, 106, 82, 10, 10, 10, 120, 120, 119, 13, 13, 11, 18, 10, 0, 0, 0, 0, 0, 0, 0, 3, 48, 8, 0, 0, 0, 0, 0, 0, 0, 0, 0, 0, 0, 0, 0, 0, 0, 0, 0, 0, 0]
01-18 14:57:25.830 E/TTTTTTTTTTTTTTTTTTTTTT MODE = (  929): 65    32
01-18 14:57:25.830 E/VoiceService(  929): 冷藏室门  关了
01-18 14:57:25.830 E/VoiceService(  929): 变温门   ================关了
01-18 14:57:25.830 E/VoiceService(  929): 冷冻门   ================关了
01-18 14:57:25.847 E/TAG     (  929): 写
01-18 14:57:25.847 E/VoiceService(  929): sendByte  [85, -86, 4, 0, 0, 0, 10, 10, 10, 0, 0, 0, 0, 0, 0, 0, 0, 0, 0, 0, 0, 0, 0, 33]
01-18 14:57:25.848 V/Uart-JNI(  929): write uart len 24, wBuf[0] = 0x55, wBuf[1] = 0xaa
01-18 14:57:26.156 D/GPIO    (  929): open gpio device gpioFd = 26
01-18 14:57:26.156 E/VoiceService(  929):   state  : 0
01-18 14:57:26.657 D/GPIO    (  929): open gpio device gpioFd = 26
01-18 14:57:26.657 E/VoiceService(  929):   state  : 0
01-18 14:57:26.829 E/TAG     (  929): 读
01-18 14:57:26.830 V/Uart-JNI(  929): read uart len 48, rBuf[0] = 0x55, rBuf[1] = 0xaa
01-18 14:57:26.830 E/VoiceService(  929):   readLength  48   [85, -86, 65, 0, 32, 108, 106, 82, 10, 10, 10, 120, 120, 119, 13, 13, 10, 18, 10, 0, 0, 0, 0, 0, 0, 0, 3, 48, 8, 0, 0, 0, 0, 0, 0, 0, 0, 0, 0, 0, 0, 0, 0, 0, 0, 0, 0, 0]
01-18 14:57:26.830 E/TTTTTTTTTTTTTTTTTTTTTT MODE = (  929): 65    32
01-18 14:57:26.830 E/VoiceService(  929): 冷藏室门  关了
01-18 14:57:26.830 E/VoiceService(  929): 变温门   ================关了
01-18 14:57:26.830 E/VoiceService(  929): 冷冻门   ================关了
01-18 14:57:26.847 E/TAG     (  929): 写
